Archive member included because of file (symbol)

C:/Freescale/CW MCU v10.4/MCU/ARM_GCC_Support/ewl/lib/armv6-m\libc.a(sscanf.o)
                              ./Sources/SDL/Terminal.o (sscanf)
C:/Freescale/CW MCU v10.4/MCU/ARM_GCC_Support/ewl/lib/armv6-m\libc.a(vsprintf.o)
                              ./Sources/SDL/Queue.o (vsprintf)
C:/Freescale/CW MCU v10.4/MCU/ARM_GCC_Support/ewl/lib/armv6-m\libc.a(vsscanf.o)
                              C:/Freescale/CW MCU v10.4/MCU/ARM_GCC_Support/ewl/lib/armv6-m\libc.a(sscanf.o) (vsscanf)
C:/Freescale/CW MCU v10.4/MCU/ARM_GCC_Support/ewl/lib/armv6-m\libc.a(exit.o)
                              ./Project_Settings/Startup_Code/__arm_start.o (exit)
C:/Freescale/CW MCU v10.4/MCU/ARM_GCC_Support/ewl/lib/armv6-m\libc.a(memset.o)
                              ./Project_Settings/Startup_Code/__arm_start.o (memset)
C:/Freescale/CW MCU v10.4/MCU/ARM_GCC_Support/ewl/lib/armv6-m\libc.a(strcmp.o)
                              ./Sources/SDL/Terminal.o (strcmp)
C:/Freescale/CW MCU v10.4/MCU/ARM_GCC_Support/ewl/lib/armv6-m\libc.a(strcpy.o)
                              ./Sources/SDL/Terminal.o (strcpy)
C:/Freescale/CW MCU v10.4/MCU/ARM_GCC_Support/ewl/lib/armv6-m\libc.a(strlen.o)
                              ./Sources/SDL/Queue.o (strlen)
C:/Freescale/CW MCU v10.4/MCU/ARM_GCC_Support/ewl/lib/armv6-m\libc.a(printformat_.o)
                              (__pformatter_)
C:/Freescale/CW MCU v10.4/MCU/ARM_GCC_Support/ewl/lib/armv6-m\libc.a(scanformat_.o)
                              (__sformatter)
C:/Freescale/CW MCU v10.4/MCU/ARM_GCC_Support/ewl/lib/armv6-m\libc.a(ctype_aeabi.o)
                              C:/Freescale/CW MCU v10.4/MCU/ARM_GCC_Support/ewl/lib/armv6-m\libc.a(scanformat_.o) (isspace)
C:/Freescale/CW MCU v10.4/MCU/ARM_GCC_Support/ewl/lib/armv6-m\libc.a(vsnprintf.o)
                              C:/Freescale/CW MCU v10.4/MCU/ARM_GCC_Support/ewl/lib/armv6-m\libc.a(vsprintf.o) (vsnprintf)
C:/Freescale/CW MCU v10.4/MCU/ARM_GCC_Support/ewl/lib/armv6-m\libc.a(__strtoul.o)
                              C:/Freescale/CW MCU v10.4/MCU/ARM_GCC_Support/ewl/lib/armv6-m\libc.a(scanformat_.o) (__strtoul)
C:/Freescale/CW MCU v10.4/MCU/ARM_GCC_Support/ewl/lib/armv6-m\libc.a(__filll_mem.o)
                              C:/Freescale/CW MCU v10.4/MCU/ARM_GCC_Support/ewl/lib/armv6-m\libc.a(memset.o) (__fill_mem)
C:/Freescale/CW MCU v10.4/MCU/ARM_GCC_Support/ewl/lib/armv6-m\libc.a(memchr.o)
                              C:/Freescale/CW MCU v10.4/MCU/ARM_GCC_Support/ewl/lib/armv6-m\libc.a(printformat_.o) (memchr)
C:/Freescale/CW MCU v10.4/MCU/ARM_GCC_Support/ewl/lib/armv6-m\libc.a(memcpy.o)
                              C:/Freescale/CW MCU v10.4/MCU/ARM_GCC_Support/ewl/lib/armv6-m\libc.a(scanformat_.o) (memcpy)
C:/Freescale/CW MCU v10.4/MCU/ARM_GCC_Support/ewl/lib/armv6-m\libc.a(strchr.o)
                              C:/Freescale/CW MCU v10.4/MCU/ARM_GCC_Support/ewl/lib/armv6-m\libc.a(printformat_.o) (strchr)
c:/freescale/cw mcu v10.4/cross_tools/arm-none-eabi-gcc-4_7_3/bin/../lib/gcc/arm-none-eabi/4.7.3/armv6-m\libgcc.a(_thumb1_case_sqi.o)
                              C:/Freescale/CW MCU v10.4/MCU/ARM_GCC_Support/ewl/lib/armv6-m\libc.a(__strtoul.o) (__gnu_thumb1_case_sqi)
c:/freescale/cw mcu v10.4/cross_tools/arm-none-eabi-gcc-4_7_3/bin/../lib/gcc/arm-none-eabi/4.7.3/armv6-m\libgcc.a(_thumb1_case_uqi.o)
                              C:/Freescale/CW MCU v10.4/MCU/ARM_GCC_Support/ewl/lib/armv6-m\libc.a(scanformat_.o) (__gnu_thumb1_case_uqi)
c:/freescale/cw mcu v10.4/cross_tools/arm-none-eabi-gcc-4_7_3/bin/../lib/gcc/arm-none-eabi/4.7.3/armv6-m\libgcc.a(_udivsi3.o)
                              ./Sources/SDL/UART.o (__aeabi_uidiv)
c:/freescale/cw mcu v10.4/cross_tools/arm-none-eabi-gcc-4_7_3/bin/../lib/gcc/arm-none-eabi/4.7.3/armv6-m\libgcc.a(_divsi3.o)
                              ./Sources/APP/Tasks.o (__aeabi_idiv)
c:/freescale/cw mcu v10.4/cross_tools/arm-none-eabi-gcc-4_7_3/bin/../lib/gcc/arm-none-eabi/4.7.3/armv6-m\libgcc.a(_dvmd_tls.o)
                              c:/freescale/cw mcu v10.4/cross_tools/arm-none-eabi-gcc-4_7_3/bin/../lib/gcc/arm-none-eabi/4.7.3/armv6-m\libgcc.a(_udivsi3.o) (__aeabi_idiv0)
c:/freescale/cw mcu v10.4/cross_tools/arm-none-eabi-gcc-4_7_3/bin/../lib/gcc/arm-none-eabi/4.7.3/armv6-m\libgcc.a(_arm_cmpsf2.o)
                              ./Sources/SDL/Servo.o (__aeabi_fcmpeq)
c:/freescale/cw mcu v10.4/cross_tools/arm-none-eabi-gcc-4_7_3/bin/../lib/gcc/arm-none-eabi/4.7.3/armv6-m\libgcc.a(_fixunssfsi.o)
                              ./Sources/SDL/Servo.o (__aeabi_f2uiz)
c:/freescale/cw mcu v10.4/cross_tools/arm-none-eabi-gcc-4_7_3/bin/../lib/gcc/arm-none-eabi/4.7.3/armv6-m\libgcc.a(divsf3.o)
                              ./Sources/SDL/Terminal.o (__aeabi_fdiv)
c:/freescale/cw mcu v10.4/cross_tools/arm-none-eabi-gcc-4_7_3/bin/../lib/gcc/arm-none-eabi/4.7.3/armv6-m\libgcc.a(eqsf2.o)
[...]
Memory Configuration

Name             Origin             Length             Attributes
m_interrupts     0x00000000         0x000000c0         xr
m_cfmprotrom     0x00000400         0x00000010         xr
m_text           0x00000800         0x0001f800         xr
m_data           0x1ffff000         0x00004000         xrw
*default*        0x00000000         0xffffffff

Linker script and memory map

LOAD ./Project_Settings/Startup_Code/kinetis_sysinit.o
LOAD ./Project_Settings/Startup_Code/__arm_start.o
LOAD ./Project_Settings/Startup_Code/__arm_end.o
LOAD ./Sources/APP/Tasks.o
LOAD ./Sources/APP/Coeficientes.o
LOAD ./Sources/SDL/UART.o
LOAD ./Sources/SDL/Terminal.o
LOAD ./Sources/SDL/Servo.o
LOAD ./Sources/SDL/Queue.o
LOAD ./Sources/SDL/Potentiometer.o
LOAD ./Sources/SDL/Motor.o
LOAD ./Sources/SDL/MMA8451.o
LOAD ./Sources/SDL/LineScanCamera.o
LOAD ./Sources/SDL/Led_RGB.o
LOAD ./Sources/SDL/I2C.o
LOAD ./Sources/SDL/BoardSupport.o
LOAD ./Sources/SDL/ADC.o
LOAD ./Sources/Scheduler/Core/Core_Tick_ISR.o
LOAD ./Sources/Scheduler/Core/Core_Config.o
LOAD ./Sources/Scheduler/Core/Core.o
LOAD ./Sources/Scheduler/PeriodicTasks/Periodic_Tasks_Init.o
LOAD ./Sources/Scheduler/PeriodicTasks/Periodic_Tasks.o
LOAD ./Sources/mcl/arm_cm0.o
LOAD ./Sources/mcl/CrystalClock.o
LOAD ./Sources/mcl/ARM_SysTick.o
LOAD ./Sources/sa_mtb.o
LOAD ./Sources/main.o
LOAD ./Sources/TFC.o
                0x00006990                __pformatter = __pformatter_
                [0x00006db8]                __sformatter = __sformatter
START GROUP
LOAD C:/Freescale/CW MCU v10.4/MCU/ARM_GCC_Support/ewl/lib/armv6-m\libc.a
LOAD C:/Freescale/CW MCU v10.4/MCU/ARM_GCC_Support/ewl/lib/armv6-m\libm.a
LOAD c:/freescale/cw mcu v10.4/cross_tools/arm-none-eabi-gcc-4_7_3/bin/../lib/gcc/arm-none-eabi/4.7.3/armv6-m\libgcc.a
LOAD C:/Freescale/CW MCU v10.4/MCU/ARM_GCC_Support/ewl/lib/armv6-m\librt.a
LOAD C:/Freescale/CW MCU v10.4/MCU/ARM_GCC_Support/ewl/lib/armv6-m\libuart.a
END GROUP
                0x20003000                _estack = 0x20003000
                0x20003000                __SP_INIT = _estack
                0x00000400                __heap_size = 0x400
                0x00000400                __stack_size = 0x400

.interrupts     0x00000000       0xc0
                0x00000000                __vector_table = .
                0x00000000                . = ALIGN (0x4)
 *(.vectortable)
 .vectortable   0x00000000       0xc0 ./Project_Settings/Startup_Code/kinetis_sysinit.o
                0x00000000                InterruptVector
                0x000000c0                . = ALIGN (0x4)

.cfmprotect     0x00000400        0x0
                0x00000400                . = ALIGN (0x4)
 *(.cfmconfig)
                0x00000400                . = ALIGN (0x4)

.text           0x00000800     0x76d0
                0x00000800                . = ALIGN (0x4)
 *(.text)
 .text          0x00000800       0x14 c:/freescale/cw mcu v10.4/cross_tools/arm-none-eabi-gcc-4_7_3/bin/../lib/gcc/arm-none-eabi/4.7.3/armv6-m\libgcc.a(_thumb1_case_sqi.o)
                0x00000800                __gnu_thumb1_case_sqi
 .text          0x00000814       0x14 c:/freescale/cw mcu v10.4/cross_tools/arm-none-eabi-gcc-4_7_3/bin/../lib/gcc/arm-none-eabi/4.7.3/armv6-m\libgcc.a(_thumb1_case_uqi.o)
                0x00000814                __gnu_thumb1_case_uqi
 .text          0x00000828       0x9c c:/freescale/cw mcu v10.4/cross_tools/arm-none-eabi-gcc-4_7_3/bin/../lib/gcc/arm-none-eabi/4.7.3/armv6-m\libgcc.a(_udivsi3.o)
                0x00000828                __aeabi_uidiv
                0x00000828                __udivsi3
                0x000008b0                __aeabi_uidivmod
 .text          0x000008c4       0xc0 c:/freescale/cw mcu v10.4/cross_tools/arm-none-eabi-gcc-4_7_3/bin/../lib/gcc/arm-none-eabi/4.7.3/armv6-m\libgcc.a(_divsi3.o)
                0x000008c4                __divsi3
                0x000008c4                __aeabi_idiv
                0x00000970                __aeabi_idivmod
 .text          0x00000984        0x4 c:/freescale/cw mcu v10.4/cross_tools/arm-none-eabi-gcc-4_7_3/bin/../lib/gcc/arm-none-eabi/4.7.3/armv6-m\libgcc.a(_dvmd_tls.o)
                0x00000984                __aeabi_idiv0
                0x00000984                __aeabi_ldiv0
 .text          0x00000988       0x74 c:/freescale/cw mcu v10.4/cross_tools/arm-none-eabi-gcc-4_7_3/bin/../lib/gcc/arm-none-eabi/4.7.3/armv6-m\libgcc.a(_arm_cmpsf2.o)
                0x00000988                __aeabi_cfrcmple
                0x00000990                __aeabi_cfcmpeq
                0x00000990                __aeabi_cfcmple
                0x000009a0                __aeabi_fcmpeq
                0x000009ac                __aeabi_fcmplt
                0x000009c0                __aeabi_fcmple
                0x000009d4                __aeabi_fcmpgt
                0x000009e8                __aeabi_fcmpge
 .text          0x000009fc       0x30 c:/freescale/cw mcu v10.4/cross_tools/arm-none-eabi-gcc-4_7_3/bin/../lib/gcc/arm-none-eabi/4.7.3/armv6-m\libgcc.a(_fixunssfsi.o)
                0x000009fc                __fixunssfsi
                0x000009fc                __aeabi_f2uiz
 .text          0x00000a2c      0x274 c:/freescale/cw mcu v10.4/cross_tools/arm-none-eabi-gcc-4_7_3/bin/../lib/gcc/arm-none-eabi/4.7.3/armv6-m\libgcc.a(divsf3.o)
                0x00000a2c                __aeabi_fdiv
 .text          0x00000ca0       0x50 c:/freescale/cw mcu v10.4/cross_tools/arm-none-eabi-gcc-4_7_3/bin/../lib/gcc/arm-none-eabi/4.7.3/armv6-m\libgcc.a(eqsf2.o)
                0x00000ca0                __eqsf2
                0x00000ca0                __nesf2
 .text          0x00000cf0       0x90 c:/freescale/cw mcu v10.4/cross_tools/arm-none-eabi-gcc-4_7_3/bin/../lib/gcc/arm-none-eabi/4.7.3/armv6-m\libgcc.a(gesf2.o)
                0x00000cf0                __gesf2
                0x00000cf0                __gtsf2
 .text          0x00000d80       0x90 c:/freescale/cw mcu v10.4/cross_tools/arm-none-eabi-gcc-4_7_3/bin/../lib/gcc/arm-none-eabi/4.7.3/armv6-m\libgcc.a(lesf2.o)
                0x00000d80                __ltsf2
                0x00000d80                __lesf2
 .text          0x00000e10      0x260 c:/freescale/cw mcu v10.4/cross_tools/arm-none-eabi-gcc-4_7_3/bin/../lib/gcc/arm-none-eabi/4.7.3/armv6-m\libgcc.a(mulsf3.o)
                0x00000e10                __aeabi_fmul
 .text          0x00001070      0x3ac c:/freescale/cw mcu v10.4/cross_tools/arm-none-eabi-gcc-4_7_3/bin/../lib/gcc/arm-none-eabi/4.7.3/armv6-m\libgcc.a(subsf3.o)
                0x00001070                __aeabi_fsub
 .text          0x0000141c       0x40 c:/freescale/cw mcu v10.4/cross_tools/arm-none-eabi-gcc-4_7_3/bin/../lib/gcc/arm-none-eabi/4.7.3/armv6-m\libgcc.a(fixsfsi.o)
                0x0000141c                __aeabi_f2iz
 .text          0x0000145c       0xa8 c:/freescale/cw mcu v10.4/cross_tools/arm-none-eabi-gcc-4_7_3/bin/../lib/gcc/arm-none-eabi/4.7.3/armv6-m\libgcc.a(floatsisf.o)
                0x0000145c                __aeabi_i2f
 .text          0x00001504       0xa8 c:/freescale/cw mcu v10.4/cross_tools/arm-none-eabi-gcc-4_7_3/bin/../lib/gcc/arm-none-eabi/4.7.3/armv6-m\libgcc.a(floatunsisf.o)
                0x00001504                __aeabi_ui2f
 .text          0x000015ac      0x758 c:/freescale/cw mcu v10.4/cross_tools/arm-none-eabi-gcc-4_7_3/bin/../lib/gcc/arm-none-eabi/4.7.3/armv6-m\libgcc.a(adddf3.o)
                0x000015ac                __aeabi_dadd
 .text          0x00001d04      0x5b8 c:/freescale/cw mcu v10.4/cross_tools/arm-none-eabi-gcc-4_7_3/bin/../lib/gcc/arm-none-eabi/4.7.3/armv6-m\libgcc.a(divdf3.o)
                0x00001d04                __aeabi_ddiv
 .text          0x000022bc      0x4e4 c:/freescale/cw mcu v10.4/cross_tools/arm-none-eabi-gcc-4_7_3/bin/../lib/gcc/arm-none-eabi/4.7.3/armv6-m\libgcc.a(muldf3.o)
                0x000022bc                __aeabi_dmul
 .text          0x000027a0      0x6f8 c:/freescale/cw mcu v10.4/cross_tools/arm-none-eabi-gcc-4_7_3/bin/../lib/gcc/arm-none-eabi/4.7.3/armv6-m\libgcc.a(subdf3.o)
                0x000027a0                __aeabi_dsub
 .text          0x00002e98       0x68 c:/freescale/cw mcu v10.4/cross_tools/arm-none-eabi-gcc-4_7_3/bin/../lib/gcc/arm-none-eabi/4.7.3/armv6-m\libgcc.a(fixdfsi.o)
                0x00002e98                __aeabi_d2iz
 .text          0x00002f00       0x74 c:/freescale/cw mcu v10.4/cross_tools/arm-none-eabi-gcc-4_7_3/bin/../lib/gcc/arm-none-eabi/4.7.3/armv6-m\libgcc.a(floatsidf.o)
                0x00002f00                __aeabi_i2d
 .text          0x00002f74       0x64 c:/freescale/cw mcu v10.4/cross_tools/arm-none-eabi-gcc-4_7_3/bin/../lib/gcc/arm-none-eabi/4.7.3/armv6-m\libgcc.a(floatunsidf.o)
                0x00002f74                __aeabi_ui2d
 .text          0x00002fd8       0xa8 c:/freescale/cw mcu v10.4/cross_tools/arm-none-eabi-gcc-4_7_3/bin/../lib/gcc/arm-none-eabi/4.7.3/armv6-m\libgcc.a(extendsfdf2.o)
                0x00002fd8                __aeabi_f2d
 .text          0x00003080      0x134 c:/freescale/cw mcu v10.4/cross_tools/arm-none-eabi-gcc-4_7_3/bin/../lib/gcc/arm-none-eabi/4.7.3/armv6-m\libgcc.a(truncdfsf2.o)
                0x00003080                __aeabi_d2f
 .text          0x000031b4       0x3c c:/freescale/cw mcu v10.4/cross_tools/arm-none-eabi-gcc-4_7_3/bin/../lib/gcc/arm-none-eabi/4.7.3/armv6-m\libgcc.a(_clzsi2.o)
                0x000031b4                __clzsi2
 *(.text*)
 .text.Default_Handler
                0x000031f0        0xc ./Project_Settings/Startup_Code/kinetis_sysinit.o
                0x000031f0                RTC_Alarm_IRQHandler
                0x000031f0                I2C0_IRQHandler
                0x000031f0                HardFault_Handler
                0x000031f0                PendSV_Handler
                0x000031f0                NMI_Handler
                0x000031f0                I2C1_IRQHandler
                0x000031f0                UART1_IRQHandler
                0x000031f0                DMA2_IRQHandler
                0x000031f0                TSI0_IRQHandler
                0x000031f0                SPI1_IRQHandler
                0x000031f0                PORTD_IRQHandler
                0x000031f0                LPTimer_IRQHandler
                0x000031f0                RTC_Seconds_IRQHandler
                0x000031f0                MCG_IRQHandler
                0x000031f0                UART2_IRQHandler
                0x000031f0                Default_Handler
                0x000031f0                LLW_IRQHandler
                0x000031f0                SVC_Handler
                0x000031f0                USBOTG_IRQHandler
                0x000031f0                DMA3_IRQHandler
                0x000031f0                DMA0_IRQHandler
                0x000031f0                DAC0_IRQHandler
                0x000031f0                PMC_IRQHandler
                0x000031f0                SPI0_IRQHandler
                0x000031f0                FTM0_IRQHandler
                0x000031f0                PORTA_IRQHandler
                0x000031f0                MCM_IRQHandler
                0x000031f0                FTFL_IRQHandler
                0x000031f0                FTM2_IRQHandler
                0x000031f0                CMP0_IRQHandler
                0x000031f0                DMA1_IRQHandler
 .text.__init_hardware
                0x000031fc       0x2c ./Project_Settings/Startup_Code/kinetis_sysinit.o
                0x000031fc                __init_hardware
 .text.zero_fill_bss
                0x00003228       0x24 ./Project_Settings/Startup_Code/__arm_start.o
 .text.__thumb_startup
                0x0000324c       0x30 ./Project_Settings/Startup_Code/__arm_start.o
                0x0000324c                __thumb_startup
 .text._ExitProcess
                0x0000327c        0xc ./Project_Settings/Startup_Code/__arm_end.o
                0x0000327c                _ExitProcess
 .text.CapturarLineaBase
                0x00003288      0x154 ./Sources/APP/Tasks.o
                0x00003288                CapturarLineaBase
 .text.DetectarLinea
                0x000033dc      0x11c ./Sources/APP/Tasks.o
                0x000033dc                DetectarLinea
 .text.HayDepresion
                0x000034f8      0x268 ./Sources/APP/Tasks.o
                0x000034f8                HayDepresion
 .text.ControlDifuso
                0x00003760      0x1a0 ./Sources/APP/Tasks.o
                0x00003760                ControlDifuso
 .text.SinControl
                0x00003900      0x138 ./Sources/APP/Tasks.o
                0x00003900                SinControl
 .text.VoltajeBateria
                0x00003a38       0x68 ./Sources/APP/Tasks.o
                0x00003a38                VoltajeBateria
 .text.GraficarLabVIEW
                0x00003aa0      0x1f8 ./Sources/APP/Tasks.o
                0x00003aa0                GraficarLabVIEW
 .text.TFC_InitUARTs
                0x00003c98       0xd0 ./Sources/SDL/UART.o
                0x00003c98                TFC_InitUARTs
 .text.TFC_UART_Process
                0x00003d68       0x40 ./Sources/SDL/UART.o
                0x00003d68                TFC_UART_Process
 .text.UART0_IRQHandler
                0x00003da8       0x78 ./Sources/SDL/UART.o
                0x00003da8                UART0_IRQHandler
 .text.uart0_init
                0x00003e20      0x22c ./Sources/SDL/UART.o
                0x00003e20                uart0_init
 .text.TerminalBootMsg
                0x0000404c       0x5c ./Sources/SDL/Terminal.o
                0x0000404c                TerminalBootMsg
 .text.TFC_InitTerminal
                0x000040a8       0x20 ./Sources/SDL/Terminal.o
                0x000040a8                TFC_InitTerminal
 .text.TerminalCmd_Help
                0x000040c8       0xa4 ./Sources/SDL/Terminal.o
                0x000040c8                TerminalCmd_Help
 .text.TerminalCmd_E
                0x0000416c       0x30 ./Sources/SDL/Terminal.o
                0x0000416c                TerminalCmd_E
 .text.TerminalCmd_D
                0x0000419c       0x3c ./Sources/SDL/Terminal.o
                0x0000419c                TerminalCmd_D
 .text.TerminalCmd_GetLineScan
                0x000041d8      0x114 ./Sources/SDL/Terminal.o
                0x000041d8                TerminalCmd_GetLineScan
 .text.TerminalCmd_S
                0x000042ec       0xac ./Sources/SDL/Terminal.o
                0x000042ec                TerminalCmd_S
 .text.TerminalCmd_H
                0x00004398       0xa8 ./Sources/SDL/Terminal.o
                0x00004398                TerminalCmd_H
 .text.TFC_ProcessTerminal
                0x00004440      0x2c0 ./Sources/SDL/Terminal.o
                0x00004440                TFC_ProcessTerminal
 .text.TFC_SetServo
                0x00004700      0x1e0 ./Sources/SDL/Servo.o
                0x00004700                TFC_SetServo
 .text.TFC_SetServoDutyCycle
                0x000048e0       0x68 ./Sources/SDL/Servo.o
                0x000048e0                TFC_SetServoDutyCycle
 .text.FTM1_IRQHandler
                0x00004948       0x40 ./Sources/SDL/Servo.o
                0x00004948                FTM1_IRQHandler
 .text.TFC_InitServos
                0x00004988       0xd4 ./Sources/SDL/Servo.o
                0x00004988                TFC_InitServos
 .text.InitByteQueue
                0x00004a5c       0x6c ./Sources/SDL/Queue.o
                0x00004a5c                InitByteQueue
 .text.BytesInQueue
                0x00004ac8       0x50 ./Sources/SDL/Queue.o
                0x00004ac8                BytesInQueue
 .text.ByteEnqueue
                0x00004b18       0x64 ./Sources/SDL/Queue.o
                0x00004b18                ByteEnqueue
 .text.ByteArrayEnqueue
                0x00004b7c       0x58 ./Sources/SDL/Queue.o
                0x00004b7c                ByteArrayEnqueue
 .text.Qprintf  0x00004bd4       0x50 ./Sources/SDL/Queue.o
                0x00004bd4                Qprintf
 .text.ByteDequeue
                0x00004c24       0x5c ./Sources/SDL/Queue.o
                0x00004c24                ByteDequeue
 .text.ForcedByteDequeue
                0x00004c80       0x58 ./Sources/SDL/Queue.o
                0x00004c80                ForcedByteDequeue
 .text.TFC_ReadPot0
                0x00004cd8       0x70 ./Sources/SDL/Potentiometer.o
                0x00004cd8                TFC_ReadPot0
 .text.TFC_ReadPot1
                0x00004d48       0x34 ./Sources/SDL/Potentiometer.o
                0x00004d48                TFC_ReadPot1
 .text.TFC_InitMotorPWM
                0x00004d7c       0xd4 ./Sources/SDL/Motor.o
                0x00004d7c                TFC_InitMotorPWM
 .text.TFC_SetMotorPWM
                0x00004e50      0x140 ./Sources/SDL/Motor.o
                0x00004e50                TFC_SetMotorPWM
 .text.TFC_Accel_Init
                0x00004f90       0x30 ./Sources/SDL/MMA8451.o
                0x00004f90                TFC_Accel_Init
 .text.hal_dev_mma8451_init
                0x00004fc0       0x14 ./Sources/SDL/MMA8451.o
                0x00004fc0                hal_dev_mma8451_init
 .text.pause    0x00004fd4       0x20 ./Sources/SDL/MMA8451.o
 .text.hal_dev_mma8451_read_reg
                0x00004ff4       0xc4 ./Sources/SDL/MMA8451.o
                0x00004ff4                hal_dev_mma8451_read_reg
 .text.hal_dev_mma8451_write_reg
                0x000050b8       0x88 ./Sources/SDL/MMA8451.o
                0x000050b8                hal_dev_mma8451_write_reg
 .text.TFC_InitLineScanCamera
                0x00005140       0xc8 ./Sources/SDL/LineScanCamera.o
                0x00005140                TFC_InitLineScanCamera
 .text.TFC_SetLineScanExposureTime
                0x00005208       0x70 ./Sources/SDL/LineScanCamera.o
                0x00005208                TFC_SetLineScanExposureTime
 .text.TFC_RGB_Init
                0x00005278       0xa0 ./Sources/SDL/Led_RGB.o
                0x00005278                TFC_RGB_Init
 .text.i2c_set_tx_mode
                0x00005318       0x20 ./Sources/SDL/I2C.o
                0x00005318                i2c_set_tx_mode
 .text.i2c_set_rx_mode
                0x00005338       0x20 ./Sources/SDL/I2C.o
                0x00005338                i2c_set_rx_mode
 .text.i2c_set_slave_mode
                0x00005358       0x20 ./Sources/SDL/I2C.o
                0x00005358                i2c_set_slave_mode
 .text.i2c_set_master_mode
                0x00005378       0x20 ./Sources/SDL/I2C.o
                0x00005378                i2c_set_master_mode
 .text.i2c_give_nack
                0x00005398       0x20 ./Sources/SDL/I2C.o
                0x00005398                i2c_give_nack
 .text.i2c_repeated_start
                0x000053b8       0x20 ./Sources/SDL/I2C.o
                0x000053b8                i2c_repeated_start
 .text.i2c_write_byte
                0x000053d8       0x1c ./Sources/SDL/I2C.o
                0x000053d8                i2c_write_byte
 .text.i2c_read_byte
                0x000053f4       0x18 ./Sources/SDL/I2C.o
                0x000053f4                i2c_read_byte
 .text.i2c_start
                0x0000540c       0x20 ./Sources/SDL/I2C.o
                0x0000540c                i2c_start
 .text.i2c_stop
                0x0000542c       0x20 ./Sources/SDL/I2C.o
                0x0000542c                i2c_stop
 .text.i2c_wait
                0x0000544c       0x30 ./Sources/SDL/I2C.o
                0x0000544c                i2c_wait
 .text.i2c_get_ack
                0x0000547c       0x24 ./Sources/SDL/I2C.o
                0x0000547c                i2c_get_ack
 .text.hal_i2c0_init
                0x000054a0       0x5c ./Sources/SDL/I2C.o
                0x000054a0                hal_i2c0_init
 .text.TFC_InitGPIO
                0x000054fc      0x104 ./Sources/SDL/BoardSupport.o
                0x000054fc                TFC_InitGPIO
 .text.TFC_SetBatteryLED_Level
                0x00005600       0xf4 ./Sources/SDL/BoardSupport.o
                0x00005600                TFC_SetBatteryLED_Level
 .text.EstadoLed
                0x000056f4       0x44 ./Sources/SDL/BoardSupport.o
                0x000056f4                EstadoLed
 .text.TFC_GetDIP_Switch
                0x00005738       0x2c ./Sources/SDL/BoardSupport.o
                0x00005738                TFC_GetDIP_Switch
 .text.ADC_Cal  0x00005764      0x1b4 ./Sources/SDL/ADC.o
                0x00005764                ADC_Cal
 .text.ADC_Config_Alt
                0x00005918       0x60 ./Sources/SDL/ADC.o
                0x00005918                ADC_Config_Alt
 .text.InitADC0
                0x00005978       0x90 ./Sources/SDL/ADC.o
                0x00005978                InitADC0
 .text.TFC_InitADCs
                0x00005a08       0x70 ./Sources/SDL/ADC.o
                0x00005a08                TFC_InitADCs
 .text.PIT_IRQHandler
                0x00005a78       0x40 ./Sources/SDL/ADC.o
                0x00005a78                PIT_IRQHandler
 .text.ADC0_IRQHandler
                0x00005ab8      0x228 ./Sources/SDL/ADC.o
                0x00005ab8                ADC0_IRQHandler
 .text.gsc_sch_core_tick_isr
                0x00005ce0       0x14 ./Sources/Scheduler/Core/Core_Tick_ISR.o
                0x00005ce0                gsc_sch_core_tick_isr
 .text.gsc_sch_core_Init
                0x00005cf4       0x60 ./Sources/Scheduler/Core/Core.o
                0x00005cf4                gsc_sch_core_Init
 .text.gsc_sch_core_exec
                0x00005d54      0x110 ./Sources/Scheduler/Core/Core.o
                0x00005d54                gsc_sch_core_exec
 .text.periodic_tasks_init_MclDrvs
                0x00005e64        0x8 ./Sources/Scheduler/PeriodicTasks/Periodic_Tasks_Init.o
                0x00005e64                periodic_tasks_init_MclDrvs
 .text.periodic_tasks_init_SysDrvs
                0x00005e6c        0x8 ./Sources/Scheduler/PeriodicTasks/Periodic_Tasks_Init.o
                0x00005e6c                periodic_tasks_init_SysDrvs
 .text.periodic_tasks_init_task_5tks
                0x00005e74        0x8 ./Sources/Scheduler/PeriodicTasks/Periodic_Tasks_Init.o
                0x00005e74                periodic_tasks_init_task_5tks
 .text.periodic_tasks_init_task_10tks
                0x00005e7c        0x8 ./Sources/Scheduler/PeriodicTasks/Periodic_Tasks_Init.o
                0x00005e7c                periodic_tasks_init_task_10tks
 .text.periodic_tasks_init_task_20tks
                0x00005e84        0x8 ./Sources/Scheduler/PeriodicTasks/Periodic_Tasks_Init.o
                0x00005e84                periodic_tasks_init_task_20tks
 .text.periodic_tasks_init_task_50tks
                0x00005e8c        0x8 ./Sources/Scheduler/PeriodicTasks/Periodic_Tasks_Init.o
                0x00005e8c                periodic_tasks_init_task_50tks
 .text.periodic_tasks_init_task_100tks
                0x00005e94        0x8 ./Sources/Scheduler/PeriodicTasks/Periodic_Tasks_Init.o
                0x00005e94                periodic_tasks_init_task_100tks
 .text.periodic_tasks_init_task_500tks
                0x00005e9c        0x8 ./Sources/Scheduler/PeriodicTasks/Periodic_Tasks_Init.o
                0x00005e9c                periodic_tasks_init_task_500tks
 .text.periodic_tasks_init_task_1Mtks
                0x00005ea4        0x8 ./Sources/Scheduler/PeriodicTasks/Periodic_Tasks_Init.o
                0x00005ea4                periodic_tasks_init_task_1Mtks
 .text.periodic_tasks_exec_5tks
                0x00005eac        0x8 ./Sources/Scheduler/PeriodicTasks/Periodic_Tasks.o
                0x00005eac                periodic_tasks_exec_5tks
 .text.periodic_tasks_exec_10tks
                0x00005eb4        0x8 ./Sources/Scheduler/PeriodicTasks/Periodic_Tasks.o
                0x00005eb4                periodic_tasks_exec_10tks
 .text.periodic_tasks_exec_20tks
                0x00005ebc       0x90 ./Sources/Scheduler/PeriodicTasks/Periodic_Tasks.o
                0x00005ebc                periodic_tasks_exec_20tks
 .text.periodic_tasks_exec_50tks
                0x00005f4c        0xc ./Sources/Scheduler/PeriodicTasks/Periodic_Tasks.o
                0x00005f4c                periodic_tasks_exec_50tks
 .text.periodic_tasks_exec_100tks
                0x00005f58       0x70 ./Sources/Scheduler/PeriodicTasks/Periodic_Tasks.o
                0x00005f58                periodic_tasks_exec_100tks
 .text.periodic_tasks_exec_500tks
                0x00005fc8       0x14 ./Sources/Scheduler/PeriodicTasks/Periodic_Tasks.o
                0x00005fc8                periodic_tasks_exec_500tks
 .text.periodic_tasks_exec_1Mtks
                0x00005fdc       0x18 ./Sources/Scheduler/PeriodicTasks/Periodic_Tasks.o
                0x00005fdc                periodic_tasks_exec_1Mtks
 .text.enable_irq
                0x00005ff4       0x6c ./Sources/mcl/arm_cm0.o
                0x00005ff4                enable_irq
 .text.disable_irq
                0x00006060       0x40 ./Sources/mcl/arm_cm0.o
                0x00006060                disable_irq
 .text.InitClock
                0x000060a0       0x24 ./Sources/mcl/CrystalClock.o
                0x000060a0                InitClock
 .text.pll_init
                0x000060c4      0x548 ./Sources/mcl/CrystalClock.o
                0x000060c4                pll_init
 .text.InitSysTick
                0x0000660c       0x1c ./Sources/mcl/ARM_SysTick.o
                0x0000660c                InitSysTick
 .text.main     0x00006628       0x20 ./Sources/main.o
                0x00006628                main
 .text.WatchDog_cfg
                0x00006648       0x1c ./Sources/main.o
                0x00006648                WatchDog_cfg
 .text.SysTick_Handler
                0x00006664       0x1c ./Sources/main.o
                0x00006664                SysTick_Handler
 .text.TFC_Init
                0x00006680       0x4c ./Sources/TFC.o
                0x00006680                TFC_Init
 .text.TFC_Task
                0x000066cc       0x10 ./Sources/TFC.o
                0x000066cc                TFC_Task
 .text.sscanf   0x000066dc       0x18 C:/Freescale/CW MCU v10.4/MCU/ARM_GCC_Support/ewl/lib/armv6-m\libc.a(sscanf.o)
                0x000066dc                sscanf
 .text.vsprintf
                0x000066f4       0x12 C:/Freescale/CW MCU v10.4/MCU/ARM_GCC_Support/ewl/lib/armv6-m\libc.a(vsprintf.o)
                0x000066f4                vsprintf
 .text.__StringRead
                0x00006706       0x3c C:/Freescale/CW MCU v10.4/MCU/ARM_GCC_Support/ewl/lib/armv6-m\libc.a(vsscanf.o)
                0x00006706                __StringRead
 *fill*         0x00006742        0x2 00
 .text.vsscanf  0x00006744       0x30 C:/Freescale/CW MCU v10.4/MCU/ARM_GCC_Support/ewl/lib/armv6-m\libc.a(vsscanf.o)
                0x00006744                vsscanf
 .text.exit     0x00006774       0x38 C:/Freescale/CW MCU v10.4/MCU/ARM_GCC_Support/ewl/lib/armv6-m\libc.a(exit.o)
                0x00006774                exit
 .text.memset   0x000067ac        0xc C:/Freescale/CW MCU v10.4/MCU/ARM_GCC_Support/ewl/lib/armv6-m\libc.a(memset.o)
                0x000067ac                memset
 .text.strcmp   0x000067b8       0x1c C:/Freescale/CW MCU v10.4/MCU/ARM_GCC_Support/ewl/lib/armv6-m\libc.a(strcmp.o)
                0x000067b8                strcmp
 .text.strcpy   0x000067d4       0x10 C:/Freescale/CW MCU v10.4/MCU/ARM_GCC_Support/ewl/lib/armv6-m\libc.a(strcpy.o)
                0x000067d4                strcpy
 .text.strlen   0x000067e4       0x10 C:/Freescale/CW MCU v10.4/MCU/ARM_GCC_Support/ewl/lib/armv6-m\libc.a(strlen.o)
                0x000067e4                strlen
 .text.long2str.isra.0
                0x000067f4      0x19c C:/Freescale/CW MCU v10.4/MCU/ARM_GCC_Support/ewl/lib/armv6-m\libc.a(printformat_.o)
 .text.__pformatter_
                0x00006990      0x428 C:/Freescale/CW MCU v10.4/MCU/ARM_GCC_Support/ewl/lib/armv6-m\libc.a(printformat_.o)
                0x00006990                __pformatter_
 .text.__sformatter
                0x00006db8      0x698 C:/Freescale/CW MCU v10.4/MCU/ARM_GCC_Support/ewl/lib/armv6-m\libc.a(scanformat_.o)
                0x00006db8                __sformatter
 .text.isalpha  0x00007450       0x20 C:/Freescale/CW MCU v10.4/MCU/ARM_GCC_Support/ewl/lib/armv6-m\libc.a(ctype_aeabi.o)
                0x00007450                isalpha
 .text.isspace  0x00007470       0x20 C:/Freescale/CW MCU v10.4/MCU/ARM_GCC_Support/ewl/lib/armv6-m\libc.a(ctype_aeabi.o)
                0x00007470                isspace
 .text.toupper  0x00007490        0xe C:/Freescale/CW MCU v10.4/MCU/ARM_GCC_Support/ewl/lib/armv6-m\libc.a(ctype_aeabi.o)
                0x00007490                toupper
 .text.__StringWrite
                0x0000749e       0x26 C:/Freescale/CW MCU v10.4/MCU/ARM_GCC_Support/ewl/lib/armv6-m\libc.a(vsnprintf.o)
                0x0000749e                __StringWrite
 .text.vsnprintf
                0x000074c4       0x38 C:/Freescale/CW MCU v10.4/MCU/ARM_GCC_Support/ewl/lib/armv6-m\libc.a(vsnprintf.o)
                0x000074c4                vsnprintf
 .text.__strtoul
                0x000074fc      0x1ce C:/Freescale/CW MCU v10.4/MCU/ARM_GCC_Support/ewl/lib/armv6-m\libc.a(__strtoul.o)
                0x000074fc                __strtoul
 .text.__fill_mem
                0x000076ca       0x7e C:/Freescale/CW MCU v10.4/MCU/ARM_GCC_Support/ewl/lib/armv6-m\libc.a(__filll_mem.o)
                0x000076ca                __fill_mem
 .text.memchr   0x00007748       0x1a C:/Freescale/CW MCU v10.4/MCU/ARM_GCC_Support/ewl/lib/armv6-m\libc.a(memchr.o)
                0x00007748                memchr
 .text.memcpy   0x00007762       0x12 C:/Freescale/CW MCU v10.4/MCU/ARM_GCC_Support/ewl/lib/armv6-m\libc.a(memcpy.o)
                0x00007762                memcpy
 .text.strchr   0x00007774       0x1e C:/Freescale/CW MCU v10.4/MCU/ARM_GCC_Support/ewl/lib/armv6-m\libc.a(strchr.o)
                0x00007774                strchr
 *fill*         0x00007792        0x2 00
 .text.__init_cpp
                0x00007794       0x48 C:/Freescale/CW MCU v10.4/MCU/ARM_GCC_Support/ewl/lib/armv6-m\librt.a(gcc_ctor_dtor.o)
                0x00007794                __init_cpp
 .text.__fini_cpp
                0x000077dc       0x34 C:/Freescale/CW MCU v10.4/MCU/ARM_GCC_Support/ewl/lib/armv6-m\librt.a(gcc_ctor_dtor.o)
                0x000077dc                __fini_cpp
 .text.__copy_rom_section
                0x00007810       0x48 C:/Freescale/CW MCU v10.4/MCU/ARM_GCC_Support/ewl/lib/armv6-m\librt.a(ROMCopy.o)
                0x00007810                __copy_rom_section
 .text.__copy_rom_sections_to_ram
                0x00007858       0x34 C:/Freescale/CW MCU v10.4/MCU/ARM_GCC_Support/ewl/lib/armv6-m\librt.a(ROMCopy.o)
                0x00007858                __copy_rom_sections_to_ram
 .text.__destroy_global_chain
                0x0000788c       0x1c C:/Freescale/CW MCU v10.4/MCU/ARM_GCC_Support/ewl/lib/armv6-m\librt.a(__arm_eabi_init.o)
                0x0000788c                __destroy_global_chain
 .text.__init_registers
                0x000078a8       0x1c C:/Freescale/CW MCU v10.4/MCU/ARM_GCC_Support/ewl/lib/armv6-m\librt.a(__arm_eabi_init.o)
                0x000078a8                __init_registers
 .text.__init_user
                0x000078c4        0x4 C:/Freescale/CW MCU v10.4/MCU/ARM_GCC_Support/ewl/lib/armv6-m\librt.a(__arm_eabi_init.o)
                0x000078c4                __init_user
 *(.rodata)
 .rodata        0x000078c8       0x14 ./Sources/APP/Tasks.o
 .rodata        0x000078dc      0x340 ./Sources/SDL/Terminal.o
 .rodata        0x00007c1c       0x40 c:/freescale/cw mcu v10.4/cross_tools/arm-none-eabi-gcc-4_7_3/bin/../lib/gcc/arm-none-eabi/4.7.3/armv6-m\libgcc.a(divsf3.o)
 .rodata        0x00007c5c       0x40 c:/freescale/cw mcu v10.4/cross_tools/arm-none-eabi-gcc-4_7_3/bin/../lib/gcc/arm-none-eabi/4.7.3/armv6-m\libgcc.a(mulsf3.o)
 .rodata        0x00007c9c       0x40 c:/freescale/cw mcu v10.4/cross_tools/arm-none-eabi-gcc-4_7_3/bin/../lib/gcc/arm-none-eabi/4.7.3/armv6-m\libgcc.a(divdf3.o)
 .rodata        0x00007cdc       0x40 c:/freescale/cw mcu v10.4/cross_tools/arm-none-eabi-gcc-4_7_3/bin/../lib/gcc/arm-none-eabi/4.7.3/armv6-m\libgcc.a(muldf3.o)
 *(.rodata*)
 .rodata.TFC_SetBatteryLED_Level
                0x00007d1c       0x18 ./Sources/SDL/BoardSupport.o
 .rodata.cps_mngTaskList
                0x00007d34       0x90 ./Sources/Scheduler/Core/Core_Config.o
                0x00007d34                cps_mngTaskList
 .rodata.str1.1
                0x00007dc4        0x1 C:/Freescale/CW MCU v10.4/MCU/ARM_GCC_Support/ewl/lib/armv6-m\libc.a(printformat_.o)
 .rodata.CSWTCH.20
                0x00007dc5        0x5 C:/Freescale/CW MCU v10.4/MCU/ARM_GCC_Support/ewl/lib/armv6-m\libc.a(printformat_.o)
 .rodata.CSWTCH.21
                0x00007dca        0x5 C:/Freescale/CW MCU v10.4/MCU/ARM_GCC_Support/ewl/lib/armv6-m\libc.a(printformat_.o)
 .rodata.__aeabi_ctype_table_C
                0x00007dcf      0x101 C:/Freescale/CW MCU v10.4/MCU/ARM_GCC_Support/ewl/lib/armv6-m\libc.a(ctype_aeabi.o)
                0x00007dcf                __aeabi_ctype_table_C
 *(.glue_7)
 .glue_7        0x00000000        0x0 linker stubs
 *(.glue_7t)
 .glue_7t       0x00000000        0x0 linker stubs
 *(.eh_frame)
 *(.init)
 *(.fini)
                0x00007ed0                . = ALIGN (0x4)
                0x00007ed0                _etext = .

.vfp11_veneer   0x00007ed0        0x0
 .vfp11_veneer  0x00000000        0x0 linker stubs

.v4_bx          0x00007ed0        0x0
 .v4_bx         0x00000000        0x0 linker stubs

.iplt           0x00007ed0        0x0
 .iplt          0x00000000        0x0 ./Project_Settings/Startup_Code/kinetis_sysinit.o

.rel.dyn        0x00007ed0        0x0
 .rel.iplt      0x00000000        0x0 ./Project_Settings/Startup_Code/kinetis_sysinit.o

.ARM.extab
 *(.ARM.extab* .gnu.linkonce.armextab.*)

.ARM            0x00007ed0        0x0
                0x00007ed0                __exidx_start = .
 *(.ARM.exidx*)
                0x00007ed0                __exidx_end = .

.ctors          0x00007ed0        0x0
                0x00007ed0                __CTOR_LIST__ = .
 *crtbegin.o(.ctors)
 *(EXCLUDE_FILE(*crtend.o) .ctors)
 *(SORT(.ctors.*))
 *(.ctors)
                0x00007ed0                __CTOR_END__ = .

.dtors          0x00007ed0        0x0
                0x00007ed0                __DTOR_LIST__ = .
 *crtbegin.o(.dtors)
 *(EXCLUDE_FILE(*crtend.o) .dtors)
 *(SORT(.dtors.*))
 *(.dtors)
                0x00007ed0                __DTOR_END__ = .

.preinit_array  0x00007ed0        0x0
                0x00007ed0                PROVIDE (__preinit_array_start, .)
 *(.preinit_array*)
                0x00007ed0                PROVIDE (__preinit_array_end, .)

.init_array     0x00007ed0        0x0
                0x00007ed0                PROVIDE (__init_array_start, .)
 *(SORT(.init_array.*))
 *(.init_array*)
                0x00007ed0                PROVIDE (__init_array_end, .)

.fini_array     0x00007ed0        0x0
                0x00007ed0                PROVIDE (__fini_array_start, .)
 *(SORT(.fini_array.*))
 *(.fini_array*)
                0x00007ed0                PROVIDE (__fini_array_end, .)
                0x00007ed0                ___ROM_AT = .

.mtb            0x1ffff000        0x0
                0x1ffff000                . = ALIGN (0x8)
                0x1ffff000                _mtb_start = .
 *(.mtb_buf)
                0x1ffff000                . = ALIGN (0x8)
                0x1ffff000                _mtb_end = .

.data           0x1ffff000     0x17dc load address 0x00007ed0
                0x1ffff000                . = ALIGN (0x4)
                0x1ffff000                _sdata = .
 *(.data)
 *(.data*)
 .data.pos      0x1ffff000        0x4 ./Sources/APP/Tasks.o
                0x1ffff000                pos
 .data.DIFERENCIA_MINIMA
                0x1ffff004        0x4 ./Sources/APP/Tasks.o
                0x1ffff004                DIFERENCIA_MINIMA
 .data.RANGO_SEPARACION
                0x1ffff008        0x4 ./Sources/APP/Tasks.o
                0x1ffff008                RANGO_SEPARACION
 .data.ANCHO_PROMEDIO
                0x1ffff00c        0x4 ./Sources/APP/Tasks.o
                0x1ffff00c                ANCHO_PROMEDIO
 .data.ServoValorMax
                0x1ffff010        0x2 ./Sources/APP/Coeficientes.o
                0x1ffff010                ServoValorMax
 *fill*         0x1ffff012        0x2 00
 .data.servomotor
                0x1ffff014      0x7d4 ./Sources/APP/Coeficientes.o
                0x1ffff014                servomotor
 .data.motor_izquierdo
                0x1ffff7e8      0x7d4 ./Sources/APP/Coeficientes.o
                0x1ffff7e8                motor_izquierdo
 .data.motor_derecho
                0x1fffffbc      0x7d4 ./Sources/APP/Coeficientes.o
                0x1fffffbc                motor_derecho
 .data.MyTerminalCallbackRecords
                0x20000790       0x48 ./Sources/SDL/Terminal.o
                0x20000790                MyTerminalCallbackRecords
 .data.Centro   0x200007d8        0x4 ./Sources/SDL/Servo.o
                0x200007d8                Centro
                0x200007dc                . = ALIGN (0x4)
                0x200007dc                _edata = .
                0x000017dc                ___data_size = (_edata - _sdata)

.igot.plt       0x200007dc        0x0 load address 0x000096ac
 .igot.plt      0x00000000        0x0 ./Project_Settings/Startup_Code/kinetis_sysinit.o
                0x200007dc                . = ALIGN (0x4)

.bss            0x200007dc     0x1074 load address 0x000096ac
                0x200007dc                __START_BSS = .
                0x200007dc                PROVIDE (__bss_start__, __START_BSS)
 *(.bss)
 *(.bss*)
 .bss.argv      0x200007dc        0x4 ./Project_Settings/Startup_Code/__arm_start.o
 .bss.StringBuffer
                0x200007e0      0x100 ./Sources/SDL/Queue.o
 .bss.LineScanImageReady
                0x200008e0        0x1 ./Sources/SDL/LineScanCamera.o
                0x200008e0                LineScanImageReady
 .bss.CurrentADC_State
                0x200008e1        0x1 ./Sources/SDL/ADC.o
 .bss.CurrentLineScanPixel
                0x200008e2        0x1 ./Sources/SDL/ADC.o
                0x200008e2                CurrentLineScanPixel
 .bss.CurrentLineScanChannel
                0x200008e3        0x1 ./Sources/SDL/ADC.o
                0x200008e3                CurrentLineScanChannel
 .bss.re_sch_mngExecflag
                0x200008e4        0x1 ./Sources/Scheduler/Core/Core_Tick_ISR.o
                0x200008e4                re_sch_mngExecflag
 *fill*         0x200008e5        0x3 00
 .bss.sys_tick_counter
                0x200008e8        0x4 ./Sources/main.o
                0x200008e8                sys_tick_counter
 .bss.__stdio_exit
                0x200008ec        0x4 C:/Freescale/CW MCU v10.4/MCU/ARM_GCC_Support/ewl/lib/armv6-m\libc.a(exit.o)
                0x200008ec                __stdio_exit
 .bss.__console_exit
                0x200008f0        0x4 C:/Freescale/CW MCU v10.4/MCU/ARM_GCC_Support/ewl/lib/armv6-m\libc.a(exit.o)
                0x200008f0                __console_exit
 .bss.__S_romp  0x200008f4        0xc C:/Freescale/CW MCU v10.4/MCU/ARM_GCC_Support/ewl/lib/armv6-m\librt.a(ROMCopy.o)
 .bss.__global_destructor_chain
                0x20000900        0x4 C:/Freescale/CW MCU v10.4/MCU/ARM_GCC_Support/ewl/lib/armv6-m\librt.a(__arm_eabi_init.o)
                0x20000900                __global_destructor_chain
 *(COMMON)
 COMMON         0x20000904      0x410 ./Sources/APP/Tasks.o
                0x20000904                LineaBase
                0x20000b0c                LineaBaseMinima
 COMMON         0x20000d14      0x898 ./Sources/SDL/UART.o
                0x20000d14                SDA_SERIAL_INCOMING_QUEUE
                0x20000d20                SDA_SERIAL_OUTGOING_QUEUE
                0x20000d2c                SDA_SERIAL_INCOMING_QUEUE_Storage
                0x20000dac                SDA_SERIAL_OUTGOING_QUEUE_Storage
 COMMON         0x200015ac       0x86 ./Sources/SDL/Terminal.o
                0x200015ac                CmdFound
                0x200015ad                NextCharIn
                0x200015b0                TerminalLineBuf
                0x200015f0                TerminalArgs
                0x20001610                TerminalCmdBuf
                0x20001631                TerminalPos
 COMMON         0x20001632        0x1 ./Sources/SDL/Servo.o
                0x20001632                ServoTickVar
 *fill*         0x20001633        0x1 00
 COMMON         0x20001634      0x214 ./Sources/SDL/LineScanCamera.o
                0x20001634                LineScanWorkingBuffer
                0x20001638                LineScanImage1
                0x2000163c                LineScanImage0Buffer
                0x2000173c                LineScanImage0WorkingBuffer
                0x20001740                LineScanImage1Buffer
                0x20001840                LineScanImage0
                0x20001844                LineScanImage1WorkingBuffer
 COMMON         0x20001848        0x3 ./Sources/SDL/ADC.o
                0x20001848                PotADC_Value
                0x2000184a                BatSenseADC_Value
 *fill*         0x2000184b        0x1 00
 COMMON         0x2000184c        0x2 ./Sources/Scheduler/Core/Core.o
                0x2000184c                rt_curOpMode
                0x20001850                . = ALIGN (0x4)
 *fill*         0x2000184e        0x2 00
                0x20001850                __END_BSS = .
                0x20001850                PROVIDE (__bss_end__, __END_BSS)
                0x000096ac                _romp_at = (___ROM_AT + SIZEOF (.data))

.romp           0x20001850       0x18 load address 0x000096ac
                0x000096ac                __S_romp = _romp_at
                0x20001850        0x4 LONG 0x7ed0 ___ROM_AT
                0x20001854        0x4 LONG 0x1ffff000 _sdata
                0x20001858        0x4 LONG 0x17dc ___data_size
                0x2000185c        0x4 LONG 0x0
                0x20001860        0x4 LONG 0x0
                0x20001864        0x4 LONG 0x0

._user_heap_stack
                0x20001868      0x800 load address 0x000096c4
                0x20001868                . = ALIGN (0x4)
                0x20001868                PROVIDE (end, .)
                0x20001868                PROVIDE (_end, .)
                0x20001868                __heap_addr = .
                0x20001c68                . = (. + __heap_size)
 *fill*         0x20001868      0x400 00
                0x20002068                . = (. + __stack_size)
 *fill*         0x20001c68      0x400 00
                0x20002068                . = ALIGN (0x4)

.ARM.attributes
                0x00000000       0x31
 *(.ARM.attributes)
 .ARM.attributes
                0x00000000       0x31 ./Project_Settings/Startup_Code/kinetis_sysinit.o
 .ARM.attributes
                0x00000031       0x31 ./Project_Settings/Startup_Code/__arm_start.o
 .ARM.attributes
                0x00000062       0x31 ./Project_Settings/Startup_Code/__arm_end.o
 .ARM.attributes
                0x00000093       0x31 ./Sources/APP/Tasks.o
 .ARM.attributes
                0x000000c4       0x31 ./Sources/APP/Coeficientes.o
 .ARM.attributes
                0x000000f5       0x31 ./Sources/SDL/UART.o
 .ARM.attributes
                0x00000126       0x31 ./Sources/SDL/Terminal.o
 .ARM.attributes
                0x00000157       0x31 ./Sources/SDL/Servo.o
 .ARM.attributes
                0x00000188       0x31 ./Sources/SDL/Queue.o
 .ARM.attributes
                0x000001b9       0x31 ./Sources/SDL/Potentiometer.o
 .ARM.attributes
                0x000001ea       0x31 ./Sources/SDL/Motor.o
 .ARM.attributes
                0x0000021b       0x31 ./Sources/SDL/MMA8451.o
 .ARM.attributes
                0x0000024c       0x31 ./Sources/SDL/LineScanCamera.o
 .ARM.attributes
                0x0000027d       0x31 ./Sources/SDL/Led_RGB.o
 .ARM.attributes
                0x000002ae       0x31 ./Sources/SDL/I2C.o
 .ARM.attributes
                0x000002df       0x31 ./Sources/SDL/BoardSupport.o
 .ARM.attributes
                0x00000310       0x31 ./Sources/SDL/ADC.o
 .ARM.attributes
                0x00000341       0x31 ./Sources/Scheduler/Core/Core_Tick_ISR.o
 .ARM.attributes
                0x00000372       0x31 ./Sources/Scheduler/Core/Core_Config.o
 .ARM.attributes
                0x000003a3       0x31 ./Sources/Scheduler/Core/Core.o
 .ARM.attributes
                0x000003d4       0x31 ./Sources/Scheduler/PeriodicTasks/Periodic_Tasks_Init.o
 .ARM.attributes
                0x00000405       0x31 ./Sources/Scheduler/PeriodicTasks/Periodic_Tasks.o
 .ARM.attributes
                0x00000436       0x31 ./Sources/mcl/arm_cm0.o
 .ARM.attributes
                0x00000467       0x31 ./Sources/mcl/CrystalClock.o
 .ARM.attributes
                0x00000498       0x31 ./Sources/mcl/ARM_SysTick.o
 .ARM.attributes
                0x000004c9       0x31 ./Sources/main.o
 .ARM.attributes
                0x000004fa       0x31 ./Sources/TFC.o
 .ARM.attributes
                0x0000052b       0x31 C:/Freescale/CW MCU v10.4/MCU/ARM_GCC_Support/ewl/lib/armv6-m\libc.a(sscanf.o)
 .ARM.attributes
                0x0000055c       0x31 C:/Freescale/CW MCU v10.4/MCU/ARM_GCC_Support/ewl/lib/armv6-m\libc.a(vsprintf.o)
 .ARM.attributes
                0x0000058d       0x31 C:/Freescale/CW MCU v10.4/MCU/ARM_GCC_Support/ewl/lib/armv6-m\libc.a(vsscanf.o)
 .ARM.attributes
                0x000005be       0x31 C:/Freescale/CW MCU v10.4/MCU/ARM_GCC_Support/ewl/lib/armv6-m\libc.a(exit.o)
 .ARM.attributes
                0x000005ef       0x31 C:/Freescale/CW MCU v10.4/MCU/ARM_GCC_Support/ewl/lib/armv6-m\libc.a(memset.o)
 .ARM.attributes
                0x00000620       0x31 C:/Freescale/CW MCU v10.4/MCU/ARM_GCC_Support/ewl/lib/armv6-m\libc.a(strcmp.o)
 .ARM.attributes
                0x00000651       0x31 C:/Freescale/CW MCU v10.4/MCU/ARM_GCC_Support/ewl/lib/armv6-m\libc.a(strcpy.o)
 .ARM.attributes
                0x00000682       0x31 C:/Freescale/CW MCU v10.4/MCU/ARM_GCC_Support/ewl/lib/armv6-m\libc.a(strlen.o)
 .ARM.attributes
                0x000006b3       0x31 C:/Freescale/CW MCU v10.4/MCU/ARM_GCC_Support/ewl/lib/armv6-m\libc.a(printformat_.o)
 .ARM.attributes
                0x000006e4       0x31 C:/Freescale/CW MCU v10.4/MCU/ARM_GCC_Support/ewl/lib/armv6-m\libc.a(scanformat_.o)
 .ARM.attributes
                0x00000715       0x31 C:/Freescale/CW MCU v10.4/MCU/ARM_GCC_Support/ewl/lib/armv6-m\libc.a(ctype_aeabi.o)
 .ARM.attributes
                0x00000746       0x31 C:/Freescale/CW MCU v10.4/MCU/ARM_GCC_Support/ewl/lib/armv6-m\libc.a(vsnprintf.o)
 .ARM.attributes
                0x00000777       0x31 C:/Freescale/CW MCU v10.4/MCU/ARM_GCC_Support/ewl/lib/armv6-m\libc.a(__strtoul.o)
 .ARM.attributes
                0x000007a8       0x31 C:/Freescale/CW MCU v10.4/MCU/ARM_GCC_Support/ewl/lib/armv6-m\libc.a(__filll_mem.o)
 .ARM.attributes
                0x000007d9       0x31 C:/Freescale/CW MCU v10.4/MCU/ARM_GCC_Support/ewl/lib/armv6-m\libc.a(memchr.o)
 .ARM.attributes
                0x0000080a       0x31 C:/Freescale/CW MCU v10.4/MCU/ARM_GCC_Support/ewl/lib/armv6-m\libc.a(memcpy.o)
 .ARM.attributes
                0x0000083b       0x31 C:/Freescale/CW MCU v10.4/MCU/ARM_GCC_Support/ewl/lib/armv6-m\libc.a(strchr.o)
 .ARM.attributes
                0x0000086c       0x1e c:/freescale/cw mcu v10.4/cross_tools/arm-none-eabi-gcc-4_7_3/bin/../lib/gcc/arm-none-eabi/4.7.3/armv6-m\libgcc.a(_thumb1_case_sqi.o)
 .ARM.attributes
                0x0000088a       0x1e c:/freescale/cw mcu v10.4/cross_tools/arm-none-eabi-gcc-4_7_3/bin/../lib/gcc/arm-none-eabi/4.7.3/armv6-m\libgcc.a(_thumb1_case_uqi.o)
 .ARM.attributes
                0x000008a8       0x1e c:/freescale/cw mcu v10.4/cross_tools/arm-none-eabi-gcc-4_7_3/bin/../lib/gcc/arm-none-eabi/4.7.3/armv6-m\libgcc.a(_udivsi3.o)
 .ARM.attributes
                0x000008c6       0x1e c:/freescale/cw mcu v10.4/cross_tools/arm-none-eabi-gcc-4_7_3/bin/../lib/gcc/arm-none-eabi/4.7.3/armv6-m\libgcc.a(_divsi3.o)
 .ARM.attributes
                0x000008e4       0x1e c:/freescale/cw mcu v10.4/cross_tools/arm-none-eabi-gcc-4_7_3/bin/../lib/gcc/arm-none-eabi/4.7.3/armv6-m\libgcc.a(_dvmd_tls.o)
 .ARM.attributes
                0x00000902       0x1e c:/freescale/cw mcu v10.4/cross_tools/arm-none-eabi-gcc-4_7_3/bin/../lib/gcc/arm-none-eabi/4.7.3/armv6-m\libgcc.a(_arm_cmpsf2.o)
 .ARM.attributes
                0x00000920       0x2c c:/freescale/cw mcu v10.4/cross_tools/arm-none-eabi-gcc-4_7_3/bin/../lib/gcc/arm-none-eabi/4.7.3/armv6-m\libgcc.a(_fixunssfsi.o)
 .ARM.attributes
                0x0000094c       0x2c c:/freescale/cw mcu v10.4/cross_tools/arm-none-eabi-gcc-4_7_3/bin/../lib/gcc/arm-none-eabi/4.7.3/armv6-m\libgcc.a(divsf3.o)
 .ARM.attributes
                0x00000978       0x2c c:/freescale/cw mcu v10.4/cross_tools/arm-none-eabi-gcc-4_7_3/bin/../lib/gcc/arm-none-eabi/4.7.3/armv6-m\libgcc.a(eqsf2.o)
 .ARM.attributes
                0x000009a4       0x2c c:/freescale/cw mcu v10.4/cross_tools/arm-none-eabi-gcc-4_7_3/bin/../lib/gcc/arm-none-eabi/4.7.3/armv6-m\libgcc.a(gesf2.o)
 .ARM.attributes
                0x000009d0       0x2c c:/freescale/cw mcu v10.4/cross_tools/arm-none-eabi-gcc-4_7_3/bin/../lib/gcc/arm-none-eabi/4.7.3/armv6-m\libgcc.a(lesf2.o)
 .ARM.attributes
                0x000009fc       0x2c c:/freescale/cw mcu v10.4/cross_tools/arm-none-eabi-gcc-4_7_3/bin/../lib/gcc/arm-none-eabi/4.7.3/armv6-m\libgcc.a(mulsf3.o)
 .ARM.attributes
                0x00000a28       0x2c c:/freescale/cw mcu v10.4/cross_tools/arm-none-eabi-gcc-4_7_3/bin/../lib/gcc/arm-none-eabi/4.7.3/armv6-m\libgcc.a(subsf3.o)
 .ARM.attributes
                0x00000a54       0x2c c:/freescale/cw mcu v10.4/cross_tools/arm-none-eabi-gcc-4_7_3/bin/../lib/gcc/arm-none-eabi/4.7.3/armv6-m\libgcc.a(fixsfsi.o)
 .ARM.attributes
                0x00000a80       0x2c c:/freescale/cw mcu v10.4/cross_tools/arm-none-eabi-gcc-4_7_3/bin/../lib/gcc/arm-none-eabi/4.7.3/armv6-m\libgcc.a(floatsisf.o)
 .ARM.attributes
                0x00000aac       0x2c c:/freescale/cw mcu v10.4/cross_tools/arm-none-eabi-gcc-4_7_3/bin/../lib/gcc/arm-none-eabi/4.7.3/armv6-m\libgcc.a(floatunsisf.o)
 .ARM.attributes
                0x00000ad8       0x2c c:/freescale/cw mcu v10.4/cross_tools/arm-none-eabi-gcc-4_7_3/bin/../lib/gcc/arm-none-eabi/4.7.3/armv6-m\libgcc.a(adddf3.o)
 .ARM.attributes
                0x00000b04       0x2c c:/freescale/cw mcu v10.4/cross_tools/arm-none-eabi-gcc-4_7_3/bin/../lib/gcc/arm-none-eabi/4.7.3/armv6-m\libgcc.a(divdf3.o)
 .ARM.attributes
                0x00000b30       0x2c c:/freescale/cw mcu v10.4/cross_tools/arm-none-eabi-gcc-4_7_3/bin/../lib/gcc/arm-none-eabi/4.7.3/armv6-m\libgcc.a(muldf3.o)
 .ARM.attributes
                0x00000b5c       0x2c c:/freescale/cw mcu v10.4/cross_tools/arm-none-eabi-gcc-4_7_3/bin/../lib/gcc/arm-none-eabi/4.7.3/armv6-m\libgcc.a(subdf3.o)
 .ARM.attributes
                0x00000b88       0x2c c:/freescale/cw mcu v10.4/cross_tools/arm-none-eabi-gcc-4_7_3/bin/../lib/gcc/arm-none-eabi/4.7.3/armv6-m\libgcc.a(fixdfsi.o)
 .ARM.attributes
                0x00000bb4       0x2c c:/freescale/cw mcu v10.4/cross_tools/arm-none-eabi-gcc-4_7_3/bin/../lib/gcc/arm-none-eabi/4.7.3/armv6-m\libgcc.a(floatsidf.o)
 .ARM.attributes
                0x00000be0       0x2c c:/freescale/cw mcu v10.4/cross_tools/arm-none-eabi-gcc-4_7_3/bin/../lib/gcc/arm-none-eabi/4.7.3/armv6-m\libgcc.a(floatunsidf.o)
 .ARM.attributes
                0x00000c0c       0x2c c:/freescale/cw mcu v10.4/cross_tools/arm-none-eabi-gcc-4_7_3/bin/../lib/gcc/arm-none-eabi/4.7.3/armv6-m\libgcc.a(extendsfdf2.o)
 .ARM.attributes
                0x00000c38       0x2c c:/freescale/cw mcu v10.4/cross_tools/arm-none-eabi-gcc-4_7_3/bin/../lib/gcc/arm-none-eabi/4.7.3/armv6-m\libgcc.a(truncdfsf2.o)
 .ARM.attributes
                0x00000c64       0x1e c:/freescale/cw mcu v10.4/cross_tools/arm-none-eabi-gcc-4_7_3/bin/../lib/gcc/arm-none-eabi/4.7.3/armv6-m\libgcc.a(_clzsi2.o)
 .ARM.attributes
                0x00000c82       0x31 C:/Freescale/CW MCU v10.4/MCU/ARM_GCC_Support/ewl/lib/armv6-m\librt.a(gcc_ctor_dtor.o)
 .ARM.attributes
                0x00000cb3       0x31 C:/Freescale/CW MCU v10.4/MCU/ARM_GCC_Support/ewl/lib/armv6-m\librt.a(ROMCopy.o)
 .ARM.attributes
                0x00000ce4       0x31 C:/Freescale/CW MCU v10.4/MCU/ARM_GCC_Support/ewl/lib/armv6-m\librt.a(__arm_eabi_init.o)
OUTPUT(gsc_sch_MKL25Z128.elf elf32-littlearm)

.debug_info     0x00000000     0x7d38
 .debug_info    0x00000000      0x447 ./Project_Settings/Startup_Code/kinetis_sysinit.o
 .debug_info    0x00000447      0x12a ./Project_Settings/Startup_Code/__arm_start.o
 .debug_info    0x00000571       0x54 ./Project_Settings/Startup_Code/__arm_end.o
 .debug_info    0x000005c5      0x43d ./Sources/APP/Tasks.o
 .debug_info    0x00000a02       0xcf ./Sources/APP/Coeficientes.o
 .debug_info    0x00000ad1      0x84b ./Sources/SDL/UART.o
 .debug_info    0x0000131c      0x494 ./Sources/SDL/Terminal.o
 .debug_info    0x000017b0      0x62b ./Sources/SDL/Servo.o
 .debug_info    0x00001ddb      0x302 ./Sources/SDL/Queue.o
 .debug_info    0x000020dd      0x100 ./Sources/SDL/Potentiometer.o
 .debug_info    0x000021dd      0x495 ./Sources/SDL/Motor.o
 .debug_info    0x00002672      0x2b1 ./Sources/SDL/MMA8451.o
 .debug_info    0x00002923      0x5b7 ./Sources/SDL/LineScanCamera.o
 .debug_info    0x00002eda      0x1b4 ./Sources/SDL/Led_RGB.o
 .debug_info    0x0000308e      0x6c0 ./Sources/SDL/I2C.o
 .debug_info    0x0000374e      0x45c ./Sources/SDL/BoardSupport.o
 .debug_info    0x00003baa      0xad4 ./Sources/SDL/ADC.o
 .debug_info    0x0000467e       0x70 ./Sources/Scheduler/Core/Core_Tick_ISR.o
 .debug_info    0x000046ee      0x124 ./Sources/Scheduler/Core/Core_Config.o
 .debug_info    0x00004812      0x1e2 ./Sources/Scheduler/Core/Core.o
 .debug_info    0x000049f4      0x133 ./Sources/Scheduler/PeriodicTasks/Periodic_Tasks_Init.o
 .debug_info    0x00004b27      0x1d2 ./Sources/Scheduler/PeriodicTasks/Periodic_Tasks.o
 .debug_info    0x00004cf9      0x3cb ./Sources/mcl/arm_cm0.o
 .debug_info    0x000050c4      0x27d ./Sources/mcl/CrystalClock.o
 .debug_info    0x00005341       0xf6 ./Sources/mcl/ARM_SysTick.o
 .debug_info    0x00005437      0x30a ./Sources/main.o
 .debug_info    0x00005741      0x128 ./Sources/TFC.o
 .debug_info    0x00005869      0x118 C:/Freescale/CW MCU v10.4/MCU/ARM_GCC_Support/ewl/lib/armv6-m\libc.a(sscanf.o)
 .debug_info    0x00005981      0x12a C:/Freescale/CW MCU v10.4/MCU/ARM_GCC_Support/ewl/lib/armv6-m\libc.a(vsprintf.o)
 .debug_info    0x00005aab      0x253 C:/Freescale/CW MCU v10.4/MCU/ARM_GCC_Support/ewl/lib/armv6-m\libc.a(vsscanf.o)
 .debug_info    0x00005cfe       0xe8 C:/Freescale/CW MCU v10.4/MCU/ARM_GCC_Support/ewl/lib/armv6-m\libc.a(exit.o)
 .debug_info    0x00005de6       0xec C:/Freescale/CW MCU v10.4/MCU/ARM_GCC_Support/ewl/lib/armv6-m\libc.a(memset.o)
 .debug_info    0x00005ed2      0x114 C:/Freescale/CW MCU v10.4/MCU/ARM_GCC_Support/ewl/lib/armv6-m\libc.a(strcmp.o)
 .debug_info    0x00005fe6      0x109 C:/Freescale/CW MCU v10.4/MCU/ARM_GCC_Support/ewl/lib/armv6-m\libc.a(strcpy.o)
 .debug_info    0x000060ef       0xea C:/Freescale/CW MCU v10.4/MCU/ARM_GCC_Support/ewl/lib/armv6-m\libc.a(strlen.o)
 .debug_info    0x000061d9      0x50d C:/Freescale/CW MCU v10.4/MCU/ARM_GCC_Support/ewl/lib/armv6-m\libc.a(printformat_.o)
 .debug_info    0x000066e6      0x568 C:/Freescale/CW MCU v10.4/MCU/ARM_GCC_Support/ewl/lib/armv6-m\libc.a(scanformat_.o)
 .debug_info    0x00006c4e      0x313 C:/Freescale/CW MCU v10.4/MCU/ARM_GCC_Support/ewl/lib/armv6-m\libc.a(ctype_aeabi.o)
 .debug_info    0x00006f61      0x205 C:/Freescale/CW MCU v10.4/MCU/ARM_GCC_Support/ewl/lib/armv6-m\libc.a(vsnprintf.o)
 .debug_info    0x00007166      0x1d6 C:/Freescale/CW MCU v10.4/MCU/ARM_GCC_Support/ewl/lib/armv6-m\libc.a(__strtoul.o)
 .debug_info    0x0000733c      0x137 C:/Freescale/CW MCU v10.4/MCU/ARM_GCC_Support/ewl/lib/armv6-m\libc.a(__filll_mem.o)
 .debug_info    0x00007473      0x121 C:/Freescale/CW MCU v10.4/MCU/ARM_GCC_Support/ewl/lib/armv6-m\libc.a(memchr.o)
 .debug_info    0x00007594      0x10f C:/Freescale/CW MCU v10.4/MCU/ARM_GCC_Support/ewl/lib/armv6-m\libc.a(memcpy.o)
 .debug_info    0x000076a3      0x10b C:/Freescale/CW MCU v10.4/MCU/ARM_GCC_Support/ewl/lib/armv6-m\libc.a(strchr.o)
 .debug_info    0x000077ae      0x136 C:/Freescale/CW MCU v10.4/MCU/ARM_GCC_Support/ewl/lib/armv6-m\librt.a(gcc_ctor_dtor.o)
 .debug_info    0x000078e4      0x19b C:/Freescale/CW MCU v10.4/MCU/ARM_GCC_Support/ewl/lib/armv6-m\librt.a(ROMCopy.o)
 .debug_info    0x00007a7f      0x2b9 C:/Freescale/CW MCU v10.4/MCU/ARM_GCC_Support/ewl/lib/armv6-m\librt.a(__arm_eabi_init.o)

.debug_abbrev   0x00000000     0x27ab
 .debug_abbrev  0x00000000       0xe7 ./Project_Settings/Startup_Code/kinetis_sysinit.o
 .debug_abbrev  0x000000e7       0x92 ./Project_Settings/Startup_Code/__arm_start.o
 .debug_abbrev  0x00000179       0x4c ./Project_Settings/Startup_Code/__arm_end.o
 .debug_abbrev  0x000001c5      0x14c ./Sources/APP/Tasks.o
 .debug_abbrev  0x00000311       0x4b ./Sources/APP/Coeficientes.o
 .debug_abbrev  0x0000035c      0x180 ./Sources/SDL/UART.o
 .debug_abbrev  0x000004dc      0x143 ./Sources/SDL/Terminal.o
 .debug_abbrev  0x0000061f      0x116 ./Sources/SDL/Servo.o
 .debug_abbrev  0x00000735      0x107 ./Sources/SDL/Queue.o
 .debug_abbrev  0x0000083c       0x85 ./Sources/SDL/Potentiometer.o
 .debug_abbrev  0x000008c1       0xef ./Sources/SDL/Motor.o
 .debug_abbrev  0x000009b0      0x12e ./Sources/SDL/MMA8451.o
 .debug_abbrev  0x00000ade      0x10f ./Sources/SDL/LineScanCamera.o
 .debug_abbrev  0x00000bed       0xa6 ./Sources/SDL/Led_RGB.o
 .debug_abbrev  0x00000c93      0x10c ./Sources/SDL/I2C.o
 .debug_abbrev  0x00000d9f      0x115 ./Sources/SDL/BoardSupport.o
 .debug_abbrev  0x00000eb4      0x1a0 ./Sources/SDL/ADC.o
 .debug_abbrev  0x00001054       0x66 ./Sources/Scheduler/Core/Core_Tick_ISR.o
 .debug_abbrev  0x000010ba       0x96 ./Sources/Scheduler/Core/Core_Config.o
 .debug_abbrev  0x00001150       0xcd ./Sources/Scheduler/Core/Core.o
 .debug_abbrev  0x0000121d       0x3d ./Sources/Scheduler/PeriodicTasks/Periodic_Tasks_Init.o
 .debug_abbrev  0x0000125a       0xbc ./Sources/Scheduler/PeriodicTasks/Periodic_Tasks.o
 .debug_abbrev  0x00001316      0x102 ./Sources/mcl/arm_cm0.o
 .debug_abbrev  0x00001418       0xea ./Sources/mcl/CrystalClock.o
 .debug_abbrev  0x00001502       0x92 ./Sources/mcl/ARM_SysTick.o
 .debug_abbrev  0x00001594       0xc8 ./Sources/main.o
 .debug_abbrev  0x0000165c       0x83 ./Sources/TFC.o
 .debug_abbrev  0x000016df       0xb1 C:/Freescale/CW MCU v10.4/MCU/ARM_GCC_Support/ewl/lib/armv6-m\libc.a(sscanf.o)
 .debug_abbrev  0x00001790       0x9d C:/Freescale/CW MCU v10.4/MCU/ARM_GCC_Support/ewl/lib/armv6-m\libc.a(vsprintf.o)
 .debug_abbrev  0x0000182d      0x15f C:/Freescale/CW MCU v10.4/MCU/ARM_GCC_Support/ewl/lib/armv6-m\libc.a(vsscanf.o)
 .debug_abbrev  0x0000198c       0x7a C:/Freescale/CW MCU v10.4/MCU/ARM_GCC_Support/ewl/lib/armv6-m\libc.a(exit.o)
 .debug_abbrev  0x00001a06       0x62 C:/Freescale/CW MCU v10.4/MCU/ARM_GCC_Support/ewl/lib/armv6-m\libc.a(memset.o)
 .debug_abbrev  0x00001a68       0x89 C:/Freescale/CW MCU v10.4/MCU/ARM_GCC_Support/ewl/lib/armv6-m\libc.a(strcmp.o)
 .debug_abbrev  0x00001af1       0x78 C:/Freescale/CW MCU v10.4/MCU/ARM_GCC_Support/ewl/lib/armv6-m\libc.a(strcpy.o)
 .debug_abbrev  0x00001b69       0x7a C:/Freescale/CW MCU v10.4/MCU/ARM_GCC_Support/ewl/lib/armv6-m\libc.a(strlen.o)
 .debug_abbrev  0x00001be3      0x200 C:/Freescale/CW MCU v10.4/MCU/ARM_GCC_Support/ewl/lib/armv6-m\libc.a(printformat_.o)
 .debug_abbrev  0x00001de3      0x1f0 C:/Freescale/CW MCU v10.4/MCU/ARM_GCC_Support/ewl/lib/armv6-m\libc.a(scanformat_.o)
 .debug_abbrev  0x00001fd3       0x9e C:/Freescale/CW MCU v10.4/MCU/ARM_GCC_Support/ewl/lib/armv6-m\libc.a(ctype_aeabi.o)
 .debug_abbrev  0x00002071       0xf0 C:/Freescale/CW MCU v10.4/MCU/ARM_GCC_Support/ewl/lib/armv6-m\libc.a(vsnprintf.o)
 .debug_abbrev  0x00002161       0xc2 C:/Freescale/CW MCU v10.4/MCU/ARM_GCC_Support/ewl/lib/armv6-m\libc.a(__strtoul.o)
 .debug_abbrev  0x00002223       0x78 C:/Freescale/CW MCU v10.4/MCU/ARM_GCC_Support/ewl/lib/armv6-m\libc.a(__filll_mem.o)
 .debug_abbrev  0x0000229b       0x95 C:/Freescale/CW MCU v10.4/MCU/ARM_GCC_Support/ewl/lib/armv6-m\libc.a(memchr.o)
 .debug_abbrev  0x00002330       0x95 C:/Freescale/CW MCU v10.4/MCU/ARM_GCC_Support/ewl/lib/armv6-m\libc.a(memcpy.o)
 .debug_abbrev  0x000023c5       0x7a C:/Freescale/CW MCU v10.4/MCU/ARM_GCC_Support/ewl/lib/armv6-m\libc.a(strchr.o)
 .debug_abbrev  0x0000243f       0x99 C:/Freescale/CW MCU v10.4/MCU/ARM_GCC_Support/ewl/lib/armv6-m\librt.a(gcc_ctor_dtor.o)
 .debug_abbrev  0x000024d8      0x120 C:/Freescale/CW MCU v10.4/MCU/ARM_GCC_Support/ewl/lib/armv6-m\librt.a(ROMCopy.o)
 .debug_abbrev  0x000025f8      0x1b3 C:/Freescale/CW MCU v10.4/MCU/ARM_GCC_Support/ewl/lib/armv6-m\librt.a(__arm_eabi_init.o)

.debug_loc      0x00000000     0x415d
 .debug_loc     0x00000000       0x58 ./Project_Settings/Startup_Code/kinetis_sysinit.o
 .debug_loc     0x00000058       0x2c ./Project_Settings/Startup_Code/__arm_start.o
 .debug_loc     0x00000084       0x38 ./Project_Settings/Startup_Code/__arm_end.o
 .debug_loc     0x000000bc      0x17e ./Sources/APP/Tasks.o
 .debug_loc     0x0000023a      0x170 ./Sources/SDL/UART.o
 .debug_loc     0x000003aa      0x218 ./Sources/SDL/Terminal.o
 .debug_loc     0x000005c2       0xc8 ./Sources/SDL/Servo.o
 .debug_loc     0x0000068a      0x194 ./Sources/SDL/Queue.o
 .debug_loc     0x0000081e       0x70 ./Sources/SDL/Potentiometer.o
 .debug_loc     0x0000088e       0x64 ./Sources/SDL/Motor.o
 .debug_loc     0x000008f2      0x138 ./Sources/SDL/MMA8451.o
 .debug_loc     0x00000a2a       0x64 ./Sources/SDL/LineScanCamera.o
 .debug_loc     0x00000a8e       0x2c ./Sources/SDL/Led_RGB.o
 .debug_loc     0x00000aba      0x3b8 ./Sources/SDL/I2C.o
 .debug_loc     0x00000e72       0xd4 ./Sources/SDL/BoardSupport.o
 .debug_loc     0x00000f46      0x170 ./Sources/SDL/ADC.o
 .debug_loc     0x000010b6       0x2c ./Sources/Scheduler/Core/Core_Tick_ISR.o
 .debug_loc     0x000010e2       0x70 ./Sources/Scheduler/Core/Core.o
 .debug_loc     0x00001152      0x18c ./Sources/Scheduler/PeriodicTasks/Periodic_Tasks_Init.o
 .debug_loc     0x000012de      0x14c ./Sources/Scheduler/PeriodicTasks/Periodic_Tasks.o
 .debug_loc     0x0000142a      0x138 ./Sources/mcl/arm_cm0.o
 .debug_loc     0x00001562       0x70 ./Sources/mcl/CrystalClock.o
 .debug_loc     0x000015d2       0x2c ./Sources/mcl/ARM_SysTick.o
 .debug_loc     0x000015fe       0x84 ./Sources/main.o
 .debug_loc     0x00001682       0x58 ./Sources/TFC.o
 .debug_loc     0x000016da       0x3f C:/Freescale/CW MCU v10.4/MCU/ARM_GCC_Support/ewl/lib/armv6-m\libc.a(sscanf.o)
 .debug_loc     0x00001719       0x64 C:/Freescale/CW MCU v10.4/MCU/ARM_GCC_Support/ewl/lib/armv6-m\libc.a(vsprintf.o)
 .debug_loc     0x0000177d      0x16c C:/Freescale/CW MCU v10.4/MCU/ARM_GCC_Support/ewl/lib/armv6-m\libc.a(vsscanf.o)
 .debug_loc     0x000018e9       0x3e C:/Freescale/CW MCU v10.4/MCU/ARM_GCC_Support/ewl/lib/armv6-m\libc.a(exit.o)
 .debug_loc     0x00001927       0x6f C:/Freescale/CW MCU v10.4/MCU/ARM_GCC_Support/ewl/lib/armv6-m\libc.a(memset.o)
 .debug_loc     0x00001996       0x64 C:/Freescale/CW MCU v10.4/MCU/ARM_GCC_Support/ewl/lib/armv6-m\libc.a(strcmp.o)
 .debug_loc     0x000019fa       0x20 C:/Freescale/CW MCU v10.4/MCU/ARM_GCC_Support/ewl/lib/armv6-m\libc.a(strcpy.o)
 .debug_loc     0x00001a1a       0x33 C:/Freescale/CW MCU v10.4/MCU/ARM_GCC_Support/ewl/lib/armv6-m\libc.a(strlen.o)
 .debug_loc     0x00001a4d     0x104b C:/Freescale/CW MCU v10.4/MCU/ARM_GCC_Support/ewl/lib/armv6-m\libc.a(printformat_.o)
 .debug_loc     0x00002a98      0x9d8 C:/Freescale/CW MCU v10.4/MCU/ARM_GCC_Support/ewl/lib/armv6-m\libc.a(scanformat_.o)
 .debug_loc     0x00003470      0x30d C:/Freescale/CW MCU v10.4/MCU/ARM_GCC_Support/ewl/lib/armv6-m\libc.a(ctype_aeabi.o)
 .debug_loc     0x0000377d      0x105 C:/Freescale/CW MCU v10.4/MCU/ARM_GCC_Support/ewl/lib/armv6-m\libc.a(vsnprintf.o)
 .debug_loc     0x00003882      0x305 C:/Freescale/CW MCU v10.4/MCU/ARM_GCC_Support/ewl/lib/armv6-m\libc.a(__strtoul.o)
 .debug_loc     0x00003b87      0x14a C:/Freescale/CW MCU v10.4/MCU/ARM_GCC_Support/ewl/lib/armv6-m\libc.a(__filll_mem.o)
 .debug_loc     0x00003cd1       0x77 C:/Freescale/CW MCU v10.4/MCU/ARM_GCC_Support/ewl/lib/armv6-m\libc.a(memchr.o)
 .debug_loc     0x00003d48       0x59 C:/Freescale/CW MCU v10.4/MCU/ARM_GCC_Support/ewl/lib/armv6-m\libc.a(memcpy.o)
 .debug_loc     0x00003da1       0xaf C:/Freescale/CW MCU v10.4/MCU/ARM_GCC_Support/ewl/lib/armv6-m\libc.a(strchr.o)
 .debug_loc     0x00003e50       0x9d C:/Freescale/CW MCU v10.4/MCU/ARM_GCC_Support/ewl/lib/armv6-m\librt.a(gcc_ctor_dtor.o)
 .debug_loc     0x00003eed       0xd9 C:/Freescale/CW MCU v10.4/MCU/ARM_GCC_Support/ewl/lib/armv6-m\librt.a(ROMCopy.o)
 .debug_loc     0x00003fc6      0x197 C:/Freescale/CW MCU v10.4/MCU/ARM_GCC_Support/ewl/lib/armv6-m\librt.a(__arm_eabi_init.o)

.debug_aranges  0x00000000      0x970
 .debug_aranges
                0x00000000       0x28 ./Project_Settings/Startup_Code/kinetis_sysinit.o
 .debug_aranges
                0x00000028       0x30 ./Project_Settings/Startup_Code/__arm_start.o
 .debug_aranges
                0x00000058       0x20 ./Project_Settings/Startup_Code/__arm_end.o
 .debug_aranges
                0x00000078       0x50 ./Sources/APP/Tasks.o
 .debug_aranges
                0x000000c8       0x18 ./Sources/APP/Coeficientes.o
 .debug_aranges
                0x000000e0       0x50 ./Sources/SDL/UART.o
 .debug_aranges
                0x00000130       0x68 ./Sources/SDL/Terminal.o
 .debug_aranges
                0x00000198       0x38 ./Sources/SDL/Servo.o
 .debug_aranges
                0x000001d0       0x50 ./Sources/SDL/Queue.o
 .debug_aranges
                0x00000220       0x28 ./Sources/SDL/Potentiometer.o
 .debug_aranges
                0x00000248       0x28 ./Sources/SDL/Motor.o
 .debug_aranges
                0x00000270       0x48 ./Sources/SDL/MMA8451.o
 .debug_aranges
                0x000002b8       0x28 ./Sources/SDL/LineScanCamera.o
 .debug_aranges
                0x000002e0       0x20 ./Sources/SDL/Led_RGB.o
 .debug_aranges
                0x00000300       0xa0 ./Sources/SDL/I2C.o
 .debug_aranges
                0x000003a0       0x38 ./Sources/SDL/BoardSupport.o
 .debug_aranges
                0x000003d8       0x50 ./Sources/SDL/ADC.o
 .debug_aranges
                0x00000428       0x20 ./Sources/Scheduler/Core/Core_Tick_ISR.o
 .debug_aranges
                0x00000448       0x18 ./Sources/Scheduler/Core/Core_Config.o
 .debug_aranges
                0x00000460       0x28 ./Sources/Scheduler/Core/Core.o
 .debug_aranges
                0x00000488       0x60 ./Sources/Scheduler/PeriodicTasks/Periodic_Tasks_Init.o
 .debug_aranges
                0x000004e8       0x50 ./Sources/Scheduler/PeriodicTasks/Periodic_Tasks.o
 .debug_aranges
                0x00000538       0x48 ./Sources/mcl/arm_cm0.o
 .debug_aranges
                0x00000580       0x28 ./Sources/mcl/CrystalClock.o
 .debug_aranges
                0x000005a8       0x20 ./Sources/mcl/ARM_SysTick.o
 .debug_aranges
                0x000005c8       0x30 ./Sources/main.o
 .debug_aranges
                0x000005f8       0x28 ./Sources/TFC.o
 .debug_aranges
                0x00000620       0x20 C:/Freescale/CW MCU v10.4/MCU/ARM_GCC_Support/ewl/lib/armv6-m\libc.a(sscanf.o)
 .debug_aranges
                0x00000640       0x20 C:/Freescale/CW MCU v10.4/MCU/ARM_GCC_Support/ewl/lib/armv6-m\libc.a(vsprintf.o)
 .debug_aranges
                0x00000660       0x28 C:/Freescale/CW MCU v10.4/MCU/ARM_GCC_Support/ewl/lib/armv6-m\libc.a(vsscanf.o)
 .debug_aranges
                0x00000688       0x20 C:/Freescale/CW MCU v10.4/MCU/ARM_GCC_Support/ewl/lib/armv6-m\libc.a(exit.o)
 .debug_aranges
                0x000006a8       0x20 C:/Freescale/CW MCU v10.4/MCU/ARM_GCC_Support/ewl/lib/armv6-m\libc.a(memset.o)
 .debug_aranges
                0x000006c8       0x20 C:/Freescale/CW MCU v10.4/MCU/ARM_GCC_Support/ewl/lib/armv6-m\libc.a(strcmp.o)
 .debug_aranges
                0x000006e8       0x20 C:/Freescale/CW MCU v10.4/MCU/ARM_GCC_Support/ewl/lib/armv6-m\libc.a(strcpy.o)
 .debug_aranges
                0x00000708       0x20 C:/Freescale/CW MCU v10.4/MCU/ARM_GCC_Support/ewl/lib/armv6-m\libc.a(strlen.o)
 .debug_aranges
                0x00000728       0x28 C:/Freescale/CW MCU v10.4/MCU/ARM_GCC_Support/ewl/lib/armv6-m\libc.a(printformat_.o)
 .debug_aranges
                0x00000750       0x20 C:/Freescale/CW MCU v10.4/MCU/ARM_GCC_Support/ewl/lib/armv6-m\libc.a(scanformat_.o)
 .debug_aranges
                0x00000770       0x88 C:/Freescale/CW MCU v10.4/MCU/ARM_GCC_Support/ewl/lib/armv6-m\libc.a(ctype_aeabi.o)
 .debug_aranges
                0x000007f8       0x28 C:/Freescale/CW MCU v10.4/MCU/ARM_GCC_Support/ewl/lib/armv6-m\libc.a(vsnprintf.o)
 .debug_aranges
                0x00000820       0x20 C:/Freescale/CW MCU v10.4/MCU/ARM_GCC_Support/ewl/lib/armv6-m\libc.a(__strtoul.o)
 .debug_aranges
                0x00000840       0x20 C:/Freescale/CW MCU v10.4/MCU/ARM_GCC_Support/ewl/lib/armv6-m\libc.a(__filll_mem.o)
 .debug_aranges
                0x00000860       0x20 C:/Freescale/CW MCU v10.4/MCU/ARM_GCC_Support/ewl/lib/armv6-m\libc.a(memchr.o)
 .debug_aranges
                0x00000880       0x20 C:/Freescale/CW MCU v10.4/MCU/ARM_GCC_Support/ewl/lib/armv6-m\libc.a(memcpy.o)
 .debug_aranges
                0x000008a0       0x20 C:/Freescale/CW MCU v10.4/MCU/ARM_GCC_Support/ewl/lib/armv6-m\libc.a(strchr.o)
 .debug_aranges
                0x000008c0       0x28 C:/Freescale/CW MCU v10.4/MCU/ARM_GCC_Support/ewl/lib/armv6-m\librt.a(gcc_ctor_dtor.o)
 .debug_aranges
                0x000008e8       0x30 C:/Freescale/CW MCU v10.4/MCU/ARM_GCC_Support/ewl/lib/armv6-m\librt.a(ROMCopy.o)
 .debug_aranges
                0x00000918       0x58 C:/Freescale/CW MCU v10.4/MCU/ARM_GCC_Support/ewl/lib/armv6-m\librt.a(__arm_eabi_init.o)

.debug_macinfo  0x00000000   0x37f30b
 .debug_macinfo
                0x00000000    0x264b5 ./Project_Settings/Startup_Code/kinetis_sysinit.o
 .debug_macinfo
                0x000264b5     0x3e6d ./Project_Settings/Startup_Code/__arm_start.o
 .debug_macinfo
                0x0002a322     0x3456 ./Project_Settings/Startup_Code/__arm_end.o
 .debug_macinfo
                0x0002d778    0x28351 ./Sources/APP/Tasks.o
 .debug_macinfo
                0x00055ac9    0x28333 ./Sources/APP/Coeficientes.o
 .debug_macinfo
                0x0007ddfc    0x28333 ./Sources/SDL/UART.o
 .debug_macinfo
                0x000a612f    0x283c7 ./Sources/SDL/Terminal.o
 .debug_macinfo
                0x000ce4f6    0x28427 ./Sources/SDL/Servo.o
 .debug_macinfo
                0x000f691d    0x28333 ./Sources/SDL/Queue.o
 .debug_macinfo
                0x0011ec50    0x28333 ./Sources/SDL/Potentiometer.o
 .debug_macinfo
                0x00146f83    0x283e0 ./Sources/SDL/Motor.o
 .debug_macinfo
                0x0016f363    0x28333 ./Sources/SDL/MMA8451.o
 .debug_macinfo
                0x00197696    0x28333 ./Sources/SDL/LineScanCamera.o
 .debug_macinfo
                0x001bf9c9    0x28333 ./Sources/SDL/Led_RGB.o
 .debug_macinfo
                0x001e7cfc    0x28333 ./Sources/SDL/I2C.o
 .debug_macinfo
                0x0021002f    0x28372 ./Sources/SDL/BoardSupport.o
 .debug_macinfo
                0x002383a1    0x283c2 ./Sources/SDL/ADC.o
 .debug_macinfo
                0x00260763     0x255a ./Sources/Scheduler/Core/Core_Tick_ISR.o
 .debug_macinfo
                0x00262cbd     0x263c ./Sources/Scheduler/Core/Core_Config.o
 .debug_macinfo
                0x002652f9     0x2621 ./Sources/Scheduler/Core/Core.o
 .debug_macinfo
                0x0026791a    0x28370 ./Sources/Scheduler/PeriodicTasks/Periodic_Tasks_Init.o
 .debug_macinfo
                0x0028fc8a    0x28370 ./Sources/Scheduler/PeriodicTasks/Periodic_Tasks.o
 .debug_macinfo
                0x002b7ffa    0x2652c ./Sources/mcl/arm_cm0.o
 .debug_macinfo
                0x002de526    0x28429 ./Sources/mcl/CrystalClock.o
 .debug_macinfo
                0x0030694f    0x2833b ./Sources/mcl/ARM_SysTick.o
 .debug_macinfo
                0x0032ec8a    0x2834e ./Sources/main.o
 .debug_macinfo
                0x00356fd8    0x28333 ./Sources/TFC.o

.debug_line     0x00000000     0x8499
 .debug_line    0x00000000      0x23e ./Project_Settings/Startup_Code/kinetis_sysinit.o
 .debug_line    0x0000023e      0x2c1 ./Project_Settings/Startup_Code/__arm_start.o
 .debug_line    0x000004ff      0x266 ./Project_Settings/Startup_Code/__arm_end.o
 .debug_line    0x00000765      0x5eb ./Sources/APP/Tasks.o
 .debug_line    0x00000d50      0x46c ./Sources/APP/Coeficientes.o
 .debug_line    0x000011bc      0x536 ./Sources/SDL/UART.o
 .debug_line    0x000016f2      0x5a4 ./Sources/SDL/Terminal.o
 .debug_line    0x00001c96      0x4da ./Sources/SDL/Servo.o
 .debug_line    0x00002170      0x518 ./Sources/SDL/Queue.o
 .debug_line    0x00002688      0x493 ./Sources/SDL/Potentiometer.o
 .debug_line    0x00002b1b      0x4ae ./Sources/SDL/Motor.o
 .debug_line    0x00002fc9      0x506 ./Sources/SDL/MMA8451.o
 .debug_line    0x000034cf      0x49f ./Sources/SDL/LineScanCamera.o
 .debug_line    0x0000396e      0x483 ./Sources/SDL/Led_RGB.o
 .debug_line    0x00003df1      0x591 ./Sources/SDL/I2C.o
 .debug_line    0x00004382      0x4f5 ./Sources/SDL/BoardSupport.o
 .debug_line    0x00004877      0x57c ./Sources/SDL/ADC.o
 .debug_line    0x00004df3       0xee ./Sources/Scheduler/Core/Core_Tick_ISR.o
 .debug_line    0x00004ee1      0x131 ./Sources/Scheduler/Core/Core_Config.o
 .debug_line    0x00005012      0x12d ./Sources/Scheduler/Core/Core.o
 .debug_line    0x0000513f      0x5d6 ./Sources/Scheduler/PeriodicTasks/Periodic_Tasks_Init.o
 .debug_line    0x00005715      0x5e2 ./Sources/Scheduler/PeriodicTasks/Periodic_Tasks.o
 .debug_line    0x00005cf7      0x274 ./Sources/mcl/arm_cm0.o
 .debug_line    0x00005f6b      0x52d ./Sources/mcl/CrystalClock.o
 .debug_line    0x00006498      0x47d ./Sources/mcl/ARM_SysTick.o
 .debug_line    0x00006915      0x48d ./Sources/main.o
 .debug_line    0x00006da2      0x459 ./Sources/TFC.o
 .debug_line    0x000071fb       0x92 C:/Freescale/CW MCU v10.4/MCU/ARM_GCC_Support/ewl/lib/armv6-m\libc.a(sscanf.o)
 .debug_line    0x0000728d       0x94 C:/Freescale/CW MCU v10.4/MCU/ARM_GCC_Support/ewl/lib/armv6-m\libc.a(vsprintf.o)
 .debug_line    0x00007321       0xc8 C:/Freescale/CW MCU v10.4/MCU/ARM_GCC_Support/ewl/lib/armv6-m\libc.a(vsscanf.o)
 .debug_line    0x000073e9       0x8d C:/Freescale/CW MCU v10.4/MCU/ARM_GCC_Support/ewl/lib/armv6-m\libc.a(exit.o)
 .debug_line    0x00007476       0x90 C:/Freescale/CW MCU v10.4/MCU/ARM_GCC_Support/ewl/lib/armv6-m\libc.a(memset.o)
 .debug_line    0x00007506       0x83 C:/Freescale/CW MCU v10.4/MCU/ARM_GCC_Support/ewl/lib/armv6-m\libc.a(strcmp.o)
 .debug_line    0x00007589       0x7d C:/Freescale/CW MCU v10.4/MCU/ARM_GCC_Support/ewl/lib/armv6-m\libc.a(strcpy.o)
 .debug_line    0x00007606       0x85 C:/Freescale/CW MCU v10.4/MCU/ARM_GCC_Support/ewl/lib/armv6-m\libc.a(strlen.o)
 .debug_line    0x0000768b      0x2c3 C:/Freescale/CW MCU v10.4/MCU/ARM_GCC_Support/ewl/lib/armv6-m\libc.a(printformat_.o)
 .debug_line    0x0000794e      0x2be C:/Freescale/CW MCU v10.4/MCU/ARM_GCC_Support/ewl/lib/armv6-m\libc.a(scanformat_.o)
 .debug_line    0x00007c0c      0x1be C:/Freescale/CW MCU v10.4/MCU/ARM_GCC_Support/ewl/lib/armv6-m\libc.a(ctype_aeabi.o)
 .debug_line    0x00007dca       0xd4 C:/Freescale/CW MCU v10.4/MCU/ARM_GCC_Support/ewl/lib/armv6-m\libc.a(vsnprintf.o)
 .debug_line    0x00007e9e      0x11e C:/Freescale/CW MCU v10.4/MCU/ARM_GCC_Support/ewl/lib/armv6-m\libc.a(__strtoul.o)
 .debug_line    0x00007fbc       0xf6 C:/Freescale/CW MCU v10.4/MCU/ARM_GCC_Support/ewl/lib/armv6-m\libc.a(__filll_mem.o)
 .debug_line    0x000080b2       0x9f C:/Freescale/CW MCU v10.4/MCU/ARM_GCC_Support/ewl/lib/armv6-m\libc.a(memchr.o)
 .debug_line    0x00008151       0x8b C:/Freescale/CW MCU v10.4/MCU/ARM_GCC_Support/ewl/lib/armv6-m\libc.a(memcpy.o)
 .debug_line    0x000081dc       0x7d C:/Freescale/CW MCU v10.4/MCU/ARM_GCC_Support/ewl/lib/armv6-m\libc.a(strchr.o)
 .debug_line    0x00008259       0x6c C:/Freescale/CW MCU v10.4/MCU/ARM_GCC_Support/ewl/lib/armv6-m\librt.a(gcc_ctor_dtor.o)
 .debug_line    0x000082c5       0xbd C:/Freescale/CW MCU v10.4/MCU/ARM_GCC_Support/ewl/lib/armv6-m\librt.a(ROMCopy.o)
 .debug_line    0x00008382      0x117 C:/Freescale/CW MCU v10.4/MCU/ARM_GCC_Support/ewl/lib/armv6-m\librt.a(__arm_eabi_init.o)

.debug_str      0x00000000     0x22a8
 .debug_str     0x00000000      0x2bf ./Project_Settings/Startup_Code/kinetis_sysinit.o
                                0x2e6 (size before relaxing)
 .debug_str     0x000002bf       0x85 ./Project_Settings/Startup_Code/__arm_start.o
                                0x1c0 (size before relaxing)
 .debug_str     0x00000344       0x41 ./Project_Settings/Startup_Code/__arm_end.o
                                 0xf7 (size before relaxing)
 .debug_str     0x00000385      0x1f9 ./Sources/APP/Tasks.o
                                0x367 (size before relaxing)
 .debug_str     0x0000057e       0x1e ./Sources/APP/Coeficientes.o
                                0x190 (size before relaxing)
 .debug_str     0x0000059c      0x3e1 ./Sources/SDL/UART.o
                                0x672 (size before relaxing)
 .debug_str     0x0000097d      0x19d ./Sources/SDL/Terminal.o
                                0x3a9 (size before relaxing)
 .debug_str     0x00000b1a       0xb5 ./Sources/SDL/Servo.o
                                0x55b (size before relaxing)
 .debug_str     0x00000bcf       0xa0 ./Sources/SDL/Queue.o
                                0x247 (size before relaxing)
 .debug_str     0x00000c6f       0x46 ./Sources/SDL/Potentiometer.o
                                0x196 (size before relaxing)
 .debug_str     0x00000cb5       0x46 ./Sources/SDL/Motor.o
                                0x2e6 (size before relaxing)
 .debug_str     0x00000cfb       0xe9 ./Sources/SDL/MMA8451.o
                                0x232 (size before relaxing)
 .debug_str     0x00000de4      0x11c ./Sources/SDL/LineScanCamera.o
                                0x3ea (size before relaxing)
 .debug_str     0x00000f00       0x26 ./Sources/SDL/Led_RGB.o
                                0x1e2 (size before relaxing)
 .debug_str     0x00000f26      0x112 ./Sources/SDL/I2C.o
                                0x39e (size before relaxing)
 .debug_str     0x00001038       0x78 ./Sources/SDL/BoardSupport.o
                                0x30f (size before relaxing)
 .debug_str     0x000010b0      0x1be ./Sources/SDL/ADC.o
                                0x783 (size before relaxing)
 .debug_str     0x0000126e       0x72 ./Sources/Scheduler/Core/Core_Tick_ISR.o
                                0x12e (size before relaxing)
 .debug_str     0x000012e0      0x13e ./Sources/Scheduler/Core/Core_Config.o
                                0x203 (size before relaxing)
 .debug_str     0x0000141e       0x90 ./Sources/Scheduler/Core/Core.o
                                0x29d (size before relaxing)
 .debug_str     0x000014ae      0x14b ./Sources/Scheduler/PeriodicTasks/Periodic_Tasks_Init.o
                                0x286 (size before relaxing)
 .debug_str     0x000015f9       0xeb ./Sources/Scheduler/PeriodicTasks/Periodic_Tasks.o
                                0x275 (size before relaxing)
 .debug_str     0x000016e4       0x89 ./Sources/mcl/arm_cm0.o
                                0x25c (size before relaxing)
 .debug_str     0x0000176d       0xc5 ./Sources/mcl/CrystalClock.o
                                0x21e (size before relaxing)
 .debug_str     0x00001832       0x50 ./Sources/mcl/ARM_SysTick.o
                                0x194 (size before relaxing)
 .debug_str     0x00001882       0x45 ./Sources/main.o
                                0x277 (size before relaxing)
 .debug_str     0x000018c7       0x23 ./Sources/TFC.o
                                0x1a0 (size before relaxing)
 .debug_str     0x000018ea       0x3e C:/Freescale/CW MCU v10.4/MCU/ARM_GCC_Support/ewl/lib/armv6-m\libc.a(sscanf.o)
                                0x161 (size before relaxing)
 .debug_str     0x00001928       0x25 C:/Freescale/CW MCU v10.4/MCU/ARM_GCC_Support/ewl/lib/armv6-m\libc.a(vsprintf.o)
                                0x167 (size before relaxing)
 .debug_str     0x0000194d       0x9c C:/Freescale/CW MCU v10.4/MCU/ARM_GCC_Support/ewl/lib/armv6-m\libc.a(vsscanf.o)
                                0x1e5 (size before relaxing)
 .debug_str     0x000019e9       0x2e C:/Freescale/CW MCU v10.4/MCU/ARM_GCC_Support/ewl/lib/armv6-m\libc.a(exit.o)
                                0x157 (size before relaxing)
 .debug_str     0x00001a17       0x23 C:/Freescale/CW MCU v10.4/MCU/ARM_GCC_Support/ewl/lib/armv6-m\libc.a(memset.o)
                                0x140 (size before relaxing)
 .debug_str     0x00001a3a       0x26 C:/Freescale/CW MCU v10.4/MCU/ARM_GCC_Support/ewl/lib/armv6-m\libc.a(strcmp.o)
                                0x152 (size before relaxing)
 .debug_str     0x00001a60       0x1c C:/Freescale/CW MCU v10.4/MCU/ARM_GCC_Support/ewl/lib/armv6-m\libc.a(strcpy.o)
                                0x142 (size before relaxing)
 .debug_str     0x00001a7c       0x1c C:/Freescale/CW MCU v10.4/MCU/ARM_GCC_Support/ewl/lib/armv6-m\libc.a(strlen.o)
                                0x140 (size before relaxing)
 .debug_str     0x00001a98      0x21d C:/Freescale/CW MCU v10.4/MCU/ARM_GCC_Support/ewl/lib/armv6-m\libc.a(printformat_.o)
                                0x3b3 (size before relaxing)
 .debug_str     0x00001cb5      0x14b C:/Freescale/CW MCU v10.4/MCU/ARM_GCC_Support/ewl/lib/armv6-m\libc.a(scanformat_.o)
                                0x3f9 (size before relaxing)
 .debug_str     0x00001e00       0x9d C:/Freescale/CW MCU v10.4/MCU/ARM_GCC_Support/ewl/lib/armv6-m\libc.a(ctype_aeabi.o)
                                0x1bc (size before relaxing)
 .debug_str     0x00001e9d       0x7c C:/Freescale/CW MCU v10.4/MCU/ARM_GCC_Support/ewl/lib/armv6-m\libc.a(vsnprintf.o)
                                0x1cc (size before relaxing)
 .debug_str     0x00001f19       0x61 C:/Freescale/CW MCU v10.4/MCU/ARM_GCC_Support/ewl/lib/armv6-m\libc.a(__strtoul.o)
                                0x1fb (size before relaxing)
 .debug_str     0x00001f7a       0x25 C:/Freescale/CW MCU v10.4/MCU/ARM_GCC_Support/ewl/lib/armv6-m\libc.a(__filll_mem.o)
                                0x152 (size before relaxing)
 .debug_str     0x00001f9f       0x1c C:/Freescale/CW MCU v10.4/MCU/ARM_GCC_Support/ewl/lib/armv6-m\libc.a(memchr.o)
                                0x148 (size before relaxing)
 .debug_str     0x00001fbb       0x1c C:/Freescale/CW MCU v10.4/MCU/ARM_GCC_Support/ewl/lib/armv6-m\libc.a(memcpy.o)
                                0x138 (size before relaxing)
 .debug_str     0x00001fd7       0x1c C:/Freescale/CW MCU v10.4/MCU/ARM_GCC_Support/ewl/lib/armv6-m\libc.a(strchr.o)
                                0x137 (size before relaxing)
 .debug_str     0x00001ff3      0x126 C:/Freescale/CW MCU v10.4/MCU/ARM_GCC_Support/ewl/lib/armv6-m\librt.a(gcc_ctor_dtor.o)
                                0x181 (size before relaxing)
 .debug_str     0x00002119       0x9c C:/Freescale/CW MCU v10.4/MCU/ARM_GCC_Support/ewl/lib/armv6-m\librt.a(ROMCopy.o)
                                0x13c (size before relaxing)
 .debug_str     0x000021b5       0xf3 C:/Freescale/CW MCU v10.4/MCU/ARM_GCC_Support/ewl/lib/armv6-m\librt.a(__arm_eabi_init.o)
                                0x1b5 (size before relaxing)

.comment        0x00000000       0x79
 .comment       0x00000000       0x79 ./Project_Settings/Startup_Code/kinetis_sysinit.o
                                 0x7a (size before relaxing)
 .comment       0x00000000       0x7a ./Project_Settings/Startup_Code/__arm_start.o
 .comment       0x00000000       0x7a ./Project_Settings/Startup_Code/__arm_end.o
 .comment       0x00000000       0x7a ./Sources/APP/Tasks.o
 .comment       0x00000000       0x7a ./Sources/APP/Coeficientes.o
 .comment       0x00000000       0x7a ./Sources/SDL/UART.o
 .comment       0x00000000       0x7a ./Sources/SDL/Terminal.o
 .comment       0x00000000       0x7a ./Sources/SDL/Servo.o
 .comment       0x00000000       0x7a ./Sources/SDL/Queue.o
 .comment       0x00000000       0x7a ./Sources/SDL/Potentiometer.o
 .comment       0x00000000       0x7a ./Sources/SDL/Motor.o
 .comment       0x00000000       0x7a ./Sources/SDL/MMA8451.o
 .comment       0x00000000       0x7a ./Sources/SDL/LineScanCamera.o
 .comment       0x00000000       0x7a ./Sources/SDL/Led_RGB.o
 .comment       0x00000000       0x7a ./Sources/SDL/I2C.o
 .comment       0x00000000       0x7a ./Sources/SDL/BoardSupport.o
 .comment       0x00000000       0x7a ./Sources/SDL/ADC.o
 .comment       0x00000000       0x7a ./Sources/Scheduler/Core/Core_Tick_ISR.o
 .comment       0x00000000       0x7a ./Sources/Scheduler/Core/Core_Config.o
 .comment       0x00000000       0x7a ./Sources/Scheduler/Core/Core.o
 .comment       0x00000000       0x7a ./Sources/Scheduler/PeriodicTasks/Periodic_Tasks_Init.o
 .comment       0x00000000       0x7a ./Sources/Scheduler/PeriodicTasks/Periodic_Tasks.o
 .comment       0x00000000       0x7a ./Sources/mcl/arm_cm0.o
 .comment       0x00000000       0x7a ./Sources/mcl/CrystalClock.o
 .comment       0x00000000       0x7a ./Sources/mcl/ARM_SysTick.o
 .comment       0x00000000       0x7a ./Sources/main.o
 .comment       0x00000000       0x7a ./Sources/TFC.o
 .comment       0x00000000       0x7a C:/Freescale/CW MCU v10.4/MCU/ARM_GCC_Support/ewl/lib/armv6-m\libc.a(sscanf.o)
 .comment       0x00000000       0x7a C:/Freescale/CW MCU v10.4/MCU/ARM_GCC_Support/ewl/lib/armv6-m\libc.a(vsprintf.o)
 .comment       0x00000000       0x7a C:/Freescale/CW MCU v10.4/MCU/ARM_GCC_Support/ewl/lib/armv6-m\libc.a(vsscanf.o)
 .comment       0x00000000       0x7a C:/Freescale/CW MCU v10.4/MCU/ARM_GCC_Support/ewl/lib/armv6-m\libc.a(exit.o)
 .comment       0x00000000       0x7a C:/Freescale/CW MCU v10.4/MCU/ARM_GCC_Support/ewl/lib/armv6-m\libc.a(memset.o)
 .comment       0x00000000       0x7a C:/Freescale/CW MCU v10.4/MCU/ARM_GCC_Support/ewl/lib/armv6-m\libc.a(strcmp.o)
 .comment       0x00000000       0x7a C:/Freescale/CW MCU v10.4/MCU/ARM_GCC_Support/ewl/lib/armv6-m\libc.a(strcpy.o)
 .comment       0x00000000       0x7a C:/Freescale/CW MCU v10.4/MCU/ARM_GCC_Support/ewl/lib/armv6-m\libc.a(strlen.o)
 .comment       0x00000000       0x7a C:/Freescale/CW MCU v10.4/MCU/ARM_GCC_Support/ewl/lib/armv6-m\libc.a(printformat_.o)
 .comment       0x00000000       0x7a C:/Freescale/CW MCU v10.4/MCU/ARM_GCC_Support/ewl/lib/armv6-m\libc.a(scanformat_.o)
 .comment       0x00000000       0x7a C:/Freescale/CW MCU v10.4/MCU/ARM_GCC_Support/ewl/lib/armv6-m\libc.a(ctype_aeabi.o)
 .comment       0x00000000       0x7a C:/Freescale/CW MCU v10.4/MCU/ARM_GCC_Support/ewl/lib/armv6-m\libc.a(vsnprintf.o)
 .comment       0x00000000       0x7a C:/Freescale/CW MCU v10.4/MCU/ARM_GCC_Support/ewl/lib/armv6-m\libc.a(__strtoul.o)
 .comment       0x00000000       0x7a C:/Freescale/CW MCU v10.4/MCU/ARM_GCC_Support/ewl/lib/armv6-m\libc.a(__filll_mem.o)
 .comment       0x00000000       0x7a C:/Freescale/CW MCU v10.4/MCU/ARM_GCC_Support/ewl/lib/armv6-m\libc.a(memchr.o)
 .comment       0x00000000       0x7a C:/Freescale/CW MCU v10.4/MCU/ARM_GCC_Support/ewl/lib/armv6-m\libc.a(memcpy.o)
 .comment       0x00000000       0x7a C:/Freescale/CW MCU v10.4/MCU/ARM_GCC_Support/ewl/lib/armv6-m\libc.a(strchr.o)
 .comment       0x00000000       0x7a C:/Freescale/CW MCU v10.4/MCU/ARM_GCC_Support/ewl/lib/armv6-m\librt.a(gcc_ctor_dtor.o)
 .comment       0x00000000       0x7a C:/Freescale/CW MCU v10.4/MCU/ARM_GCC_Support/ewl/lib/armv6-m\librt.a(ROMCopy.o)
 .comment       0x00000000       0x7a C:/Freescale/CW MCU v10.4/MCU/ARM_GCC_Support/ewl/lib/armv6-m\librt.a(__arm_eabi_init.o)

.debug_frame    0x00000000     0x18d8
 .debug_frame   0x00000000       0x48 ./Project_Settings/Startup_Code/kinetis_sysinit.o
 .debug_frame   0x00000048       0x4c ./Project_Settings/Startup_Code/__arm_start.o
 .debug_frame   0x00000094       0x30 ./Project_Settings/Startup_Code/__arm_end.o
 .debug_frame   0x000000c4       0xf0 ./Sources/APP/Tasks.o
 .debug_frame   0x000001b4       0xe8 ./Sources/SDL/UART.o
 .debug_frame   0x0000029c      0x148 ./Sources/SDL/Terminal.o
 .debug_frame   0x000003e4       0x8c ./Sources/SDL/Servo.o
 .debug_frame   0x00000470       0xf0 ./Sources/SDL/Queue.o
 .debug_frame   0x00000560       0x50 ./Sources/SDL/Potentiometer.o
 .debug_frame   0x000005b0       0x50 ./Sources/SDL/Motor.o
 .debug_frame   0x00000600       0xc8 ./Sources/SDL/MMA8451.o
 .debug_frame   0x000006c8       0x4c ./Sources/SDL/LineScanCamera.o
 .debug_frame   0x00000714       0x2c ./Sources/SDL/Led_RGB.o
 .debug_frame   0x00000740      0x230 ./Sources/SDL/I2C.o
 .debug_frame   0x00000970       0x8c ./Sources/SDL/BoardSupport.o
 .debug_frame   0x000009fc       0xe8 ./Sources/SDL/ADC.o
 .debug_frame   0x00000ae4       0x2c ./Sources/Scheduler/Core/Core_Tick_ISR.o
 .debug_frame   0x00000b10       0x50 ./Sources/Scheduler/Core/Core.o
 .debug_frame   0x00000b60      0x10c ./Sources/Scheduler/PeriodicTasks/Periodic_Tasks_Init.o
 .debug_frame   0x00000c6c       0xdc ./Sources/Scheduler/PeriodicTasks/Periodic_Tasks.o
 .debug_frame   0x00000d48       0xc8 ./Sources/mcl/arm_cm0.o
 .debug_frame   0x00000e10       0x50 ./Sources/mcl/CrystalClock.o
 .debug_frame   0x00000e60       0x2c ./Sources/mcl/ARM_SysTick.o
 .debug_frame   0x00000e8c       0x64 ./Sources/main.o
 .debug_frame   0x00000ef0       0x48 ./Sources/TFC.o
 .debug_frame   0x00000f38       0x2c C:/Freescale/CW MCU v10.4/MCU/ARM_GCC_Support/ewl/lib/armv6-m\libc.a(sscanf.o)
 .debug_frame   0x00000f64       0x28 C:/Freescale/CW MCU v10.4/MCU/ARM_GCC_Support/ewl/lib/armv6-m\libc.a(vsprintf.o)
 .debug_frame   0x00000f8c       0x48 C:/Freescale/CW MCU v10.4/MCU/ARM_GCC_Support/ewl/lib/armv6-m\libc.a(vsscanf.o)
 .debug_frame   0x00000fd4       0x2c C:/Freescale/CW MCU v10.4/MCU/ARM_GCC_Support/ewl/lib/armv6-m\libc.a(exit.o)
 .debug_frame   0x00001000       0x28 C:/Freescale/CW MCU v10.4/MCU/ARM_GCC_Support/ewl/lib/armv6-m\libc.a(memset.o)
 .debug_frame   0x00001028       0x28 C:/Freescale/CW MCU v10.4/MCU/ARM_GCC_Support/ewl/lib/armv6-m\libc.a(strcmp.o)
 .debug_frame   0x00001050       0x28 C:/Freescale/CW MCU v10.4/MCU/ARM_GCC_Support/ewl/lib/armv6-m\libc.a(strcpy.o)
 .debug_frame   0x00001078       0x28 C:/Freescale/CW MCU v10.4/MCU/ARM_GCC_Support/ewl/lib/armv6-m\libc.a(strlen.o)
 .debug_frame   0x000010a0       0x54 C:/Freescale/CW MCU v10.4/MCU/ARM_GCC_Support/ewl/lib/armv6-m\libc.a(printformat_.o)
 .debug_frame   0x000010f4       0x34 C:/Freescale/CW MCU v10.4/MCU/ARM_GCC_Support/ewl/lib/armv6-m\libc.a(scanformat_.o)
 .debug_frame   0x00001128      0x158 C:/Freescale/CW MCU v10.4/MCU/ARM_GCC_Support/ewl/lib/armv6-m\libc.a(ctype_aeabi.o)
 .debug_frame   0x00001280       0x4c C:/Freescale/CW MCU v10.4/MCU/ARM_GCC_Support/ewl/lib/armv6-m\libc.a(vsnprintf.o)
 .debug_frame   0x000012cc       0x30 C:/Freescale/CW MCU v10.4/MCU/ARM_GCC_Support/ewl/lib/armv6-m\libc.a(__strtoul.o)
 .debug_frame   0x000012fc       0x2c C:/Freescale/CW MCU v10.4/MCU/ARM_GCC_Support/ewl/lib/armv6-m\libc.a(__filll_mem.o)
 .debug_frame   0x00001328       0x28 C:/Freescale/CW MCU v10.4/MCU/ARM_GCC_Support/ewl/lib/armv6-m\libc.a(memchr.o)
 .debug_frame   0x00001350       0x28 C:/Freescale/CW MCU v10.4/MCU/ARM_GCC_Support/ewl/lib/armv6-m\libc.a(memcpy.o)
 .debug_frame   0x00001378       0x28 C:/Freescale/CW MCU v10.4/MCU/ARM_GCC_Support/ewl/lib/armv6-m\libc.a(strchr.o)
 .debug_frame   0x000013a0       0x20 c:/freescale/cw mcu v10.4/cross_tools/arm-none-eabi-gcc-4_7_3/bin/../lib/gcc/arm-none-eabi/4.7.3/armv6-m\libgcc.a(_udivsi3.o)
 .debug_frame   0x000013c0       0x20 c:/freescale/cw mcu v10.4/cross_tools/arm-none-eabi-gcc-4_7_3/bin/../lib/gcc/arm-none-eabi/4.7.3/armv6-m\libgcc.a(_divsi3.o)
 .debug_frame   0x000013e0       0x28 c:/freescale/cw mcu v10.4/cross_tools/arm-none-eabi-gcc-4_7_3/bin/../lib/gcc/arm-none-eabi/4.7.3/armv6-m\libgcc.a(_fixunssfsi.o)
 .debug_frame   0x00001408       0x3c c:/freescale/cw mcu v10.4/cross_tools/arm-none-eabi-gcc-4_7_3/bin/../lib/gcc/arm-none-eabi/4.7.3/armv6-m\libgcc.a(divsf3.o)
 .debug_frame   0x00001444       0x2c c:/freescale/cw mcu v10.4/cross_tools/arm-none-eabi-gcc-4_7_3/bin/../lib/gcc/arm-none-eabi/4.7.3/armv6-m\libgcc.a(eqsf2.o)
 .debug_frame   0x00001470       0x30 c:/freescale/cw mcu v10.4/cross_tools/arm-none-eabi-gcc-4_7_3/bin/../lib/gcc/arm-none-eabi/4.7.3/armv6-m\libgcc.a(gesf2.o)
 .debug_frame   0x000014a0       0x30 c:/freescale/cw mcu v10.4/cross_tools/arm-none-eabi-gcc-4_7_3/bin/../lib/gcc/arm-none-eabi/4.7.3/armv6-m\libgcc.a(lesf2.o)
 .debug_frame   0x000014d0       0x3c c:/freescale/cw mcu v10.4/cross_tools/arm-none-eabi-gcc-4_7_3/bin/../lib/gcc/arm-none-eabi/4.7.3/armv6-m\libgcc.a(mulsf3.o)