Archive member included because of file (symbol)

C:/Freescale/CW MCU v10.4/MCU/ARM_GCC_Support/ewl/lib/armv6-m\libc.a(sscanf.o)
                              ./Sources/SDL/Terminal.o (sscanf)
C:/Freescale/CW MCU v10.4/MCU/ARM_GCC_Support/ewl/lib/armv6-m\libc.a(vsprintf.o)
                              ./Sources/SDL/Queue.o (vsprintf)
C:/Freescale/CW MCU v10.4/MCU/ARM_GCC_Support/ewl/lib/armv6-m\libc.a(vsscanf.o)
                              C:/Freescale/CW MCU v10.4/MCU/ARM_GCC_Support/ewl/lib/armv6-m\libc.a(sscanf.o) (vsscanf)
C:/Freescale/CW MCU v10.4/MCU/ARM_GCC_Support/ewl/lib/armv6-m\libc.a(exit.o)
                              ./Project_Settings/Startup_Code/__arm_start.o (exit)
C:/Freescale/CW MCU v10.4/MCU/ARM_GCC_Support/ewl/lib/armv6-m\libc.a(memset.o)
                              ./Project_Settings/Startup_Code/__arm_start.o (memset)
C:/Freescale/CW MCU v10.4/MCU/ARM_GCC_Support/ewl/lib/armv6-m\libc.a(strcmp.o)
                              ./Sources/SDL/Terminal.o (strcmp)
C:/Freescale/CW MCU v10.4/MCU/ARM_GCC_Support/ewl/lib/armv6-m\libc.a(strcpy.o)
                              ./Sources/SDL/Terminal.o (strcpy)
C:/Freescale/CW MCU v10.4/MCU/ARM_GCC_Support/ewl/lib/armv6-m\libc.a(strlen.o)
                              ./Sources/SDL/Queue.o (strlen)
C:/Freescale/CW MCU v10.4/MCU/ARM_GCC_Support/ewl/lib/armv6-m\libc.a(printformat_.o)
                              (__pformatter_)
C:/Freescale/CW MCU v10.4/MCU/ARM_GCC_Support/ewl/lib/armv6-m\libc.a(scanformat_.o)
                              (__sformatter)
C:/Freescale/CW MCU v10.4/MCU/ARM_GCC_Support/ewl/lib/armv6-m\libc.a(ctype_aeabi.o)
                              C:/Freescale/CW MCU v10.4/MCU/ARM_GCC_Support/ewl/lib/armv6-m\libc.a(scanformat_.o) (isspace)
C:/Freescale/CW MCU v10.4/MCU/ARM_GCC_Support/ewl/lib/armv6-m\libc.a(vsnprintf.o)
                              C:/Freescale/CW MCU v10.4/MCU/ARM_GCC_Support/ewl/lib/armv6-m\libc.a(vsprintf.o) (vsnprintf)
C:/Freescale/CW MCU v10.4/MCU/ARM_GCC_Support/ewl/lib/armv6-m\libc.a(__strtoul.o)
                              C:/Freescale/CW MCU v10.4/MCU/ARM_GCC_Support/ewl/lib/armv6-m\libc.a(scanformat_.o) (__strtoul)
C:/Freescale/CW MCU v10.4/MCU/ARM_GCC_Support/ewl/lib/armv6-m\libc.a(__filll_mem.o)
                              C:/Freescale/CW MCU v10.4/MCU/ARM_GCC_Support/ewl/lib/armv6-m\libc.a(memset.o) (__fill_mem)
C:/Freescale/CW MCU v10.4/MCU/ARM_GCC_Support/ewl/lib/armv6-m\libc.a(memchr.o)
                              C:/Freescale/CW MCU v10.4/MCU/ARM_GCC_Support/ewl/lib/armv6-m\libc.a(printformat_.o) (memchr)
C:/Freescale/CW MCU v10.4/MCU/ARM_GCC_Support/ewl/lib/armv6-m\libc.a(memcpy.o)
                              C:/Freescale/CW MCU v10.4/MCU/ARM_GCC_Support/ewl/lib/armv6-m\libc.a(scanformat_.o) (memcpy)
C:/Freescale/CW MCU v10.4/MCU/ARM_GCC_Support/ewl/lib/armv6-m\libc.a(strchr.o)
                              C:/Freescale/CW MCU v10.4/MCU/ARM_GCC_Support/ewl/lib/armv6-m\libc.a(printformat_.o) (strchr)
c:/freescale/cw mcu v10.4/cross_tools/arm-none-eabi-gcc-4_7_3/bin/../lib/gcc/arm-none-eabi/4.7.3/armv6-m\libgcc.a(_thumb1_case_sqi.o)
                              C:/Freescale/CW MCU v10.4/MCU/ARM_GCC_Support/ewl/lib/armv6-m\libc.a(__strtoul.o) (__gnu_thumb1_case_sqi)
c:/freescale/cw mcu v10.4/cross_tools/arm-none-eabi-gcc-4_7_3/bin/../lib/gcc/arm-none-eabi/4.7.3/armv6-m\libgcc.a(_thumb1_case_uqi.o)
                              C:/Freescale/CW MCU v10.4/MCU/ARM_GCC_Support/ewl/lib/armv6-m\libc.a(scanformat_.o) (__gnu_thumb1_case_uqi)
c:/freescale/cw mcu v10.4/cross_tools/arm-none-eabi-gcc-4_7_3/bin/../lib/gcc/arm-none-eabi/4.7.3/armv6-m\libgcc.a(_udivsi3.o)
                              ./Sources/SDL/UART.o (__aeabi_uidiv)
c:/freescale/cw mcu v10.4/cross_tools/arm-none-eabi-gcc-4_7_3/bin/../lib/gcc/arm-none-eabi/4.7.3/armv6-m\libgcc.a(_divsi3.o)
                              ./Sources/APP/Tasks.o (__aeabi_idiv)
c:/freescale/cw mcu v10.4/cross_tools/arm-none-eabi-gcc-4_7_3/bin/../lib/gcc/arm-none-eabi/4.7.3/armv6-m\libgcc.a(_dvmd_tls.o)
                              c:/freescale/cw mcu v10.4/cross_tools/arm-none-eabi-gcc-4_7_3/bin/../lib/gcc/arm-none-eabi/4.7.3/armv6-m\libgcc.a(_udivsi3.o) (__aeabi_idiv0)
c:/freescale/cw mcu v10.4/cross_tools/arm-none-eabi-gcc-4_7_3/bin/../lib/gcc/arm-none-eabi/4.7.3/armv6-m\libgcc.a(_arm_cmpsf2.o)
                              ./Sources/APP/Tasks.o (__aeabi_fcmplt)
c:/freescale/cw mcu v10.4/cross_tools/arm-none-eabi-gcc-4_7_3/bin/../lib/gcc/arm-none-eabi/4.7.3/armv6-m\libgcc.a(_fixunssfsi.o)
                              ./Sources/SDL/Servo.o (__aeabi_f2uiz)
c:/freescale/cw mcu v10.4/cross_tools/arm-none-eabi-gcc-4_7_3/bin/../lib/gcc/arm-none-eabi/4.7.3/armv6-m\libgcc.a(divsf3.o)
                              ./Sources/SDL/Terminal.o (__aeabi_fdiv)
c:/freescale/cw mcu v10.4/cross_tools/arm-none-eabi-gcc-4_7_3/bin/../lib/gcc/arm-none-eabi/4.7.3/armv6-m\libgcc.a(eqsf2.o)
[...]
Memory Configuration

Name             Origin             Length             Attributes
m_interrupts     0x00000000         0x000000c0         xr
m_cfmprotrom     0x00000400         0x00000010         xr
m_text           0x00000800         0x0001f800         xr
m_data           0x1ffff000         0x00004000         xrw
*default*        0x00000000         0xffffffff

Linker script and memory map

LOAD ./Project_Settings/Startup_Code/kinetis_sysinit.o
LOAD ./Project_Settings/Startup_Code/__arm_start.o
LOAD ./Project_Settings/Startup_Code/__arm_end.o
LOAD ./Sources/APP/Tasks.o
LOAD ./Sources/APP/Coeficientes.o
LOAD ./Sources/MCL/interrupts.o
LOAD ./Sources/MCL/arm_cm0.o
LOAD ./Sources/MCL/CrystalClock.o
LOAD ./Sources/MCL/ARM_SysTick.o
LOAD ./Sources/SDL/UART.o
LOAD ./Sources/SDL/Terminal.o
LOAD ./Sources/SDL/Servo.o
LOAD ./Sources/SDL/Queue.o
LOAD ./Sources/SDL/Potentiometer.o
LOAD ./Sources/SDL/Motor.o
LOAD ./Sources/SDL/MMA8451.o
LOAD ./Sources/SDL/LineScanCamera.o
LOAD ./Sources/SDL/Led_RGB.o
LOAD ./Sources/SDL/I2C.o
LOAD ./Sources/SDL/BoardSupport.o
LOAD ./Sources/SDL/ADC.o
LOAD ./Sources/Scheduler/gsc_sch_core/gsc_sch_core_tick_isr.o
LOAD ./Sources/Scheduler/gsc_sch_core/gsc_sch_core_cfg.o
LOAD ./Sources/Scheduler/gsc_sch_core/gsc_sch_core.o
LOAD ./Sources/Scheduler/periodic_tasks/periodic_tasks_init.o
LOAD ./Sources/Scheduler/periodic_tasks/periodic_tasks_exec.o
LOAD ./Sources/sa_mtb.o
LOAD ./Sources/main.o
LOAD ./Sources/TFC.o
                0x00006290                __pformatter = __pformatter_
                [0x000066b8]                __sformatter = __sformatter
START GROUP
LOAD C:/Freescale/CW MCU v10.4/MCU/ARM_GCC_Support/ewl/lib/armv6-m\libc.a
LOAD C:/Freescale/CW MCU v10.4/MCU/ARM_GCC_Support/ewl/lib/armv6-m\libm.a
LOAD c:/freescale/cw mcu v10.4/cross_tools/arm-none-eabi-gcc-4_7_3/bin/../lib/gcc/arm-none-eabi/4.7.3/armv6-m\libgcc.a
LOAD C:/Freescale/CW MCU v10.4/MCU/ARM_GCC_Support/ewl/lib/armv6-m\librt.a
LOAD C:/Freescale/CW MCU v10.4/MCU/ARM_GCC_Support/ewl/lib/armv6-m\libuart.a
END GROUP
                0x20003000                _estack = 0x20003000
                0x20003000                __SP_INIT = _estack
                0x00000400                __heap_size = 0x400
                0x00000400                __stack_size = 0x400

.interrupts     0x00000000       0xc0
                0x00000000                __vector_table = .
                0x00000000                . = ALIGN (0x4)
 *(.vectortable)
 .vectortable   0x00000000       0xc0 ./Project_Settings/Startup_Code/kinetis_sysinit.o
                0x00000000                InterruptVector
                0x000000c0                . = ALIGN (0x4)

.cfmprotect     0x00000400        0x0
                0x00000400                . = ALIGN (0x4)
 *(.cfmconfig)
                0x00000400                . = ALIGN (0x4)

.text           0x00000800     0x7038
                0x00000800                . = ALIGN (0x4)
 *(.text)
 .text          0x00000800       0x14 c:/freescale/cw mcu v10.4/cross_tools/arm-none-eabi-gcc-4_7_3/bin/../lib/gcc/arm-none-eabi/4.7.3/armv6-m\libgcc.a(_thumb1_case_sqi.o)
                0x00000800                __gnu_thumb1_case_sqi
 .text          0x00000814       0x14 c:/freescale/cw mcu v10.4/cross_tools/arm-none-eabi-gcc-4_7_3/bin/../lib/gcc/arm-none-eabi/4.7.3/armv6-m\libgcc.a(_thumb1_case_uqi.o)
                0x00000814                __gnu_thumb1_case_uqi
 .text          0x00000828       0x9c c:/freescale/cw mcu v10.4/cross_tools/arm-none-eabi-gcc-4_7_3/bin/../lib/gcc/arm-none-eabi/4.7.3/armv6-m\libgcc.a(_udivsi3.o)
                0x00000828                __aeabi_uidiv
                0x00000828                __udivsi3
                0x000008b0                __aeabi_uidivmod
 .text          0x000008c4       0xc0 c:/freescale/cw mcu v10.4/cross_tools/arm-none-eabi-gcc-4_7_3/bin/../lib/gcc/arm-none-eabi/4.7.3/armv6-m\libgcc.a(_divsi3.o)
                0x000008c4                __divsi3
                0x000008c4                __aeabi_idiv
                0x00000970                __aeabi_idivmod
 .text          0x00000984        0x4 c:/freescale/cw mcu v10.4/cross_tools/arm-none-eabi-gcc-4_7_3/bin/../lib/gcc/arm-none-eabi/4.7.3/armv6-m\libgcc.a(_dvmd_tls.o)
                0x00000984                __aeabi_idiv0
                0x00000984                __aeabi_ldiv0
 .text          0x00000988       0x74 c:/freescale/cw mcu v10.4/cross_tools/arm-none-eabi-gcc-4_7_3/bin/../lib/gcc/arm-none-eabi/4.7.3/armv6-m\libgcc.a(_arm_cmpsf2.o)
                0x00000988                __aeabi_cfrcmple
                0x00000990                __aeabi_cfcmpeq
                0x00000990                __aeabi_cfcmple
                0x000009a0                __aeabi_fcmpeq
                0x000009ac                __aeabi_fcmplt
                0x000009c0                __aeabi_fcmple
                0x000009d4                __aeabi_fcmpgt
                0x000009e8                __aeabi_fcmpge
 .text          0x000009fc       0x30 c:/freescale/cw mcu v10.4/cross_tools/arm-none-eabi-gcc-4_7_3/bin/../lib/gcc/arm-none-eabi/4.7.3/armv6-m\libgcc.a(_fixunssfsi.o)
                0x000009fc                __fixunssfsi
                0x000009fc                __aeabi_f2uiz
 .text          0x00000a2c      0x274 c:/freescale/cw mcu v10.4/cross_tools/arm-none-eabi-gcc-4_7_3/bin/../lib/gcc/arm-none-eabi/4.7.3/armv6-m\libgcc.a(divsf3.o)
                0x00000a2c                __aeabi_fdiv
 .text          0x00000ca0       0x50 c:/freescale/cw mcu v10.4/cross_tools/arm-none-eabi-gcc-4_7_3/bin/../lib/gcc/arm-none-eabi/4.7.3/armv6-m\libgcc.a(eqsf2.o)
                0x00000ca0                __eqsf2
                0x00000ca0                __nesf2
 .text          0x00000cf0       0x90 c:/freescale/cw mcu v10.4/cross_tools/arm-none-eabi-gcc-4_7_3/bin/../lib/gcc/arm-none-eabi/4.7.3/armv6-m\libgcc.a(gesf2.o)
                0x00000cf0                __gesf2
                0x00000cf0                __gtsf2
 .text          0x00000d80       0x90 c:/freescale/cw mcu v10.4/cross_tools/arm-none-eabi-gcc-4_7_3/bin/../lib/gcc/arm-none-eabi/4.7.3/armv6-m\libgcc.a(lesf2.o)
                0x00000d80                __ltsf2
                0x00000d80                __lesf2
 .text          0x00000e10      0x260 c:/freescale/cw mcu v10.4/cross_tools/arm-none-eabi-gcc-4_7_3/bin/../lib/gcc/arm-none-eabi/4.7.3/armv6-m\libgcc.a(mulsf3.o)
                0x00000e10                __aeabi_fmul
 .text          0x00001070      0x3ac c:/freescale/cw mcu v10.4/cross_tools/arm-none-eabi-gcc-4_7_3/bin/../lib/gcc/arm-none-eabi/4.7.3/armv6-m\libgcc.a(subsf3.o)
                0x00001070                __aeabi_fsub
 .text          0x0000141c       0x40 c:/freescale/cw mcu v10.4/cross_tools/arm-none-eabi-gcc-4_7_3/bin/../lib/gcc/arm-none-eabi/4.7.3/armv6-m\libgcc.a(fixsfsi.o)
                0x0000141c                __aeabi_f2iz
 .text          0x0000145c       0xa8 c:/freescale/cw mcu v10.4/cross_tools/arm-none-eabi-gcc-4_7_3/bin/../lib/gcc/arm-none-eabi/4.7.3/armv6-m\libgcc.a(floatsisf.o)
                0x0000145c                __aeabi_i2f
 .text          0x00001504       0xa8 c:/freescale/cw mcu v10.4/cross_tools/arm-none-eabi-gcc-4_7_3/bin/../lib/gcc/arm-none-eabi/4.7.3/armv6-m\libgcc.a(floatunsisf.o)
                0x00001504                __aeabi_ui2f
 .text          0x000015ac      0x758 c:/freescale/cw mcu v10.4/cross_tools/arm-none-eabi-gcc-4_7_3/bin/../lib/gcc/arm-none-eabi/4.7.3/armv6-m\libgcc.a(adddf3.o)
                0x000015ac                __aeabi_dadd
 .text          0x00001d04      0x5b8 c:/freescale/cw mcu v10.4/cross_tools/arm-none-eabi-gcc-4_7_3/bin/../lib/gcc/arm-none-eabi/4.7.3/armv6-m\libgcc.a(divdf3.o)
                0x00001d04                __aeabi_ddiv
 .text          0x000022bc      0x4e4 c:/freescale/cw mcu v10.4/cross_tools/arm-none-eabi-gcc-4_7_3/bin/../lib/gcc/arm-none-eabi/4.7.3/armv6-m\libgcc.a(muldf3.o)
                0x000022bc                __aeabi_dmul
 .text          0x000027a0      0x6f8 c:/freescale/cw mcu v10.4/cross_tools/arm-none-eabi-gcc-4_7_3/bin/../lib/gcc/arm-none-eabi/4.7.3/armv6-m\libgcc.a(subdf3.o)
                0x000027a0                __aeabi_dsub
 .text          0x00002e98       0x68 c:/freescale/cw mcu v10.4/cross_tools/arm-none-eabi-gcc-4_7_3/bin/../lib/gcc/arm-none-eabi/4.7.3/armv6-m\libgcc.a(fixdfsi.o)
                0x00002e98                __aeabi_d2iz
 .text          0x00002f00       0x74 c:/freescale/cw mcu v10.4/cross_tools/arm-none-eabi-gcc-4_7_3/bin/../lib/gcc/arm-none-eabi/4.7.3/armv6-m\libgcc.a(floatsidf.o)
                0x00002f00                __aeabi_i2d
 .text          0x00002f74       0x64 c:/freescale/cw mcu v10.4/cross_tools/arm-none-eabi-gcc-4_7_3/bin/../lib/gcc/arm-none-eabi/4.7.3/armv6-m\libgcc.a(floatunsidf.o)
                0x00002f74                __aeabi_ui2d
 .text          0x00002fd8       0xa8 c:/freescale/cw mcu v10.4/cross_tools/arm-none-eabi-gcc-4_7_3/bin/../lib/gcc/arm-none-eabi/4.7.3/armv6-m\libgcc.a(extendsfdf2.o)
                0x00002fd8                __aeabi_f2d
 .text          0x00003080      0x134 c:/freescale/cw mcu v10.4/cross_tools/arm-none-eabi-gcc-4_7_3/bin/../lib/gcc/arm-none-eabi/4.7.3/armv6-m\libgcc.a(truncdfsf2.o)
                0x00003080                __aeabi_d2f
 .text          0x000031b4       0x3c c:/freescale/cw mcu v10.4/cross_tools/arm-none-eabi-gcc-4_7_3/bin/../lib/gcc/arm-none-eabi/4.7.3/armv6-m\libgcc.a(_clzsi2.o)
                0x000031b4                __clzsi2
 *(.text*)
 .text.Default_Handler
                0x000031f0        0xc ./Project_Settings/Startup_Code/kinetis_sysinit.o
                0x000031f0                RTC_Alarm_IRQHandler
                0x000031f0                I2C0_IRQHandler
                0x000031f0                HardFault_Handler
                0x000031f0                PendSV_Handler
                0x000031f0                NMI_Handler
                0x000031f0                I2C1_IRQHandler
                0x000031f0                UART1_IRQHandler
                0x000031f0                DMA2_IRQHandler
                0x000031f0                TSI0_IRQHandler
                0x000031f0                SPI1_IRQHandler
                0x000031f0                PORTD_IRQHandler
                0x000031f0                LPTimer_IRQHandler
                0x000031f0                RTC_Seconds_IRQHandler
                0x000031f0                MCG_IRQHandler
                0x000031f0                UART2_IRQHandler
                0x000031f0                Default_Handler
                0x000031f0                LLW_IRQHandler
                0x000031f0                SVC_Handler
                0x000031f0                USBOTG_IRQHandler
                0x000031f0                DMA3_IRQHandler
                0x000031f0                DMA0_IRQHandler
                0x000031f0                DAC0_IRQHandler
                0x000031f0                PMC_IRQHandler
                0x000031f0                SPI0_IRQHandler
                0x000031f0                FTM0_IRQHandler
                0x000031f0                PORTA_IRQHandler
                0x000031f0                MCM_IRQHandler
                0x000031f0                FTFL_IRQHandler
                0x000031f0                FTM2_IRQHandler
                0x000031f0                CMP0_IRQHandler
                0x000031f0                DMA1_IRQHandler
 .text.__init_hardware
                0x000031fc       0x2c ./Project_Settings/Startup_Code/kinetis_sysinit.o
                0x000031fc                __init_hardware
 .text.zero_fill_bss
                0x00003228       0x24 ./Project_Settings/Startup_Code/__arm_start.o
 .text.__thumb_startup
                0x0000324c       0x30 ./Project_Settings/Startup_Code/__arm_start.o
                0x0000324c                __thumb_startup
 .text._ExitProcess
                0x0000327c        0xc ./Project_Settings/Startup_Code/__arm_end.o
                0x0000327c                _ExitProcess
 .text.CapturarLineaBase
                0x00003288       0xb8 ./Sources/APP/Tasks.o
                0x00003288                CapturarLineaBase
 .text.DetectarLinea
                0x00003340       0x7c ./Sources/APP/Tasks.o
                0x00003340                DetectarLinea
 *fill*         0x000033bc        0x4 00
 .text.SeguirLineaCamara
                0x000033c0      0x138 ./Sources/APP/Tasks.o
                0x000033c0                SeguirLineaCamara
 .text.VoltajeBateria
                0x000034f8       0xac ./Sources/APP/Tasks.o
                0x000034f8                VoltajeBateria
 *fill*         0x000035a4        0x4 00
 .text.Pruebas  0x000035a8      0x240 ./Sources/APP/Tasks.o
                0x000035a8                Pruebas
 .text.enable_irq
                0x000037e8       0x6c ./Sources/MCL/arm_cm0.o
                0x000037e8                enable_irq
 .text.disable_irq
                0x00003854       0x40 ./Sources/MCL/arm_cm0.o
                0x00003854                disable_irq
 .text.InitClock
                0x00003894       0x24 ./Sources/MCL/CrystalClock.o
                0x00003894                InitClock
 .text.pll_init
                0x000038b8      0x548 ./Sources/MCL/CrystalClock.o
                0x000038b8                pll_init
 .text.InitSysTick
                0x00003e00       0x1c ./Sources/MCL/ARM_SysTick.o
                0x00003e00                InitSysTick
 .text.TFC_InitUARTs
                0x00003e1c       0xd0 ./Sources/SDL/UART.o
                0x00003e1c                TFC_InitUARTs
 .text.TFC_UART_Process
                0x00003eec       0x40 ./Sources/SDL/UART.o
                0x00003eec                TFC_UART_Process
 .text.UART0_IRQHandler
                0x00003f2c       0x78 ./Sources/SDL/UART.o
                0x00003f2c                UART0_IRQHandler
 .text.uart0_init
                0x00003fa4      0x22c ./Sources/SDL/UART.o
                0x00003fa4                uart0_init
 .text.TerminalBootMsg
                0x000041d0       0x6c ./Sources/SDL/Terminal.o
                0x000041d0                TerminalBootMsg
 .text.TFC_InitTerminal
                0x0000423c       0x20 ./Sources/SDL/Terminal.o
                0x0000423c                TFC_InitTerminal
 .text.TerminalCmd_Help
                0x0000425c       0xa4 ./Sources/SDL/Terminal.o
                0x0000425c                TerminalCmd_Help
 .text.TerminalCmd_E
                0x00004300       0x30 ./Sources/SDL/Terminal.o
                0x00004300                TerminalCmd_E
 .text.TerminalCmd_D
                0x00004330       0x3c ./Sources/SDL/Terminal.o
                0x00004330                TerminalCmd_D
 .text.TerminalCmd_GetLineScan
                0x0000436c      0x114 ./Sources/SDL/Terminal.o
                0x0000436c                TerminalCmd_GetLineScan
 .text.TerminalCmd_S
                0x00004480       0xac ./Sources/SDL/Terminal.o
                0x00004480                TerminalCmd_S
 .text.TerminalCmd_H
                0x0000452c       0xa8 ./Sources/SDL/Terminal.o
                0x0000452c                TerminalCmd_H
 .text.TFC_ProcessTerminal
                0x000045d4      0x2c0 ./Sources/SDL/Terminal.o
                0x000045d4                TFC_ProcessTerminal
 *fill*         0x00004894        0x4 00
 .text.TFC_SetServo
                0x00004898       0x98 ./Sources/SDL/Servo.o
                0x00004898                TFC_SetServo
 .text.TFC_SetServoDutyCycle
                0x00004930       0x68 ./Sources/SDL/Servo.o
                0x00004930                TFC_SetServoDutyCycle
 .text.FTM1_IRQHandler
                0x00004998       0x40 ./Sources/SDL/Servo.o
                0x00004998                FTM1_IRQHandler
 .text.TFC_InitServos
                0x000049d8       0xd4 ./Sources/SDL/Servo.o
                0x000049d8                TFC_InitServos
 .text.InitByteQueue
                0x00004aac       0x6c ./Sources/SDL/Queue.o
                0x00004aac                InitByteQueue
 .text.BytesInQueue
                0x00004b18       0x50 ./Sources/SDL/Queue.o
                0x00004b18                BytesInQueue
 .text.ByteEnqueue
                0x00004b68       0x64 ./Sources/SDL/Queue.o
                0x00004b68                ByteEnqueue
 .text.ByteArrayEnqueue
                0x00004bcc       0x58 ./Sources/SDL/Queue.o
                0x00004bcc                ByteArrayEnqueue
 .text.Qprintf  0x00004c24       0x50 ./Sources/SDL/Queue.o
                0x00004c24                Qprintf
 .text.ByteDequeue
                0x00004c74       0x5c ./Sources/SDL/Queue.o
                0x00004c74                ByteDequeue
 .text.ForcedByteDequeue
                0x00004cd0       0x58 ./Sources/SDL/Queue.o
                0x00004cd0                ForcedByteDequeue
 .text.TFC_ReadPot1
                0x00004d28       0x34 ./Sources/SDL/Potentiometer.o
                0x00004d28                TFC_ReadPot1
 .text.TFC_InitMotorPWM
                0x00004d5c       0xd4 ./Sources/SDL/Motor.o
                0x00004d5c                TFC_InitMotorPWM
 .text.TFC_SetMotorPWM
                0x00004e30      0x140 ./Sources/SDL/Motor.o
                0x00004e30                TFC_SetMotorPWM
 .text.TFC_Accel_Init
                0x00004f70       0x30 ./Sources/SDL/MMA8451.o
                0x00004f70                TFC_Accel_Init
 .text.hal_dev_mma8451_init
                0x00004fa0       0x14 ./Sources/SDL/MMA8451.o
                0x00004fa0                hal_dev_mma8451_init
 .text.pause    0x00004fb4       0x20 ./Sources/SDL/MMA8451.o
 .text.hal_dev_mma8451_read_reg
                0x00004fd4       0xc4 ./Sources/SDL/MMA8451.o
                0x00004fd4                hal_dev_mma8451_read_reg
 .text.hal_dev_mma8451_write_reg
                0x00005098       0x88 ./Sources/SDL/MMA8451.o
                0x00005098                hal_dev_mma8451_write_reg
 .text.TFC_InitLineScanCamera
                0x00005120       0xc8 ./Sources/SDL/LineScanCamera.o
                0x00005120                TFC_InitLineScanCamera
 .text.TFC_SetLineScanExposureTime
                0x000051e8       0x70 ./Sources/SDL/LineScanCamera.o
                0x000051e8                TFC_SetLineScanExposureTime
 .text.TFC_RGB_Init
                0x00005258       0xa0 ./Sources/SDL/Led_RGB.o
                0x00005258                TFC_RGB_Init
 .text.i2c_set_tx_mode
                0x000052f8       0x20 ./Sources/SDL/I2C.o
                0x000052f8                i2c_set_tx_mode
 .text.i2c_set_rx_mode
                0x00005318       0x20 ./Sources/SDL/I2C.o
                0x00005318                i2c_set_rx_mode
 .text.i2c_set_slave_mode
                0x00005338       0x20 ./Sources/SDL/I2C.o
                0x00005338                i2c_set_slave_mode
 .text.i2c_set_master_mode
                0x00005358       0x20 ./Sources/SDL/I2C.o
                0x00005358                i2c_set_master_mode
 .text.i2c_give_nack
                0x00005378       0x20 ./Sources/SDL/I2C.o
                0x00005378                i2c_give_nack
 .text.i2c_repeated_start
                0x00005398       0x20 ./Sources/SDL/I2C.o
                0x00005398                i2c_repeated_start
 .text.i2c_write_byte
                0x000053b8       0x1c ./Sources/SDL/I2C.o
                0x000053b8                i2c_write_byte
 .text.i2c_read_byte
                0x000053d4       0x18 ./Sources/SDL/I2C.o
                0x000053d4                i2c_read_byte
 .text.i2c_start
                0x000053ec       0x20 ./Sources/SDL/I2C.o
                0x000053ec                i2c_start
 .text.i2c_stop
                0x0000540c       0x20 ./Sources/SDL/I2C.o
                0x0000540c                i2c_stop
 .text.i2c_wait
                0x0000542c       0x30 ./Sources/SDL/I2C.o
                0x0000542c                i2c_wait
 .text.i2c_get_ack
                0x0000545c       0x24 ./Sources/SDL/I2C.o
                0x0000545c                i2c_get_ack
 .text.hal_i2c0_init
                0x00005480       0x5c ./Sources/SDL/I2C.o
                0x00005480                hal_i2c0_init
 .text.TFC_InitGPIO
                0x000054dc      0x104 ./Sources/SDL/BoardSupport.o
                0x000054dc                TFC_InitGPIO
 .text.TFC_SetBatteryLED_Level
                0x000055e0      0x118 ./Sources/SDL/BoardSupport.o
                0x000055e0                TFC_SetBatteryLED_Level
 .text.EstadoLed
                0x000056f8       0x44 ./Sources/SDL/BoardSupport.o
                0x000056f8                EstadoLed
 .text.TFC_GetDIP_Switch
                0x0000573c       0x2c ./Sources/SDL/BoardSupport.o
                0x0000573c                TFC_GetDIP_Switch
 .text.ADC_Cal  0x00005768      0x1b4 ./Sources/SDL/ADC.o
                0x00005768                ADC_Cal
 .text.ADC_Config_Alt
                0x0000591c       0x60 ./Sources/SDL/ADC.o
                0x0000591c                ADC_Config_Alt
 .text.InitADC0
                0x0000597c       0x90 ./Sources/SDL/ADC.o
                0x0000597c                InitADC0
 .text.TFC_InitADCs
                0x00005a0c       0x70 ./Sources/SDL/ADC.o
                0x00005a0c                TFC_InitADCs
 .text.PIT_IRQHandler
                0x00005a7c       0x40 ./Sources/SDL/ADC.o
                0x00005a7c                PIT_IRQHandler
 .text.ADC0_IRQHandler
                0x00005abc      0x228 ./Sources/SDL/ADC.o
                0x00005abc                ADC0_IRQHandler
 .text.gsc_sch_core_tick_isr
                0x00005ce4       0x14 ./Sources/Scheduler/gsc_sch_core/gsc_sch_core_tick_isr.o
                0x00005ce4                gsc_sch_core_tick_isr
 .text.gsc_sch_core_Init
                0x00005cf8       0x60 ./Sources/Scheduler/gsc_sch_core/gsc_sch_core.o
                0x00005cf8                gsc_sch_core_Init
 .text.gsc_sch_core_exec
                0x00005d58      0x118 ./Sources/Scheduler/gsc_sch_core/gsc_sch_core.o
                0x00005d58                gsc_sch_core_exec
 .text.periodic_tasks_init_MclDrvs
                0x00005e70        0x8 ./Sources/Scheduler/periodic_tasks/periodic_tasks_init.o
                0x00005e70                periodic_tasks_init_MclDrvs
 .text.periodic_tasks_init_SysDrvs
                0x00005e78        0x8 ./Sources/Scheduler/periodic_tasks/periodic_tasks_init.o
                0x00005e78                periodic_tasks_init_SysDrvs
 .text.periodic_tasks_init_task_5tks
                0x00005e80        0x8 ./Sources/Scheduler/periodic_tasks/periodic_tasks_init.o
                0x00005e80                periodic_tasks_init_task_5tks
 .text.periodic_tasks_init_task_10tks
                0x00005e88        0x8 ./Sources/Scheduler/periodic_tasks/periodic_tasks_init.o
                0x00005e88                periodic_tasks_init_task_10tks
 .text.periodic_tasks_init_task_20tks
                0x00005e90        0x8 ./Sources/Scheduler/periodic_tasks/periodic_tasks_init.o
                0x00005e90                periodic_tasks_init_task_20tks
 .text.periodic_tasks_init_task_50tks
                0x00005e98        0x8 ./Sources/Scheduler/periodic_tasks/periodic_tasks_init.o
                0x00005e98                periodic_tasks_init_task_50tks
 .text.periodic_tasks_init_task_100tks
                0x00005ea0        0x8 ./Sources/Scheduler/periodic_tasks/periodic_tasks_init.o
                0x00005ea0                periodic_tasks_init_task_100tks
 .text.periodic_tasks_init_task_500tks
                0x00005ea8        0x8 ./Sources/Scheduler/periodic_tasks/periodic_tasks_init.o
                0x00005ea8                periodic_tasks_init_task_500tks
 .text.periodic_tasks_init_task_1Mtks
                0x00005eb0        0x8 ./Sources/Scheduler/periodic_tasks/periodic_tasks_init.o
                0x00005eb0                periodic_tasks_init_task_1Mtks
 .text.periodic_tasks_exec_5tks
                0x00005eb8        0x8 ./Sources/Scheduler/periodic_tasks/periodic_tasks_exec.o
                0x00005eb8                periodic_tasks_exec_5tks
 .text.periodic_tasks_exec_10tks
                0x00005ec0        0x8 ./Sources/Scheduler/periodic_tasks/periodic_tasks_exec.o
                0x00005ec0                periodic_tasks_exec_10tks
 .text.periodic_tasks_exec_20tks
                0x00005ec8       0x20 ./Sources/Scheduler/periodic_tasks/periodic_tasks_exec.o
                0x00005ec8                periodic_tasks_exec_20tks
 .text.periodic_tasks_exec_50tks
                0x00005ee8        0xc ./Sources/Scheduler/periodic_tasks/periodic_tasks_exec.o
                0x00005ee8                periodic_tasks_exec_50tks
 .text.periodic_tasks_exec_100tks
                0x00005ef4        0x8 ./Sources/Scheduler/periodic_tasks/periodic_tasks_exec.o
                0x00005ef4                periodic_tasks_exec_100tks
 .text.periodic_tasks_exec_500tks
                0x00005efc       0x14 ./Sources/Scheduler/periodic_tasks/periodic_tasks_exec.o
                0x00005efc                periodic_tasks_exec_500tks
 .text.periodic_tasks_exec_1Mtks
                0x00005f10       0x18 ./Sources/Scheduler/periodic_tasks/periodic_tasks_exec.o
                0x00005f10                periodic_tasks_exec_1Mtks
 .text.main     0x00005f28       0x20 ./Sources/main.o
                0x00005f28                main
 .text.WatchDog_cfg
                0x00005f48       0x1c ./Sources/main.o
                0x00005f48                WatchDog_cfg
 .text.SysTick_Handler
                0x00005f64       0x1c ./Sources/main.o
                0x00005f64                SysTick_Handler
 .text.TFC_Init
                0x00005f80       0x4c ./Sources/TFC.o
                0x00005f80                TFC_Init
 .text.TFC_Task
                0x00005fcc       0x10 ./Sources/TFC.o
                0x00005fcc                TFC_Task
 .text.sscanf   0x00005fdc       0x18 C:/Freescale/CW MCU v10.4/MCU/ARM_GCC_Support/ewl/lib/armv6-m\libc.a(sscanf.o)
                0x00005fdc                sscanf
 .text.vsprintf
                0x00005ff4       0x12 C:/Freescale/CW MCU v10.4/MCU/ARM_GCC_Support/ewl/lib/armv6-m\libc.a(vsprintf.o)
                0x00005ff4                vsprintf
 .text.__StringRead
                0x00006006       0x3c C:/Freescale/CW MCU v10.4/MCU/ARM_GCC_Support/ewl/lib/armv6-m\libc.a(vsscanf.o)
                0x00006006                __StringRead
 *fill*         0x00006042        0x2 00
 .text.vsscanf  0x00006044       0x30 C:/Freescale/CW MCU v10.4/MCU/ARM_GCC_Support/ewl/lib/armv6-m\libc.a(vsscanf.o)
                0x00006044                vsscanf
 .text.exit     0x00006074       0x38 C:/Freescale/CW MCU v10.4/MCU/ARM_GCC_Support/ewl/lib/armv6-m\libc.a(exit.o)
                0x00006074                exit
 .text.memset   0x000060ac        0xc C:/Freescale/CW MCU v10.4/MCU/ARM_GCC_Support/ewl/lib/armv6-m\libc.a(memset.o)
                0x000060ac                memset
 .text.strcmp   0x000060b8       0x1c C:/Freescale/CW MCU v10.4/MCU/ARM_GCC_Support/ewl/lib/armv6-m\libc.a(strcmp.o)
                0x000060b8                strcmp
 .text.strcpy   0x000060d4       0x10 C:/Freescale/CW MCU v10.4/MCU/ARM_GCC_Support/ewl/lib/armv6-m\libc.a(strcpy.o)
                0x000060d4                strcpy
 .text.strlen   0x000060e4       0x10 C:/Freescale/CW MCU v10.4/MCU/ARM_GCC_Support/ewl/lib/armv6-m\libc.a(strlen.o)
                0x000060e4                strlen
 .text.long2str.isra.0
                0x000060f4      0x19c C:/Freescale/CW MCU v10.4/MCU/ARM_GCC_Support/ewl/lib/armv6-m\libc.a(printformat_.o)
 .text.__pformatter_
                0x00006290      0x428 C:/Freescale/CW MCU v10.4/MCU/ARM_GCC_Support/ewl/lib/armv6-m\libc.a(printformat_.o)
                0x00006290                __pformatter_
 .text.__sformatter
                0x000066b8      0x698 C:/Freescale/CW MCU v10.4/MCU/ARM_GCC_Support/ewl/lib/armv6-m\libc.a(scanformat_.o)
                0x000066b8                __sformatter
 .text.isalpha  0x00006d50       0x20 C:/Freescale/CW MCU v10.4/MCU/ARM_GCC_Support/ewl/lib/armv6-m\libc.a(ctype_aeabi.o)
                0x00006d50                isalpha
 .text.isspace  0x00006d70       0x20 C:/Freescale/CW MCU v10.4/MCU/ARM_GCC_Support/ewl/lib/armv6-m\libc.a(ctype_aeabi.o)
                0x00006d70                isspace
 .text.toupper  0x00006d90        0xe C:/Freescale/CW MCU v10.4/MCU/ARM_GCC_Support/ewl/lib/armv6-m\libc.a(ctype_aeabi.o)
                0x00006d90                toupper
 .text.__StringWrite
                0x00006d9e       0x26 C:/Freescale/CW MCU v10.4/MCU/ARM_GCC_Support/ewl/lib/armv6-m\libc.a(vsnprintf.o)
                0x00006d9e                __StringWrite
 .text.vsnprintf
                0x00006dc4       0x38 C:/Freescale/CW MCU v10.4/MCU/ARM_GCC_Support/ewl/lib/armv6-m\libc.a(vsnprintf.o)
                0x00006dc4                vsnprintf
 .text.__strtoul
                0x00006dfc      0x1ce C:/Freescale/CW MCU v10.4/MCU/ARM_GCC_Support/ewl/lib/armv6-m\libc.a(__strtoul.o)
                0x00006dfc                __strtoul
 .text.__fill_mem
                0x00006fca       0x7e C:/Freescale/CW MCU v10.4/MCU/ARM_GCC_Support/ewl/lib/armv6-m\libc.a(__filll_mem.o)
                0x00006fca                __fill_mem
 .text.memchr   0x00007048       0x1a C:/Freescale/CW MCU v10.4/MCU/ARM_GCC_Support/ewl/lib/armv6-m\libc.a(memchr.o)
                0x00007048                memchr
 .text.memcpy   0x00007062       0x12 C:/Freescale/CW MCU v10.4/MCU/ARM_GCC_Support/ewl/lib/armv6-m\libc.a(memcpy.o)
                0x00007062                memcpy
 .text.strchr   0x00007074       0x1e C:/Freescale/CW MCU v10.4/MCU/ARM_GCC_Support/ewl/lib/armv6-m\libc.a(strchr.o)
                0x00007074                strchr
 *fill*         0x00007092        0x2 00
 .text.__init_cpp
                0x00007094       0x48 C:/Freescale/CW MCU v10.4/MCU/ARM_GCC_Support/ewl/lib/armv6-m\librt.a(gcc_ctor_dtor.o)
                0x00007094                __init_cpp
 .text.__fini_cpp
                0x000070dc       0x34 C:/Freescale/CW MCU v10.4/MCU/ARM_GCC_Support/ewl/lib/armv6-m\librt.a(gcc_ctor_dtor.o)
                0x000070dc                __fini_cpp
 .text.__copy_rom_section
                0x00007110       0x48 C:/Freescale/CW MCU v10.4/MCU/ARM_GCC_Support/ewl/lib/armv6-m\librt.a(ROMCopy.o)
                0x00007110                __copy_rom_section
 .text.__copy_rom_sections_to_ram
                0x00007158       0x34 C:/Freescale/CW MCU v10.4/MCU/ARM_GCC_Support/ewl/lib/armv6-m\librt.a(ROMCopy.o)
                0x00007158                __copy_rom_sections_to_ram
 .text.__destroy_global_chain
                0x0000718c       0x1c C:/Freescale/CW MCU v10.4/MCU/ARM_GCC_Support/ewl/lib/armv6-m\librt.a(__arm_eabi_init.o)
                0x0000718c                __destroy_global_chain
 .text.__init_registers
                0x000071a8       0x1c C:/Freescale/CW MCU v10.4/MCU/ARM_GCC_Support/ewl/lib/armv6-m\librt.a(__arm_eabi_init.o)
                0x000071a8                __init_registers
 .text.__init_user
                0x000071c4        0x4 C:/Freescale/CW MCU v10.4/MCU/ARM_GCC_Support/ewl/lib/armv6-m\librt.a(__arm_eabi_init.o)
                0x000071c4                __init_user
 *(.rodata)
 .rodata        0x000071c8       0x70 ./Sources/APP/Tasks.o
 .rodata        0x00007238      0x348 ./Sources/SDL/Terminal.o
 .rodata        0x00007580       0x40 c:/freescale/cw mcu v10.4/cross_tools/arm-none-eabi-gcc-4_7_3/bin/../lib/gcc/arm-none-eabi/4.7.3/armv6-m\libgcc.a(divsf3.o)
 .rodata        0x000075c0       0x40 c:/freescale/cw mcu v10.4/cross_tools/arm-none-eabi-gcc-4_7_3/bin/../lib/gcc/arm-none-eabi/4.7.3/armv6-m\libgcc.a(mulsf3.o)
 .rodata        0x00007600       0x40 c:/freescale/cw mcu v10.4/cross_tools/arm-none-eabi-gcc-4_7_3/bin/../lib/gcc/arm-none-eabi/4.7.3/armv6-m\libgcc.a(divdf3.o)
 .rodata        0x00007640       0x40 c:/freescale/cw mcu v10.4/cross_tools/arm-none-eabi-gcc-4_7_3/bin/../lib/gcc/arm-none-eabi/4.7.3/armv6-m\libgcc.a(muldf3.o)
 *(.rodata*)
 .rodata.TFC_SetBatteryLED_Level
                0x00007680       0x1c ./Sources/SDL/BoardSupport.o
 .rodata.cps_mngTaskList
                0x0000769c       0x90 ./Sources/Scheduler/gsc_sch_core/gsc_sch_core_cfg.o
                0x0000769c                cps_mngTaskList
 .rodata.str1.1
                0x0000772c        0x1 C:/Freescale/CW MCU v10.4/MCU/ARM_GCC_Support/ewl/lib/armv6-m\libc.a(printformat_.o)
 .rodata.CSWTCH.20
                0x0000772d        0x5 C:/Freescale/CW MCU v10.4/MCU/ARM_GCC_Support/ewl/lib/armv6-m\libc.a(printformat_.o)
 .rodata.CSWTCH.21
                0x00007732        0x5 C:/Freescale/CW MCU v10.4/MCU/ARM_GCC_Support/ewl/lib/armv6-m\libc.a(printformat_.o)
 .rodata.__aeabi_ctype_table_C
                0x00007737      0x101 C:/Freescale/CW MCU v10.4/MCU/ARM_GCC_Support/ewl/lib/armv6-m\libc.a(ctype_aeabi.o)
                0x00007737                __aeabi_ctype_table_C
 *(.glue_7)
 .glue_7        0x00000000        0x0 linker stubs
 *(.glue_7t)
 .glue_7t       0x00000000        0x0 linker stubs
 *(.eh_frame)
 *(.init)
 *(.fini)
                0x00007838                . = ALIGN (0x4)
                0x00007838                _etext = .

.vfp11_veneer   0x00007838        0x0
 .vfp11_veneer  0x00000000        0x0 linker stubs

.v4_bx          0x00007838        0x0
 .v4_bx         0x00000000        0x0 linker stubs

.iplt           0x00007838        0x0
 .iplt          0x00000000        0x0 ./Project_Settings/Startup_Code/kinetis_sysinit.o

.rel.dyn        0x00007838        0x0
 .rel.iplt      0x00000000        0x0 ./Project_Settings/Startup_Code/kinetis_sysinit.o

.ARM.extab
 *(.ARM.extab* .gnu.linkonce.armextab.*)

.ARM            0x00007838        0x0
                0x00007838                __exidx_start = .
 *(.ARM.exidx*)
                0x00007838                __exidx_end = .

.ctors          0x00007838        0x0
                0x00007838                __CTOR_LIST__ = .
 *crtbegin.o(.ctors)
 *(EXCLUDE_FILE(*crtend.o) .ctors)
 *(SORT(.ctors.*))
 *(.ctors)
                0x00007838                __CTOR_END__ = .

.dtors          0x00007838        0x0
                0x00007838                __DTOR_LIST__ = .
 *crtbegin.o(.dtors)
 *(EXCLUDE_FILE(*crtend.o) .dtors)
 *(SORT(.dtors.*))
 *(.dtors)
                0x00007838                __DTOR_END__ = .

.preinit_array  0x00007838        0x0
                0x00007838                PROVIDE (__preinit_array_start, .)
 *(.preinit_array*)
                0x00007838                PROVIDE (__preinit_array_end, .)

.init_array     0x00007838        0x0
                0x00007838                PROVIDE (__init_array_start, .)
 *(SORT(.init_array.*))
 *(.init_array*)
                0x00007838                PROVIDE (__init_array_end, .)

.fini_array     0x00007838        0x0
                0x00007838                PROVIDE (__fini_array_start, .)
 *(SORT(.fini_array.*))
 *(.fini_array*)
                0x00007838                PROVIDE (__fini_array_end, .)
                0x00007838                ___ROM_AT = .

.mtb            0x1ffff000        0x0
                0x1ffff000                . = ALIGN (0x8)
                0x1ffff000                _mtb_start = .
 *(.mtb_buf)
                0x1ffff000                . = ALIGN (0x8)
                0x1ffff000                _mtb_end = .

.data           0x1ffff000     0x17c8 load address 0x00007838
                0x1ffff000                . = ALIGN (0x4)
                0x1ffff000                _sdata = .
 *(.data)
 *(.data*)
 .data.pos      0x1ffff000        0x4 ./Sources/APP/Tasks.o
                0x1ffff000                pos
 .data.servomotor
                0x1ffff004      0x7d4 ./Sources/APP/Coeficientes.o
                0x1ffff004                servomotor
 .data.motor_izquierdo
                0x1ffff7d8      0x7d4 ./Sources/APP/Coeficientes.o
                0x1ffff7d8                motor_izquierdo
 .data.motor_derecho
                0x1fffffac      0x7d4 ./Sources/APP/Coeficientes.o
                0x1fffffac                motor_derecho
 .data.MyTerminalCallbackRecords
                0x20000780       0x48 ./Sources/SDL/Terminal.o
                0x20000780                MyTerminalCallbackRecords
                0x200007c8                . = ALIGN (0x4)
                0x200007c8                _edata = .
                0x000017c8                ___data_size = (_edata - _sdata)

.igot.plt       0x200007c8        0x0 load address 0x00009000
 .igot.plt      0x00000000        0x0 ./Project_Settings/Startup_Code/kinetis_sysinit.o
                0x200007c8                . = ALIGN (0x4)

.bss            0x200007c8      0xe74 load address 0x00009000
                0x200007c8                __START_BSS = .
                0x200007c8                PROVIDE (__bss_start__, __START_BSS)
 *(.bss)
 *(.bss*)
 .bss.argv      0x200007c8        0x4 ./Project_Settings/Startup_Code/__arm_start.o
 .bss.h         0x200007cc        0x4 ./Sources/APP/Tasks.o
                0x200007cc                h
 .bss.StringBuffer
                0x200007d0      0x100 ./Sources/SDL/Queue.o
 .bss.LineScanImageReady
                0x200008d0        0x1 ./Sources/SDL/LineScanCamera.o
                0x200008d0                LineScanImageReady
 .bss.CurrentADC_State
                0x200008d1        0x1 ./Sources/SDL/ADC.o
 .bss.CurrentLineScanPixel
                0x200008d2        0x1 ./Sources/SDL/ADC.o
                0x200008d2                CurrentLineScanPixel
 .bss.CurrentLineScanChannel
                0x200008d3        0x1 ./Sources/SDL/ADC.o
                0x200008d3                CurrentLineScanChannel
 .bss.re_sch_mngExecflag
                0x200008d4        0x1 ./Sources/Scheduler/gsc_sch_core/gsc_sch_core_tick_isr.o
                0x200008d4                re_sch_mngExecflag
 *fill*         0x200008d5        0x3 00
 .bss.sys_tick_counter
                0x200008d8        0x4 ./Sources/main.o
                0x200008d8                sys_tick_counter
 .bss.__stdio_exit
                0x200008dc        0x4 C:/Freescale/CW MCU v10.4/MCU/ARM_GCC_Support/ewl/lib/armv6-m\libc.a(exit.o)
                0x200008dc                __stdio_exit
 .bss.__console_exit
                0x200008e0        0x4 C:/Freescale/CW MCU v10.4/MCU/ARM_GCC_Support/ewl/lib/armv6-m\libc.a(exit.o)
                0x200008e0                __console_exit
 .bss.__S_romp  0x200008e4        0xc C:/Freescale/CW MCU v10.4/MCU/ARM_GCC_Support/ewl/lib/armv6-m\librt.a(ROMCopy.o)
 .bss.__global_destructor_chain
                0x200008f0        0x4 C:/Freescale/CW MCU v10.4/MCU/ARM_GCC_Support/ewl/lib/armv6-m\librt.a(__arm_eabi_init.o)
                0x200008f0                __global_destructor_chain
 *(COMMON)
 COMMON         0x200008f4      0x20c ./Sources/APP/Tasks.o
                0x200008f4                LineaBase
                0x20000afc                t
 COMMON         0x20000b00      0x898 ./Sources/SDL/UART.o
                0x20000b00                SDA_SERIAL_INCOMING_QUEUE
                0x20000b0c                SDA_SERIAL_OUTGOING_QUEUE
                0x20000b18                SDA_SERIAL_INCOMING_QUEUE_Storage
                0x20000b98                SDA_SERIAL_OUTGOING_QUEUE_Storage
 COMMON         0x20001398       0x86 ./Sources/SDL/Terminal.o
                0x20001398                CmdFound
                0x20001399                NextCharIn
                0x2000139c                TerminalLineBuf
                0x200013dc                TerminalArgs
                0x200013fc                TerminalCmdBuf
                0x2000141d                TerminalPos
 COMMON         0x2000141e        0x1 ./Sources/SDL/Servo.o
                0x2000141e                ServoTickVar
 *fill*         0x2000141f        0x1 00
 COMMON         0x20001420      0x214 ./Sources/SDL/LineScanCamera.o
                0x20001420                LineScanWorkingBuffer
                0x20001424                LineScanImage1
                0x20001428                LineScanImage0Buffer
                0x20001528                LineScanImage0WorkingBuffer
                0x2000152c                LineScanImage1Buffer
                0x2000162c                LineScanImage0
                0x20001630                LineScanImage1WorkingBuffer
 COMMON         0x20001634        0x3 ./Sources/SDL/ADC.o
                0x20001634                PotADC_Value
                0x20001636                BatSenseADC_Value
 *fill*         0x20001637        0x1 00
 COMMON         0x20001638        0x2 ./Sources/Scheduler/gsc_sch_core/gsc_sch_core.o
                0x20001638                rt_curOpMode
                0x2000163c                . = ALIGN (0x4)
 *fill*         0x2000163a        0x2 00
                0x2000163c                __END_BSS = .
                0x2000163c                PROVIDE (__bss_end__, __END_BSS)
                0x00009000                _romp_at = (___ROM_AT + SIZEOF (.data))

.romp           0x2000163c       0x18 load address 0x00009000
                0x00009000                __S_romp = _romp_at
                0x2000163c        0x4 LONG 0x7838 ___ROM_AT
                0x20001640        0x4 LONG 0x1ffff000 _sdata
                0x20001644        0x4 LONG 0x17c8 ___data_size
                0x20001648        0x4 LONG 0x0
                0x2000164c        0x4 LONG 0x0
                0x20001650        0x4 LONG 0x0

._user_heap_stack
                0x20001654      0x800 load address 0x00009018
                0x20001654                . = ALIGN (0x4)
                0x20001654                PROVIDE (end, .)
                0x20001654                PROVIDE (_end, .)
                0x20001654                __heap_addr = .
                0x20001a54                . = (. + __heap_size)
 *fill*         0x20001654      0x400 00
                0x20001e54                . = (. + __stack_size)
 *fill*         0x20001a54      0x400 00
                0x20001e54                . = ALIGN (0x4)

.ARM.attributes
                0x00000000       0x31
 *(.ARM.attributes)
 .ARM.attributes
                0x00000000       0x31 ./Project_Settings/Startup_Code/kinetis_sysinit.o
 .ARM.attributes
                0x00000031       0x31 ./Project_Settings/Startup_Code/__arm_start.o
 .ARM.attributes
                0x00000062       0x31 ./Project_Settings/Startup_Code/__arm_end.o
 .ARM.attributes
                0x00000093       0x31 ./Sources/APP/Tasks.o
 .ARM.attributes
                0x000000c4       0x31 ./Sources/APP/Coeficientes.o
 .ARM.attributes
                0x000000f5       0x31 ./Sources/MCL/arm_cm0.o
 .ARM.attributes
                0x00000126       0x31 ./Sources/MCL/CrystalClock.o
 .ARM.attributes
                0x00000157       0x31 ./Sources/MCL/ARM_SysTick.o
 .ARM.attributes
                0x00000188       0x31 ./Sources/SDL/UART.o
 .ARM.attributes
                0x000001b9       0x31 ./Sources/SDL/Terminal.o
 .ARM.attributes
                0x000001ea       0x31 ./Sources/SDL/Servo.o
 .ARM.attributes
                0x0000021b       0x31 ./Sources/SDL/Queue.o
 .ARM.attributes
                0x0000024c       0x31 ./Sources/SDL/Potentiometer.o
 .ARM.attributes
                0x0000027d       0x31 ./Sources/SDL/Motor.o
 .ARM.attributes
                0x000002ae       0x31 ./Sources/SDL/MMA8451.o
 .ARM.attributes
                0x000002df       0x31 ./Sources/SDL/LineScanCamera.o
 .ARM.attributes
                0x00000310       0x31 ./Sources/SDL/Led_RGB.o
 .ARM.attributes
                0x00000341       0x31 ./Sources/SDL/I2C.o
 .ARM.attributes
                0x00000372       0x31 ./Sources/SDL/BoardSupport.o
 .ARM.attributes
                0x000003a3       0x31 ./Sources/SDL/ADC.o
 .ARM.attributes
                0x000003d4       0x31 ./Sources/Scheduler/gsc_sch_core/gsc_sch_core_tick_isr.o
 .ARM.attributes
                0x00000405       0x31 ./Sources/Scheduler/gsc_sch_core/gsc_sch_core_cfg.o
 .ARM.attributes
                0x00000436       0x31 ./Sources/Scheduler/gsc_sch_core/gsc_sch_core.o
 .ARM.attributes
                0x00000467       0x31 ./Sources/Scheduler/periodic_tasks/periodic_tasks_init.o
 .ARM.attributes
                0x00000498       0x31 ./Sources/Scheduler/periodic_tasks/periodic_tasks_exec.o
 .ARM.attributes
                0x000004c9       0x31 ./Sources/main.o
 .ARM.attributes
                0x000004fa       0x31 ./Sources/TFC.o
 .ARM.attributes
                0x0000052b       0x31 C:/Freescale/CW MCU v10.4/MCU/ARM_GCC_Support/ewl/lib/armv6-m\libc.a(sscanf.o)
 .ARM.attributes
                0x0000055c       0x31 C:/Freescale/CW MCU v10.4/MCU/ARM_GCC_Support/ewl/lib/armv6-m\libc.a(vsprintf.o)
 .ARM.attributes
                0x0000058d       0x31 C:/Freescale/CW MCU v10.4/MCU/ARM_GCC_Support/ewl/lib/armv6-m\libc.a(vsscanf.o)
 .ARM.attributes
                0x000005be       0x31 C:/Freescale/CW MCU v10.4/MCU/ARM_GCC_Support/ewl/lib/armv6-m\libc.a(exit.o)
 .ARM.attributes
                0x000005ef       0x31 C:/Freescale/CW MCU v10.4/MCU/ARM_GCC_Support/ewl/lib/armv6-m\libc.a(memset.o)
 .ARM.attributes
                0x00000620       0x31 C:/Freescale/CW MCU v10.4/MCU/ARM_GCC_Support/ewl/lib/armv6-m\libc.a(strcmp.o)
 .ARM.attributes
                0x00000651       0x31 C:/Freescale/CW MCU v10.4/MCU/ARM_GCC_Support/ewl/lib/armv6-m\libc.a(strcpy.o)
 .ARM.attributes
                0x00000682       0x31 C:/Freescale/CW MCU v10.4/MCU/ARM_GCC_Support/ewl/lib/armv6-m\libc.a(strlen.o)
 .ARM.attributes
                0x000006b3       0x31 C:/Freescale/CW MCU v10.4/MCU/ARM_GCC_Support/ewl/lib/armv6-m\libc.a(printformat_.o)
 .ARM.attributes
                0x000006e4       0x31 C:/Freescale/CW MCU v10.4/MCU/ARM_GCC_Support/ewl/lib/armv6-m\libc.a(scanformat_.o)
 .ARM.attributes
                0x00000715       0x31 C:/Freescale/CW MCU v10.4/MCU/ARM_GCC_Support/ewl/lib/armv6-m\libc.a(ctype_aeabi.o)
 .ARM.attributes
                0x00000746       0x31 C:/Freescale/CW MCU v10.4/MCU/ARM_GCC_Support/ewl/lib/armv6-m\libc.a(vsnprintf.o)
 .ARM.attributes
                0x00000777       0x31 C:/Freescale/CW MCU v10.4/MCU/ARM_GCC_Support/ewl/lib/armv6-m\libc.a(__strtoul.o)
 .ARM.attributes
                0x000007a8       0x31 C:/Freescale/CW MCU v10.4/MCU/ARM_GCC_Support/ewl/lib/armv6-m\libc.a(__filll_mem.o)
 .ARM.attributes
                0x000007d9       0x31 C:/Freescale/CW MCU v10.4/MCU/ARM_GCC_Support/ewl/lib/armv6-m\libc.a(memchr.o)
 .ARM.attributes
                0x0000080a       0x31 C:/Freescale/CW MCU v10.4/MCU/ARM_GCC_Support/ewl/lib/armv6-m\libc.a(memcpy.o)
 .ARM.attributes
                0x0000083b       0x31 C:/Freescale/CW MCU v10.4/MCU/ARM_GCC_Support/ewl/lib/armv6-m\libc.a(strchr.o)
 .ARM.attributes
                0x0000086c       0x1e c:/freescale/cw mcu v10.4/cross_tools/arm-none-eabi-gcc-4_7_3/bin/../lib/gcc/arm-none-eabi/4.7.3/armv6-m\libgcc.a(_thumb1_case_sqi.o)
 .ARM.attributes
                0x0000088a       0x1e c:/freescale/cw mcu v10.4/cross_tools/arm-none-eabi-gcc-4_7_3/bin/../lib/gcc/arm-none-eabi/4.7.3/armv6-m\libgcc.a(_thumb1_case_uqi.o)
 .ARM.attributes
                0x000008a8       0x1e c:/freescale/cw mcu v10.4/cross_tools/arm-none-eabi-gcc-4_7_3/bin/../lib/gcc/arm-none-eabi/4.7.3/armv6-m\libgcc.a(_udivsi3.o)
 .ARM.attributes
                0x000008c6       0x1e c:/freescale/cw mcu v10.4/cross_tools/arm-none-eabi-gcc-4_7_3/bin/../lib/gcc/arm-none-eabi/4.7.3/armv6-m\libgcc.a(_divsi3.o)
 .ARM.attributes
                0x000008e4       0x1e c:/freescale/cw mcu v10.4/cross_tools/arm-none-eabi-gcc-4_7_3/bin/../lib/gcc/arm-none-eabi/4.7.3/armv6-m\libgcc.a(_dvmd_tls.o)
 .ARM.attributes
                0x00000902       0x1e c:/freescale/cw mcu v10.4/cross_tools/arm-none-eabi-gcc-4_7_3/bin/../lib/gcc/arm-none-eabi/4.7.3/armv6-m\libgcc.a(_arm_cmpsf2.o)
 .ARM.attributes
                0x00000920       0x2c c:/freescale/cw mcu v10.4/cross_tools/arm-none-eabi-gcc-4_7_3/bin/../lib/gcc/arm-none-eabi/4.7.3/armv6-m\libgcc.a(_fixunssfsi.o)
 .ARM.attributes
                0x0000094c       0x2c c:/freescale/cw mcu v10.4/cross_tools/arm-none-eabi-gcc-4_7_3/bin/../lib/gcc/arm-none-eabi/4.7.3/armv6-m\libgcc.a(divsf3.o)
 .ARM.attributes
                0x00000978       0x2c c:/freescale/cw mcu v10.4/cross_tools/arm-none-eabi-gcc-4_7_3/bin/../lib/gcc/arm-none-eabi/4.7.3/armv6-m\libgcc.a(eqsf2.o)
 .ARM.attributes
                0x000009a4       0x2c c:/freescale/cw mcu v10.4/cross_tools/arm-none-eabi-gcc-4_7_3/bin/../lib/gcc/arm-none-eabi/4.7.3/armv6-m\libgcc.a(gesf2.o)
 .ARM.attributes
                0x000009d0       0x2c c:/freescale/cw mcu v10.4/cross_tools/arm-none-eabi-gcc-4_7_3/bin/../lib/gcc/arm-none-eabi/4.7.3/armv6-m\libgcc.a(lesf2.o)
 .ARM.attributes
                0x000009fc       0x2c c:/freescale/cw mcu v10.4/cross_tools/arm-none-eabi-gcc-4_7_3/bin/../lib/gcc/arm-none-eabi/4.7.3/armv6-m\libgcc.a(mulsf3.o)
 .ARM.attributes
                0x00000a28       0x2c c:/freescale/cw mcu v10.4/cross_tools/arm-none-eabi-gcc-4_7_3/bin/../lib/gcc/arm-none-eabi/4.7.3/armv6-m\libgcc.a(subsf3.o)
 .ARM.attributes
                0x00000a54       0x2c c:/freescale/cw mcu v10.4/cross_tools/arm-none-eabi-gcc-4_7_3/bin/../lib/gcc/arm-none-eabi/4.7.3/armv6-m\libgcc.a(fixsfsi.o)
 .ARM.attributes
                0x00000a80       0x2c c:/freescale/cw mcu v10.4/cross_tools/arm-none-eabi-gcc-4_7_3/bin/../lib/gcc/arm-none-eabi/4.7.3/armv6-m\libgcc.a(floatsisf.o)
 .ARM.attributes
                0x00000aac       0x2c c:/freescale/cw mcu v10.4/cross_tools/arm-none-eabi-gcc-4_7_3/bin/../lib/gcc/arm-none-eabi/4.7.3/armv6-m\libgcc.a(floatunsisf.o)
 .ARM.attributes
                0x00000ad8       0x2c c:/freescale/cw mcu v10.4/cross_tools/arm-none-eabi-gcc-4_7_3/bin/../lib/gcc/arm-none-eabi/4.7.3/armv6-m\libgcc.a(adddf3.o)
 .ARM.attributes
                0x00000b04       0x2c c:/freescale/cw mcu v10.4/cross_tools/arm-none-eabi-gcc-4_7_3/bin/../lib/gcc/arm-none-eabi/4.7.3/armv6-m\libgcc.a(divdf3.o)
 .ARM.attributes
                0x00000b30       0x2c c:/freescale/cw mcu v10.4/cross_tools/arm-none-eabi-gcc-4_7_3/bin/../lib/gcc/arm-none-eabi/4.7.3/armv6-m\libgcc.a(muldf3.o)
 .ARM.attributes
                0x00000b5c       0x2c c:/freescale/cw mcu v10.4/cross_tools/arm-none-eabi-gcc-4_7_3/bin/../lib/gcc/arm-none-eabi/4.7.3/armv6-m\libgcc.a(subdf3.o)
 .ARM.attributes
                0x00000b88       0x2c c:/freescale/cw mcu v10.4/cross_tools/arm-none-eabi-gcc-4_7_3/bin/../lib/gcc/arm-none-eabi/4.7.3/armv6-m\libgcc.a(fixdfsi.o)
 .ARM.attributes
                0x00000bb4       0x2c c:/freescale/cw mcu v10.4/cross_tools/arm-none-eabi-gcc-4_7_3/bin/../lib/gcc/arm-none-eabi/4.7.3/armv6-m\libgcc.a(floatsidf.o)
 .ARM.attributes
                0x00000be0       0x2c c:/freescale/cw mcu v10.4/cross_tools/arm-none-eabi-gcc-4_7_3/bin/../lib/gcc/arm-none-eabi/4.7.3/armv6-m\libgcc.a(floatunsidf.o)
 .ARM.attributes
                0x00000c0c       0x2c c:/freescale/cw mcu v10.4/cross_tools/arm-none-eabi-gcc-4_7_3/bin/../lib/gcc/arm-none-eabi/4.7.3/armv6-m\libgcc.a(extendsfdf2.o)
 .ARM.attributes
                0x00000c38       0x2c c:/freescale/cw mcu v10.4/cross_tools/arm-none-eabi-gcc-4_7_3/bin/../lib/gcc/arm-none-eabi/4.7.3/armv6-m\libgcc.a(truncdfsf2.o)
 .ARM.attributes
                0x00000c64       0x1e c:/freescale/cw mcu v10.4/cross_tools/arm-none-eabi-gcc-4_7_3/bin/../lib/gcc/arm-none-eabi/4.7.3/armv6-m\libgcc.a(_clzsi2.o)
 .ARM.attributes
                0x00000c82       0x31 C:/Freescale/CW MCU v10.4/MCU/ARM_GCC_Support/ewl/lib/armv6-m\librt.a(gcc_ctor_dtor.o)
 .ARM.attributes
                0x00000cb3       0x31 C:/Freescale/CW MCU v10.4/MCU/ARM_GCC_Support/ewl/lib/armv6-m\librt.a(ROMCopy.o)
 .ARM.attributes
                0x00000ce4       0x31 C:/Freescale/CW MCU v10.4/MCU/ARM_GCC_Support/ewl/lib/armv6-m\librt.a(__arm_eabi_init.o)
OUTPUT(gsc_sch_MKL25Z128.elf elf32-littlearm)

.debug_info     0x00000000     0x7d3f
 .debug_info    0x00000000      0x447 ./Project_Settings/Startup_Code/kinetis_sysinit.o
 .debug_info    0x00000447      0x12a ./Project_Settings/Startup_Code/__arm_start.o
 .debug_info    0x00000571       0x54 ./Project_Settings/Startup_Code/__arm_end.o
 .debug_info    0x000005c5      0x3c7 ./Sources/APP/Tasks.o
 .debug_info    0x0000098c       0xbd ./Sources/APP/Coeficientes.o
 .debug_info    0x00000a49      0x3cb ./Sources/MCL/arm_cm0.o
 .debug_info    0x00000e14      0x27d ./Sources/MCL/CrystalClock.o
 .debug_info    0x00001091       0xf6 ./Sources/MCL/ARM_SysTick.o
 .debug_info    0x00001187      0x84b ./Sources/SDL/UART.o
 .debug_info    0x000019d2      0x494 ./Sources/SDL/Terminal.o
 .debug_info    0x00001e66      0x614 ./Sources/SDL/Servo.o
 .debug_info    0x0000247a      0x302 ./Sources/SDL/Queue.o
 .debug_info    0x0000277c      0x100 ./Sources/SDL/Potentiometer.o
 .debug_info    0x0000287c      0x495 ./Sources/SDL/Motor.o
 .debug_info    0x00002d11      0x2b1 ./Sources/SDL/MMA8451.o
 .debug_info    0x00002fc2      0x5b7 ./Sources/SDL/LineScanCamera.o
 .debug_info    0x00003579      0x1b4 ./Sources/SDL/Led_RGB.o
 .debug_info    0x0000372d      0x6c0 ./Sources/SDL/I2C.o
 .debug_info    0x00003ded      0x45c ./Sources/SDL/BoardSupport.o
 .debug_info    0x00004249      0xad4 ./Sources/SDL/ADC.o
 .debug_info    0x00004d1d       0xb6 ./Sources/Scheduler/gsc_sch_core/gsc_sch_core_tick_isr.o
 .debug_info    0x00004dd3      0x16e ./Sources/Scheduler/gsc_sch_core/gsc_sch_core_cfg.o
 .debug_info    0x00004f41      0x237 ./Sources/Scheduler/gsc_sch_core/gsc_sch_core.o
 .debug_info    0x00005178      0x133 ./Sources/Scheduler/periodic_tasks/periodic_tasks_init.o
 .debug_info    0x000052ab      0x193 ./Sources/Scheduler/periodic_tasks/periodic_tasks_exec.o
 .debug_info    0x0000543e      0x30a ./Sources/main.o
 .debug_info    0x00005748      0x128 ./Sources/TFC.o
 .debug_info    0x00005870      0x118 C:/Freescale/CW MCU v10.4/MCU/ARM_GCC_Support/ewl/lib/armv6-m\libc.a(sscanf.o)
 .debug_info    0x00005988      0x12a C:/Freescale/CW MCU v10.4/MCU/ARM_GCC_Support/ewl/lib/armv6-m\libc.a(vsprintf.o)
 .debug_info    0x00005ab2      0x253 C:/Freescale/CW MCU v10.4/MCU/ARM_GCC_Support/ewl/lib/armv6-m\libc.a(vsscanf.o)
 .debug_info    0x00005d05       0xe8 C:/Freescale/CW MCU v10.4/MCU/ARM_GCC_Support/ewl/lib/armv6-m\libc.a(exit.o)
 .debug_info    0x00005ded       0xec C:/Freescale/CW MCU v10.4/MCU/ARM_GCC_Support/ewl/lib/armv6-m\libc.a(memset.o)
 .debug_info    0x00005ed9      0x114 C:/Freescale/CW MCU v10.4/MCU/ARM_GCC_Support/ewl/lib/armv6-m\libc.a(strcmp.o)
 .debug_info    0x00005fed      0x109 C:/Freescale/CW MCU v10.4/MCU/ARM_GCC_Support/ewl/lib/armv6-m\libc.a(strcpy.o)
 .debug_info    0x000060f6       0xea C:/Freescale/CW MCU v10.4/MCU/ARM_GCC_Support/ewl/lib/armv6-m\libc.a(strlen.o)
 .debug_info    0x000061e0      0x50d C:/Freescale/CW MCU v10.4/MCU/ARM_GCC_Support/ewl/lib/armv6-m\libc.a(printformat_.o)
 .debug_info    0x000066ed      0x568 C:/Freescale/CW MCU v10.4/MCU/ARM_GCC_Support/ewl/lib/armv6-m\libc.a(scanformat_.o)
 .debug_info    0x00006c55      0x313 C:/Freescale/CW MCU v10.4/MCU/ARM_GCC_Support/ewl/lib/armv6-m\libc.a(ctype_aeabi.o)
 .debug_info    0x00006f68      0x205 C:/Freescale/CW MCU v10.4/MCU/ARM_GCC_Support/ewl/lib/armv6-m\libc.a(vsnprintf.o)
 .debug_info    0x0000716d      0x1d6 C:/Freescale/CW MCU v10.4/MCU/ARM_GCC_Support/ewl/lib/armv6-m\libc.a(__strtoul.o)
 .debug_info    0x00007343      0x137 C:/Freescale/CW MCU v10.4/MCU/ARM_GCC_Support/ewl/lib/armv6-m\libc.a(__filll_mem.o)
 .debug_info    0x0000747a      0x121 C:/Freescale/CW MCU v10.4/MCU/ARM_GCC_Support/ewl/lib/armv6-m\libc.a(memchr.o)
 .debug_info    0x0000759b      0x10f C:/Freescale/CW MCU v10.4/MCU/ARM_GCC_Support/ewl/lib/armv6-m\libc.a(memcpy.o)
 .debug_info    0x000076aa      0x10b C:/Freescale/CW MCU v10.4/MCU/ARM_GCC_Support/ewl/lib/armv6-m\libc.a(strchr.o)
 .debug_info    0x000077b5      0x136 C:/Freescale/CW MCU v10.4/MCU/ARM_GCC_Support/ewl/lib/armv6-m\librt.a(gcc_ctor_dtor.o)
 .debug_info    0x000078eb      0x19b C:/Freescale/CW MCU v10.4/MCU/ARM_GCC_Support/ewl/lib/armv6-m\librt.a(ROMCopy.o)
 .debug_info    0x00007a86      0x2b9 C:/Freescale/CW MCU v10.4/MCU/ARM_GCC_Support/ewl/lib/armv6-m\librt.a(__arm_eabi_init.o)

.debug_abbrev   0x00000000     0x2795
 .debug_abbrev  0x00000000       0xe7 ./Project_Settings/Startup_Code/kinetis_sysinit.o
 .debug_abbrev  0x000000e7       0x92 ./Project_Settings/Startup_Code/__arm_start.o
 .debug_abbrev  0x00000179       0x4c ./Project_Settings/Startup_Code/__arm_end.o
 .debug_abbrev  0x000001c5      0x14c ./Sources/APP/Tasks.o
 .debug_abbrev  0x00000311       0x4b ./Sources/APP/Coeficientes.o
 .debug_abbrev  0x0000035c      0x102 ./Sources/MCL/arm_cm0.o
 .debug_abbrev  0x0000045e       0xea ./Sources/MCL/CrystalClock.o
 .debug_abbrev  0x00000548       0x92 ./Sources/MCL/ARM_SysTick.o
 .debug_abbrev  0x000005da      0x180 ./Sources/SDL/UART.o
 .debug_abbrev  0x0000075a      0x143 ./Sources/SDL/Terminal.o
 .debug_abbrev  0x0000089d      0x116 ./Sources/SDL/Servo.o
 .debug_abbrev  0x000009b3      0x107 ./Sources/SDL/Queue.o
 .debug_abbrev  0x00000aba       0x85 ./Sources/SDL/Potentiometer.o
 .debug_abbrev  0x00000b3f       0xef ./Sources/SDL/Motor.o
 .debug_abbrev  0x00000c2e      0x12e ./Sources/SDL/MMA8451.o
 .debug_abbrev  0x00000d5c      0x10f ./Sources/SDL/LineScanCamera.o
 .debug_abbrev  0x00000e6b       0xa6 ./Sources/SDL/Led_RGB.o
 .debug_abbrev  0x00000f11      0x10c ./Sources/SDL/I2C.o
 .debug_abbrev  0x0000101d      0x115 ./Sources/SDL/BoardSupport.o
 .debug_abbrev  0x00001132      0x1a0 ./Sources/SDL/ADC.o
 .debug_abbrev  0x000012d2       0x71 ./Sources/Scheduler/gsc_sch_core/gsc_sch_core_tick_isr.o
 .debug_abbrev  0x00001343       0xa1 ./Sources/Scheduler/gsc_sch_core/gsc_sch_core_cfg.o
 .debug_abbrev  0x000013e4       0xd8 ./Sources/Scheduler/gsc_sch_core/gsc_sch_core.o
 .debug_abbrev  0x000014bc       0x3d ./Sources/Scheduler/periodic_tasks/periodic_tasks_init.o
 .debug_abbrev  0x000014f9       0x85 ./Sources/Scheduler/periodic_tasks/periodic_tasks_exec.o
 .debug_abbrev  0x0000157e       0xc8 ./Sources/main.o
 .debug_abbrev  0x00001646       0x83 ./Sources/TFC.o
 .debug_abbrev  0x000016c9       0xb1 C:/Freescale/CW MCU v10.4/MCU/ARM_GCC_Support/ewl/lib/armv6-m\libc.a(sscanf.o)
 .debug_abbrev  0x0000177a       0x9d C:/Freescale/CW MCU v10.4/MCU/ARM_GCC_Support/ewl/lib/armv6-m\libc.a(vsprintf.o)
 .debug_abbrev  0x00001817      0x15f C:/Freescale/CW MCU v10.4/MCU/ARM_GCC_Support/ewl/lib/armv6-m\libc.a(vsscanf.o)
 .debug_abbrev  0x00001976       0x7a C:/Freescale/CW MCU v10.4/MCU/ARM_GCC_Support/ewl/lib/armv6-m\libc.a(exit.o)
 .debug_abbrev  0x000019f0       0x62 C:/Freescale/CW MCU v10.4/MCU/ARM_GCC_Support/ewl/lib/armv6-m\libc.a(memset.o)
 .debug_abbrev  0x00001a52       0x89 C:/Freescale/CW MCU v10.4/MCU/ARM_GCC_Support/ewl/lib/armv6-m\libc.a(strcmp.o)
 .debug_abbrev  0x00001adb       0x78 C:/Freescale/CW MCU v10.4/MCU/ARM_GCC_Support/ewl/lib/armv6-m\libc.a(strcpy.o)
 .debug_abbrev  0x00001b53       0x7a C:/Freescale/CW MCU v10.4/MCU/ARM_GCC_Support/ewl/lib/armv6-m\libc.a(strlen.o)
 .debug_abbrev  0x00001bcd      0x200 C:/Freescale/CW MCU v10.4/MCU/ARM_GCC_Support/ewl/lib/armv6-m\libc.a(printformat_.o)
 .debug_abbrev  0x00001dcd      0x1f0 C:/Freescale/CW MCU v10.4/MCU/ARM_GCC_Support/ewl/lib/armv6-m\libc.a(scanformat_.o)
 .debug_abbrev  0x00001fbd       0x9e C:/Freescale/CW MCU v10.4/MCU/ARM_GCC_Support/ewl/lib/armv6-m\libc.a(ctype_aeabi.o)
 .debug_abbrev  0x0000205b       0xf0 C:/Freescale/CW MCU v10.4/MCU/ARM_GCC_Support/ewl/lib/armv6-m\libc.a(vsnprintf.o)
 .debug_abbrev  0x0000214b       0xc2 C:/Freescale/CW MCU v10.4/MCU/ARM_GCC_Support/ewl/lib/armv6-m\libc.a(__strtoul.o)
 .debug_abbrev  0x0000220d       0x78 C:/Freescale/CW MCU v10.4/MCU/ARM_GCC_Support/ewl/lib/armv6-m\libc.a(__filll_mem.o)
 .debug_abbrev  0x00002285       0x95 C:/Freescale/CW MCU v10.4/MCU/ARM_GCC_Support/ewl/lib/armv6-m\libc.a(memchr.o)
 .debug_abbrev  0x0000231a       0x95 C:/Freescale/CW MCU v10.4/MCU/ARM_GCC_Support/ewl/lib/armv6-m\libc.a(memcpy.o)
 .debug_abbrev  0x000023af       0x7a C:/Freescale/CW MCU v10.4/MCU/ARM_GCC_Support/ewl/lib/armv6-m\libc.a(strchr.o)
 .debug_abbrev  0x00002429       0x99 C:/Freescale/CW MCU v10.4/MCU/ARM_GCC_Support/ewl/lib/armv6-m\librt.a(gcc_ctor_dtor.o)
 .debug_abbrev  0x000024c2      0x120 C:/Freescale/CW MCU v10.4/MCU/ARM_GCC_Support/ewl/lib/armv6-m\librt.a(ROMCopy.o)
 .debug_abbrev  0x000025e2      0x1b3 C:/Freescale/CW MCU v10.4/MCU/ARM_GCC_Support/ewl/lib/armv6-m\librt.a(__arm_eabi_init.o)

.debug_loc      0x00000000     0x41bb
 .debug_loc     0x00000000       0x58 ./Project_Settings/Startup_Code/kinetis_sysinit.o
 .debug_loc     0x00000058       0x2c ./Project_Settings/Startup_Code/__arm_start.o
 .debug_loc     0x00000084       0x38 ./Project_Settings/Startup_Code/__arm_end.o
 .debug_loc     0x000000bc      0x1f4 ./Sources/APP/Tasks.o
 .debug_loc     0x000002b0      0x138 ./Sources/MCL/arm_cm0.o
 .debug_loc     0x000003e8       0x70 ./Sources/MCL/CrystalClock.o
 .debug_loc     0x00000458       0x2c ./Sources/MCL/ARM_SysTick.o
 .debug_loc     0x00000484      0x170 ./Sources/SDL/UART.o
 .debug_loc     0x000005f4      0x218 ./Sources/SDL/Terminal.o
 .debug_loc     0x0000080c       0xc8 ./Sources/SDL/Servo.o
 .debug_loc     0x000008d4      0x194 ./Sources/SDL/Queue.o
 .debug_loc     0x00000a68       0x70 ./Sources/SDL/Potentiometer.o
 .debug_loc     0x00000ad8       0x64 ./Sources/SDL/Motor.o
 .debug_loc     0x00000b3c      0x138 ./Sources/SDL/MMA8451.o
 .debug_loc     0x00000c74       0x64 ./Sources/SDL/LineScanCamera.o
 .debug_loc     0x00000cd8       0x2c ./Sources/SDL/Led_RGB.o
 .debug_loc     0x00000d04      0x3b8 ./Sources/SDL/I2C.o
 .debug_loc     0x000010bc       0xd4 ./Sources/SDL/BoardSupport.o
 .debug_loc     0x00001190      0x170 ./Sources/SDL/ADC.o
 .debug_loc     0x00001300       0x2c ./Sources/Scheduler/gsc_sch_core/gsc_sch_core_tick_isr.o
 .debug_loc     0x0000132c       0x70 ./Sources/Scheduler/gsc_sch_core/gsc_sch_core.o
 .debug_loc     0x0000139c      0x18c ./Sources/Scheduler/periodic_tasks/periodic_tasks_init.o
 .debug_loc     0x00001528      0x134 ./Sources/Scheduler/periodic_tasks/periodic_tasks_exec.o
 .debug_loc     0x0000165c       0x84 ./Sources/main.o
 .debug_loc     0x000016e0       0x58 ./Sources/TFC.o
 .debug_loc     0x00001738       0x3f C:/Freescale/CW MCU v10.4/MCU/ARM_GCC_Support/ewl/lib/armv6-m\libc.a(sscanf.o)
 .debug_loc     0x00001777       0x64 C:/Freescale/CW MCU v10.4/MCU/ARM_GCC_Support/ewl/lib/armv6-m\libc.a(vsprintf.o)
 .debug_loc     0x000017db      0x16c C:/Freescale/CW MCU v10.4/MCU/ARM_GCC_Support/ewl/lib/armv6-m\libc.a(vsscanf.o)
 .debug_loc     0x00001947       0x3e C:/Freescale/CW MCU v10.4/MCU/ARM_GCC_Support/ewl/lib/armv6-m\libc.a(exit.o)
 .debug_loc     0x00001985       0x6f C:/Freescale/CW MCU v10.4/MCU/ARM_GCC_Support/ewl/lib/armv6-m\libc.a(memset.o)
 .debug_loc     0x000019f4       0x64 C:/Freescale/CW MCU v10.4/MCU/ARM_GCC_Support/ewl/lib/armv6-m\libc.a(strcmp.o)
 .debug_loc     0x00001a58       0x20 C:/Freescale/CW MCU v10.4/MCU/ARM_GCC_Support/ewl/lib/armv6-m\libc.a(strcpy.o)
 .debug_loc     0x00001a78       0x33 C:/Freescale/CW MCU v10.4/MCU/ARM_GCC_Support/ewl/lib/armv6-m\libc.a(strlen.o)
 .debug_loc     0x00001aab     0x104b C:/Freescale/CW MCU v10.4/MCU/ARM_GCC_Support/ewl/lib/armv6-m\libc.a(printformat_.o)
 .debug_loc     0x00002af6      0x9d8 C:/Freescale/CW MCU v10.4/MCU/ARM_GCC_Support/ewl/lib/armv6-m\libc.a(scanformat_.o)
 .debug_loc     0x000034ce      0x30d C:/Freescale/CW MCU v10.4/MCU/ARM_GCC_Support/ewl/lib/armv6-m\libc.a(ctype_aeabi.o)
 .debug_loc     0x000037db      0x105 C:/Freescale/CW MCU v10.4/MCU/ARM_GCC_Support/ewl/lib/armv6-m\libc.a(vsnprintf.o)
 .debug_loc     0x000038e0      0x305 C:/Freescale/CW MCU v10.4/MCU/ARM_GCC_Support/ewl/lib/armv6-m\libc.a(__strtoul.o)
 .debug_loc     0x00003be5      0x14a C:/Freescale/CW MCU v10.4/MCU/ARM_GCC_Support/ewl/lib/armv6-m\libc.a(__filll_mem.o)
 .debug_loc     0x00003d2f       0x77 C:/Freescale/CW MCU v10.4/MCU/ARM_GCC_Support/ewl/lib/armv6-m\libc.a(memchr.o)
 .debug_loc     0x00003da6       0x59 C:/Freescale/CW MCU v10.4/MCU/ARM_GCC_Support/ewl/lib/armv6-m\libc.a(memcpy.o)
 .debug_loc     0x00003dff       0xaf C:/Freescale/CW MCU v10.4/MCU/ARM_GCC_Support/ewl/lib/armv6-m\libc.a(strchr.o)
 .debug_loc     0x00003eae       0x9d C:/Freescale/CW MCU v10.4/MCU/ARM_GCC_Support/ewl/lib/armv6-m\librt.a(gcc_ctor_dtor.o)
 .debug_loc     0x00003f4b       0xd9 C:/Freescale/CW MCU v10.4/MCU/ARM_GCC_Support/ewl/lib/armv6-m\librt.a(ROMCopy.o)
 .debug_loc     0x00004024      0x197 C:/Freescale/CW MCU v10.4/MCU/ARM_GCC_Support/ewl/lib/armv6-m\librt.a(__arm_eabi_init.o)

.debug_aranges  0x00000000      0x988
 .debug_aranges
                0x00000000       0x28 ./Project_Settings/Startup_Code/kinetis_sysinit.o
 .debug_aranges
                0x00000028       0x30 ./Project_Settings/Startup_Code/__arm_start.o
 .debug_aranges
                0x00000058       0x20 ./Project_Settings/Startup_Code/__arm_end.o
 .debug_aranges
                0x00000078       0x68 ./Sources/APP/Tasks.o
 .debug_aranges
                0x000000e0       0x18 ./Sources/APP/Coeficientes.o
 .debug_aranges
                0x000000f8       0x48 ./Sources/MCL/arm_cm0.o
 .debug_aranges
                0x00000140       0x28 ./Sources/MCL/CrystalClock.o
 .debug_aranges
                0x00000168       0x20 ./Sources/MCL/ARM_SysTick.o
 .debug_aranges
                0x00000188       0x50 ./Sources/SDL/UART.o
 .debug_aranges
                0x000001d8       0x68 ./Sources/SDL/Terminal.o
 .debug_aranges
                0x00000240       0x38 ./Sources/SDL/Servo.o
 .debug_aranges
                0x00000278       0x50 ./Sources/SDL/Queue.o
 .debug_aranges
                0x000002c8       0x28 ./Sources/SDL/Potentiometer.o
 .debug_aranges
                0x000002f0       0x28 ./Sources/SDL/Motor.o
 .debug_aranges
                0x00000318       0x48 ./Sources/SDL/MMA8451.o
 .debug_aranges
                0x00000360       0x28 ./Sources/SDL/LineScanCamera.o
 .debug_aranges
                0x00000388       0x20 ./Sources/SDL/Led_RGB.o
 .debug_aranges
                0x000003a8       0xa0 ./Sources/SDL/I2C.o
 .debug_aranges
                0x00000448       0x38 ./Sources/SDL/BoardSupport.o
 .debug_aranges
                0x00000480       0x50 ./Sources/SDL/ADC.o
 .debug_aranges
                0x000004d0       0x20 ./Sources/Scheduler/gsc_sch_core/gsc_sch_core_tick_isr.o
 .debug_aranges
                0x000004f0       0x18 ./Sources/Scheduler/gsc_sch_core/gsc_sch_core_cfg.o
 .debug_aranges
                0x00000508       0x28 ./Sources/Scheduler/gsc_sch_core/gsc_sch_core.o
 .debug_aranges
                0x00000530       0x60 ./Sources/Scheduler/periodic_tasks/periodic_tasks_init.o
 .debug_aranges
                0x00000590       0x50 ./Sources/Scheduler/periodic_tasks/periodic_tasks_exec.o
 .debug_aranges
                0x000005e0       0x30 ./Sources/main.o
 .debug_aranges
                0x00000610       0x28 ./Sources/TFC.o
 .debug_aranges
                0x00000638       0x20 C:/Freescale/CW MCU v10.4/MCU/ARM_GCC_Support/ewl/lib/armv6-m\libc.a(sscanf.o)
 .debug_aranges
                0x00000658       0x20 C:/Freescale/CW MCU v10.4/MCU/ARM_GCC_Support/ewl/lib/armv6-m\libc.a(vsprintf.o)
 .debug_aranges
                0x00000678       0x28 C:/Freescale/CW MCU v10.4/MCU/ARM_GCC_Support/ewl/lib/armv6-m\libc.a(vsscanf.o)
 .debug_aranges
                0x000006a0       0x20 C:/Freescale/CW MCU v10.4/MCU/ARM_GCC_Support/ewl/lib/armv6-m\libc.a(exit.o)
 .debug_aranges
                0x000006c0       0x20 C:/Freescale/CW MCU v10.4/MCU/ARM_GCC_Support/ewl/lib/armv6-m\libc.a(memset.o)
 .debug_aranges
                0x000006e0       0x20 C:/Freescale/CW MCU v10.4/MCU/ARM_GCC_Support/ewl/lib/armv6-m\libc.a(strcmp.o)
 .debug_aranges
                0x00000700       0x20 C:/Freescale/CW MCU v10.4/MCU/ARM_GCC_Support/ewl/lib/armv6-m\libc.a(strcpy.o)
 .debug_aranges
                0x00000720       0x20 C:/Freescale/CW MCU v10.4/MCU/ARM_GCC_Support/ewl/lib/armv6-m\libc.a(strlen.o)
 .debug_aranges
                0x00000740       0x28 C:/Freescale/CW MCU v10.4/MCU/ARM_GCC_Support/ewl/lib/armv6-m\libc.a(printformat_.o)
 .debug_aranges
                0x00000768       0x20 C:/Freescale/CW MCU v10.4/MCU/ARM_GCC_Support/ewl/lib/armv6-m\libc.a(scanformat_.o)
 .debug_aranges
                0x00000788       0x88 C:/Freescale/CW MCU v10.4/MCU/ARM_GCC_Support/ewl/lib/armv6-m\libc.a(ctype_aeabi.o)
 .debug_aranges
                0x00000810       0x28 C:/Freescale/CW MCU v10.4/MCU/ARM_GCC_Support/ewl/lib/armv6-m\libc.a(vsnprintf.o)
 .debug_aranges
                0x00000838       0x20 C:/Freescale/CW MCU v10.4/MCU/ARM_GCC_Support/ewl/lib/armv6-m\libc.a(__strtoul.o)
 .debug_aranges
                0x00000858       0x20 C:/Freescale/CW MCU v10.4/MCU/ARM_GCC_Support/ewl/lib/armv6-m\libc.a(__filll_mem.o)
 .debug_aranges
                0x00000878       0x20 C:/Freescale/CW MCU v10.4/MCU/ARM_GCC_Support/ewl/lib/armv6-m\libc.a(memchr.o)
 .debug_aranges
                0x00000898       0x20 C:/Freescale/CW MCU v10.4/MCU/ARM_GCC_Support/ewl/lib/armv6-m\libc.a(memcpy.o)
 .debug_aranges
                0x000008b8       0x20 C:/Freescale/CW MCU v10.4/MCU/ARM_GCC_Support/ewl/lib/armv6-m\libc.a(strchr.o)
 .debug_aranges
                0x000008d8       0x28 C:/Freescale/CW MCU v10.4/MCU/ARM_GCC_Support/ewl/lib/armv6-m\librt.a(gcc_ctor_dtor.o)
 .debug_aranges
                0x00000900       0x30 C:/Freescale/CW MCU v10.4/MCU/ARM_GCC_Support/ewl/lib/armv6-m\librt.a(ROMCopy.o)
 .debug_aranges
                0x00000930       0x58 C:/Freescale/CW MCU v10.4/MCU/ARM_GCC_Support/ewl/lib/armv6-m\librt.a(__arm_eabi_init.o)

.debug_macinfo  0x00000000   0x3eb708
 .debug_macinfo
                0x00000000    0x264b5 ./Project_Settings/Startup_Code/kinetis_sysinit.o
 .debug_macinfo
                0x000264b5     0x3e6d ./Project_Settings/Startup_Code/__arm_start.o
 .debug_macinfo
                0x0002a322     0x3456 ./Project_Settings/Startup_Code/__arm_end.o
 .debug_macinfo
                0x0002d778    0x28333 ./Sources/APP/Tasks.o
 .debug_macinfo
                0x00055aab    0x28333 ./Sources/APP/Coeficientes.o
 .debug_macinfo
                0x0007ddde    0x2652c ./Sources/MCL/arm_cm0.o
 .debug_macinfo
                0x000a430a    0x28429 ./Sources/MCL/CrystalClock.o
 .debug_macinfo
                0x000cc733    0x2833b ./Sources/MCL/ARM_SysTick.o
 .debug_macinfo
                0x000f4a6e    0x28333 ./Sources/SDL/UART.o
 .debug_macinfo
                0x0011cda1    0x283c7 ./Sources/SDL/Terminal.o
 .debug_macinfo
                0x00145168    0x283fc ./Sources/SDL/Servo.o
 .debug_macinfo
                0x0016d564    0x28333 ./Sources/SDL/Queue.o
 .debug_macinfo
                0x00195897    0x28333 ./Sources/SDL/Potentiometer.o
 .debug_macinfo
                0x001bdbca    0x283e0 ./Sources/SDL/Motor.o
 .debug_macinfo
                0x001e5faa    0x28333 ./Sources/SDL/MMA8451.o
 .debug_macinfo
                0x0020e2dd    0x28333 ./Sources/SDL/LineScanCamera.o
 .debug_macinfo
                0x00236610    0x28333 ./Sources/SDL/Led_RGB.o
 .debug_macinfo
                0x0025e943    0x28333 ./Sources/SDL/I2C.o
 .debug_macinfo
                0x00286c76    0x28372 ./Sources/SDL/BoardSupport.o
 .debug_macinfo
                0x002aefe8    0x283c2 ./Sources/SDL/ADC.o
 .debug_macinfo
                0x002d73aa    0x265e6 ./Sources/Scheduler/gsc_sch_core/gsc_sch_core_tick_isr.o
 .debug_macinfo
                0x002fd990    0x266c8 ./Sources/Scheduler/gsc_sch_core/gsc_sch_core_cfg.o
 .debug_macinfo
                0x00324058    0x266ad ./Sources/Scheduler/gsc_sch_core/gsc_sch_core.o
 .debug_macinfo
                0x0034a705    0x28466 ./Sources/Scheduler/periodic_tasks/periodic_tasks_init.o
 .debug_macinfo
                0x00372b6b    0x28466 ./Sources/Scheduler/periodic_tasks/periodic_tasks_exec.o
 .debug_macinfo
                0x0039afd1    0x28404 ./Sources/main.o
 .debug_macinfo
                0x003c33d5    0x28333 ./Sources/TFC.o

.debug_line     0x00000000     0x8908
 .debug_line    0x00000000      0x23e ./Project_Settings/Startup_Code/kinetis_sysinit.o
 .debug_line    0x0000023e      0x2c1 ./Project_Settings/Startup_Code/__arm_start.o
 .debug_line    0x000004ff      0x266 ./Project_Settings/Startup_Code/__arm_end.o
 .debug_line    0x00000765      0x5e1 ./Sources/APP/Tasks.o
 .debug_line    0x00000d46      0x46c ./Sources/APP/Coeficientes.o
 .debug_line    0x000011b2      0x274 ./Sources/MCL/arm_cm0.o
 .debug_line    0x00001426      0x52d ./Sources/MCL/CrystalClock.o
 .debug_line    0x00001953      0x47d ./Sources/MCL/ARM_SysTick.o
 .debug_line    0x00001dd0      0x536 ./Sources/SDL/UART.o
 .debug_line    0x00002306      0x5a5 ./Sources/SDL/Terminal.o
 .debug_line    0x000028ab      0x4c7 ./Sources/SDL/Servo.o
 .debug_line    0x00002d72      0x518 ./Sources/SDL/Queue.o
 .debug_line    0x0000328a      0x493 ./Sources/SDL/Potentiometer.o
 .debug_line    0x0000371d      0x4ae ./Sources/SDL/Motor.o
 .debug_line    0x00003bcb      0x506 ./Sources/SDL/MMA8451.o
 .debug_line    0x000040d1      0x49f ./Sources/SDL/LineScanCamera.o
 .debug_line    0x00004570      0x483 ./Sources/SDL/Led_RGB.o
 .debug_line    0x000049f3      0x591 ./Sources/SDL/I2C.o
 .debug_line    0x00004f84      0x4fb ./Sources/SDL/BoardSupport.o
 .debug_line    0x0000547f      0x57c ./Sources/SDL/ADC.o
 .debug_line    0x000059fb      0x25b ./Sources/Scheduler/gsc_sch_core/gsc_sch_core_tick_isr.o
 .debug_line    0x00005c56      0x2a6 ./Sources/Scheduler/gsc_sch_core/gsc_sch_core_cfg.o
 .debug_line    0x00005efc      0x29f ./Sources/Scheduler/gsc_sch_core/gsc_sch_core.o
 .debug_line    0x0000619b      0x5f2 ./Sources/Scheduler/periodic_tasks/periodic_tasks_init.o
 .debug_line    0x0000678d      0x5d7 ./Sources/Scheduler/periodic_tasks/periodic_tasks_exec.o
 .debug_line    0x00006d64      0x4ad ./Sources/main.o
 .debug_line    0x00007211      0x459 ./Sources/TFC.o
 .debug_line    0x0000766a       0x92 C:/Freescale/CW MCU v10.4/MCU/ARM_GCC_Support/ewl/lib/armv6-m\libc.a(sscanf.o)
 .debug_line    0x000076fc       0x94 C:/Freescale/CW MCU v10.4/MCU/ARM_GCC_Support/ewl/lib/armv6-m\libc.a(vsprintf.o)
 .debug_line    0x00007790       0xc8 C:/Freescale/CW MCU v10.4/MCU/ARM_GCC_Support/ewl/lib/armv6-m\libc.a(vsscanf.o)
 .debug_line    0x00007858       0x8d C:/Freescale/CW MCU v10.4/MCU/ARM_GCC_Support/ewl/lib/armv6-m\libc.a(exit.o)
 .debug_line    0x000078e5       0x90 C:/Freescale/CW MCU v10.4/MCU/ARM_GCC_Support/ewl/lib/armv6-m\libc.a(memset.o)
 .debug_line    0x00007975       0x83 C:/Freescale/CW MCU v10.4/MCU/ARM_GCC_Support/ewl/lib/armv6-m\libc.a(strcmp.o)
 .debug_line    0x000079f8       0x7d C:/Freescale/CW MCU v10.4/MCU/ARM_GCC_Support/ewl/lib/armv6-m\libc.a(strcpy.o)
 .debug_line    0x00007a75       0x85 C:/Freescale/CW MCU v10.4/MCU/ARM_GCC_Support/ewl/lib/armv6-m\libc.a(strlen.o)
 .debug_line    0x00007afa      0x2c3 C:/Freescale/CW MCU v10.4/MCU/ARM_GCC_Support/ewl/lib/armv6-m\libc.a(printformat_.o)
 .debug_line    0x00007dbd      0x2be C:/Freescale/CW MCU v10.4/MCU/ARM_GCC_Support/ewl/lib/armv6-m\libc.a(scanformat_.o)
 .debug_line    0x0000807b      0x1be C:/Freescale/CW MCU v10.4/MCU/ARM_GCC_Support/ewl/lib/armv6-m\libc.a(ctype_aeabi.o)
 .debug_line    0x00008239       0xd4 C:/Freescale/CW MCU v10.4/MCU/ARM_GCC_Support/ewl/lib/armv6-m\libc.a(vsnprintf.o)
 .debug_line    0x0000830d      0x11e C:/Freescale/CW MCU v10.4/MCU/ARM_GCC_Support/ewl/lib/armv6-m\libc.a(__strtoul.o)
 .debug_line    0x0000842b       0xf6 C:/Freescale/CW MCU v10.4/MCU/ARM_GCC_Support/ewl/lib/armv6-m\libc.a(__filll_mem.o)
 .debug_line    0x00008521       0x9f C:/Freescale/CW MCU v10.4/MCU/ARM_GCC_Support/ewl/lib/armv6-m\libc.a(memchr.o)
 .debug_line    0x000085c0       0x8b C:/Freescale/CW MCU v10.4/MCU/ARM_GCC_Support/ewl/lib/armv6-m\libc.a(memcpy.o)
 .debug_line    0x0000864b       0x7d C:/Freescale/CW MCU v10.4/MCU/ARM_GCC_Support/ewl/lib/armv6-m\libc.a(strchr.o)
 .debug_line    0x000086c8       0x6c C:/Freescale/CW MCU v10.4/MCU/ARM_GCC_Support/ewl/lib/armv6-m\librt.a(gcc_ctor_dtor.o)
 .debug_line    0x00008734       0xbd C:/Freescale/CW MCU v10.4/MCU/ARM_GCC_Support/ewl/lib/armv6-m\librt.a(ROMCopy.o)
 .debug_line    0x000087f1      0x117 C:/Freescale/CW MCU v10.4/MCU/ARM_GCC_Support/ewl/lib/armv6-m\librt.a(__arm_eabi_init.o)

.debug_str      0x00000000     0x2297
 .debug_str     0x00000000      0x2bf ./Project_Settings/Startup_Code/kinetis_sysinit.o
                                0x2e6 (size before relaxing)
 .debug_str     0x000002bf       0x85 ./Project_Settings/Startup_Code/__arm_start.o
                                0x1c0 (size before relaxing)
 .debug_str     0x00000344       0x41 ./Project_Settings/Startup_Code/__arm_end.o
                                 0xf7 (size before relaxing)
 .debug_str     0x00000385      0x1ab ./Sources/APP/Tasks.o
                                0x30b (size before relaxing)
 .debug_str     0x00000530       0x1e ./Sources/APP/Coeficientes.o
                                0x182 (size before relaxing)
 .debug_str     0x0000054e       0x96 ./Sources/MCL/arm_cm0.o
                                0x25c (size before relaxing)
 .debug_str     0x000005e4       0xc5 ./Sources/MCL/CrystalClock.o
                                0x21e (size before relaxing)
 .debug_str     0x000006a9       0x50 ./Sources/MCL/ARM_SysTick.o
                                0x194 (size before relaxing)
 .debug_str     0x000006f9      0x3d4 ./Sources/SDL/UART.o
                                0x672 (size before relaxing)
 .debug_str     0x00000acd      0x19d ./Sources/SDL/Terminal.o
                                0x3a9 (size before relaxing)
 .debug_str     0x00000c6a       0xae ./Sources/SDL/Servo.o
                                0x554 (size before relaxing)
 .debug_str     0x00000d18       0xa0 ./Sources/SDL/Queue.o
                                0x247 (size before relaxing)
 .debug_str     0x00000db8       0x46 ./Sources/SDL/Potentiometer.o
                                0x196 (size before relaxing)
 .debug_str     0x00000dfe       0x46 ./Sources/SDL/Motor.o
                                0x2e6 (size before relaxing)
 .debug_str     0x00000e44       0xe9 ./Sources/SDL/MMA8451.o
                                0x232 (size before relaxing)
 .debug_str     0x00000f2d      0x11c ./Sources/SDL/LineScanCamera.o
                                0x3ea (size before relaxing)
 .debug_str     0x00001049       0x26 ./Sources/SDL/Led_RGB.o
                                0x1e2 (size before relaxing)
 .debug_str     0x0000106f      0x112 ./Sources/SDL/I2C.o
                                0x39e (size before relaxing)
 .debug_str     0x00001181       0x78 ./Sources/SDL/BoardSupport.o
                                0x30f (size before relaxing)
 .debug_str     0x000011f9      0x1be ./Sources/SDL/ADC.o
                                0x783 (size before relaxing)
 .debug_str     0x000013b7       0x82 ./Sources/Scheduler/gsc_sch_core/gsc_sch_core_tick_isr.o
                                0x1b8 (size before relaxing)
 .debug_str     0x00001439      0x153 ./Sources/Scheduler/gsc_sch_core/gsc_sch_core_cfg.o
                                0x289 (size before relaxing)
 .debug_str     0x0000158c       0xa8 ./Sources/Scheduler/gsc_sch_core/gsc_sch_core.o
                                0x32e (size before relaxing)
 .debug_str     0x00001634      0x14c ./Sources/Scheduler/periodic_tasks/periodic_tasks_init.o
                                0x287 (size before relaxing)
 .debug_str     0x00001780       0xf1 ./Sources/Scheduler/periodic_tasks/periodic_tasks_exec.o
                                0x26e (size before relaxing)
 .debug_str     0x00001871       0x45 ./Sources/main.o
                                0x277 (size before relaxing)
 .debug_str     0x000018b6       0x23 ./Sources/TFC.o
                                0x1a0 (size before relaxing)
 .debug_str     0x000018d9       0x3e C:/Freescale/CW MCU v10.4/MCU/ARM_GCC_Support/ewl/lib/armv6-m\libc.a(sscanf.o)
                                0x161 (size before relaxing)
 .debug_str     0x00001917       0x25 C:/Freescale/CW MCU v10.4/MCU/ARM_GCC_Support/ewl/lib/armv6-m\libc.a(vsprintf.o)
                                0x167 (size before relaxing)
 .debug_str     0x0000193c       0x9c C:/Freescale/CW MCU v10.4/MCU/ARM_GCC_Support/ewl/lib/armv6-m\libc.a(vsscanf.o)
                                0x1e5 (size before relaxing)
 .debug_str     0x000019d8       0x2e C:/Freescale/CW MCU v10.4/MCU/ARM_GCC_Support/ewl/lib/armv6-m\libc.a(exit.o)
                                0x157 (size before relaxing)
 .debug_str     0x00001a06       0x23 C:/Freescale/CW MCU v10.4/MCU/ARM_GCC_Support/ewl/lib/armv6-m\libc.a(memset.o)
                                0x140 (size before relaxing)
 .debug_str     0x00001a29       0x26 C:/Freescale/CW MCU v10.4/MCU/ARM_GCC_Support/ewl/lib/armv6-m\libc.a(strcmp.o)
                                0x152 (size before relaxing)
 .debug_str     0x00001a4f       0x1c C:/Freescale/CW MCU v10.4/MCU/ARM_GCC_Support/ewl/lib/armv6-m\libc.a(strcpy.o)
                                0x142 (size before relaxing)
 .debug_str     0x00001a6b       0x1c C:/Freescale/CW MCU v10.4/MCU/ARM_GCC_Support/ewl/lib/armv6-m\libc.a(strlen.o)
                                0x140 (size before relaxing)
 .debug_str     0x00001a87      0x21d C:/Freescale/CW MCU v10.4/MCU/ARM_GCC_Support/ewl/lib/armv6-m\libc.a(printformat_.o)
                                0x3b3 (size before relaxing)
 .debug_str     0x00001ca4      0x14b C:/Freescale/CW MCU v10.4/MCU/ARM_GCC_Support/ewl/lib/armv6-m\libc.a(scanformat_.o)
                                0x3f9 (size before relaxing)
 .debug_str     0x00001def       0x9d C:/Freescale/CW MCU v10.4/MCU/ARM_GCC_Support/ewl/lib/armv6-m\libc.a(ctype_aeabi.o)
                                0x1bc (size before relaxing)
 .debug_str     0x00001e8c       0x7c C:/Freescale/CW MCU v10.4/MCU/ARM_GCC_Support/ewl/lib/armv6-m\libc.a(vsnprintf.o)
                                0x1cc (size before relaxing)
 .debug_str     0x00001f08       0x61 C:/Freescale/CW MCU v10.4/MCU/ARM_GCC_Support/ewl/lib/armv6-m\libc.a(__strtoul.o)
                                0x1fb (size before relaxing)
 .debug_str     0x00001f69       0x25 C:/Freescale/CW MCU v10.4/MCU/ARM_GCC_Support/ewl/lib/armv6-m\libc.a(__filll_mem.o)
                                0x152 (size before relaxing)
 .debug_str     0x00001f8e       0x1c C:/Freescale/CW MCU v10.4/MCU/ARM_GCC_Support/ewl/lib/armv6-m\libc.a(memchr.o)
                                0x148 (size before relaxing)
 .debug_str     0x00001faa       0x1c C:/Freescale/CW MCU v10.4/MCU/ARM_GCC_Support/ewl/lib/armv6-m\libc.a(memcpy.o)
                                0x138 (size before relaxing)
 .debug_str     0x00001fc6       0x1c C:/Freescale/CW MCU v10.4/MCU/ARM_GCC_Support/ewl/lib/armv6-m\libc.a(strchr.o)
                                0x137 (size before relaxing)
 .debug_str     0x00001fe2      0x126 C:/Freescale/CW MCU v10.4/MCU/ARM_GCC_Support/ewl/lib/armv6-m\librt.a(gcc_ctor_dtor.o)
                                0x181 (size before relaxing)
 .debug_str     0x00002108       0x9c C:/Freescale/CW MCU v10.4/MCU/ARM_GCC_Support/ewl/lib/armv6-m\librt.a(ROMCopy.o)
                                0x13c (size before relaxing)
 .debug_str     0x000021a4       0xf3 C:/Freescale/CW MCU v10.4/MCU/ARM_GCC_Support/ewl/lib/armv6-m\librt.a(__arm_eabi_init.o)
                                0x1b5 (size before relaxing)

.comment        0x00000000       0x79
 .comment       0x00000000       0x79 ./Project_Settings/Startup_Code/kinetis_sysinit.o
                                 0x7a (size before relaxing)
 .comment       0x00000000       0x7a ./Project_Settings/Startup_Code/__arm_start.o
 .comment       0x00000000       0x7a ./Project_Settings/Startup_Code/__arm_end.o
 .comment       0x00000000       0x7a ./Sources/APP/Tasks.o
 .comment       0x00000000       0x7a ./Sources/APP/Coeficientes.o
 .comment       0x00000000       0x7a ./Sources/MCL/arm_cm0.o
 .comment       0x00000000       0x7a ./Sources/MCL/CrystalClock.o
 .comment       0x00000000       0x7a ./Sources/MCL/ARM_SysTick.o
 .comment       0x00000000       0x7a ./Sources/SDL/UART.o
 .comment       0x00000000       0x7a ./Sources/SDL/Terminal.o
 .comment       0x00000000       0x7a ./Sources/SDL/Servo.o
 .comment       0x00000000       0x7a ./Sources/SDL/Queue.o
 .comment       0x00000000       0x7a ./Sources/SDL/Potentiometer.o
 .comment       0x00000000       0x7a ./Sources/SDL/Motor.o
 .comment       0x00000000       0x7a ./Sources/SDL/MMA8451.o
 .comment       0x00000000       0x7a ./Sources/SDL/LineScanCamera.o
 .comment       0x00000000       0x7a ./Sources/SDL/Led_RGB.o
 .comment       0x00000000       0x7a ./Sources/SDL/I2C.o
 .comment       0x00000000       0x7a ./Sources/SDL/BoardSupport.o
 .comment       0x00000000       0x7a ./Sources/SDL/ADC.o
 .comment       0x00000000       0x7a ./Sources/Scheduler/gsc_sch_core/gsc_sch_core_tick_isr.o
 .comment       0x00000000       0x7a ./Sources/Scheduler/gsc_sch_core/gsc_sch_core_cfg.o
 .comment       0x00000000       0x7a ./Sources/Scheduler/gsc_sch_core/gsc_sch_core.o
 .comment       0x00000000       0x7a ./Sources/Scheduler/periodic_tasks/periodic_tasks_init.o
 .comment       0x00000000       0x7a ./Sources/Scheduler/periodic_tasks/periodic_tasks_exec.o
 .comment       0x00000000       0x7a ./Sources/main.o
 .comment       0x00000000       0x7a ./Sources/TFC.o
 .comment       0x00000000       0x7a C:/Freescale/CW MCU v10.4/MCU/ARM_GCC_Support/ewl/lib/armv6-m\libc.a(sscanf.o)
 .comment       0x00000000       0x7a C:/Freescale/CW MCU v10.4/MCU/ARM_GCC_Support/ewl/lib/armv6-m\libc.a(vsprintf.o)
 .comment       0x00000000       0x7a C:/Freescale/CW MCU v10.4/MCU/ARM_GCC_Support/ewl/lib/armv6-m\libc.a(vsscanf.o)
 .comment       0x00000000       0x7a C:/Freescale/CW MCU v10.4/MCU/ARM_GCC_Support/ewl/lib/armv6-m\libc.a(exit.o)
 .comment       0x00000000       0x7a C:/Freescale/CW MCU v10.4/MCU/ARM_GCC_Support/ewl/lib/armv6-m\libc.a(memset.o)
 .comment       0x00000000       0x7a C:/Freescale/CW MCU v10.4/MCU/ARM_GCC_Support/ewl/lib/armv6-m\libc.a(strcmp.o)
 .comment       0x00000000       0x7a C:/Freescale/CW MCU v10.4/MCU/ARM_GCC_Support/ewl/lib/armv6-m\libc.a(strcpy.o)
 .comment       0x00000000       0x7a C:/Freescale/CW MCU v10.4/MCU/ARM_GCC_Support/ewl/lib/armv6-m\libc.a(strlen.o)
 .comment       0x00000000       0x7a C:/Freescale/CW MCU v10.4/MCU/ARM_GCC_Support/ewl/lib/armv6-m\libc.a(printformat_.o)
 .comment       0x00000000       0x7a C:/Freescale/CW MCU v10.4/MCU/ARM_GCC_Support/ewl/lib/armv6-m\libc.a(scanformat_.o)
 .comment       0x00000000       0x7a C:/Freescale/CW MCU v10.4/MCU/ARM_GCC_Support/ewl/lib/armv6-m\libc.a(ctype_aeabi.o)
 .comment       0x00000000       0x7a C:/Freescale/CW MCU v10.4/MCU/ARM_GCC_Support/ewl/lib/armv6-m\libc.a(vsnprintf.o)
 .comment       0x00000000       0x7a C:/Freescale/CW MCU v10.4/MCU/ARM_GCC_Support/ewl/lib/armv6-m\libc.a(__strtoul.o)
 .comment       0x00000000       0x7a C:/Freescale/CW MCU v10.4/MCU/ARM_GCC_Support/ewl/lib/armv6-m\libc.a(__filll_mem.o)
 .comment       0x00000000       0x7a C:/Freescale/CW MCU v10.4/MCU/ARM_GCC_Support/ewl/lib/armv6-m\libc.a(memchr.o)
 .comment       0x00000000       0x7a C:/Freescale/CW MCU v10.4/MCU/ARM_GCC_Support/ewl/lib/armv6-m\libc.a(memcpy.o)
 .comment       0x00000000       0x7a C:/Freescale/CW MCU v10.4/MCU/ARM_GCC_Support/ewl/lib/armv6-m\libc.a(strchr.o)
 .comment       0x00000000       0x7a C:/Freescale/CW MCU v10.4/MCU/ARM_GCC_Support/ewl/lib/armv6-m\librt.a(gcc_ctor_dtor.o)
 .comment       0x00000000       0x7a C:/Freescale/CW MCU v10.4/MCU/ARM_GCC_Support/ewl/lib/armv6-m\librt.a(ROMCopy.o)
 .comment       0x00000000       0x7a C:/Freescale/CW MCU v10.4/MCU/ARM_GCC_Support/ewl/lib/armv6-m\librt.a(__arm_eabi_init.o)

.debug_frame    0x00000000     0x1920
 .debug_frame   0x00000000       0x48 ./Project_Settings/Startup_Code/kinetis_sysinit.o
 .debug_frame   0x00000048       0x4c ./Project_Settings/Startup_Code/__arm_start.o
 .debug_frame   0x00000094       0x30 ./Project_Settings/Startup_Code/__arm_end.o
 .debug_frame   0x000000c4      0x144 ./Sources/APP/Tasks.o
 .debug_frame   0x00000208       0xc8 ./Sources/MCL/arm_cm0.o
 .debug_frame   0x000002d0       0x50 ./Sources/MCL/CrystalClock.o
 .debug_frame   0x00000320       0x2c ./Sources/MCL/ARM_SysTick.o
 .debug_frame   0x0000034c       0xe8 ./Sources/SDL/UART.o
 .debug_frame   0x00000434      0x148 ./Sources/SDL/Terminal.o
 .debug_frame   0x0000057c       0x88 ./Sources/SDL/Servo.o
 .debug_frame   0x00000604       0xf0 ./Sources/SDL/Queue.o
 .debug_frame   0x000006f4       0x50 ./Sources/SDL/Potentiometer.o
 .debug_frame   0x00000744       0x50 ./Sources/SDL/Motor.o
 .debug_frame   0x00000794       0xc8 ./Sources/SDL/MMA8451.o
 .debug_frame   0x0000085c       0x4c ./Sources/SDL/LineScanCamera.o
 .debug_frame   0x000008a8       0x2c ./Sources/SDL/Led_RGB.o
 .debug_frame   0x000008d4      0x230 ./Sources/SDL/I2C.o
 .debug_frame   0x00000b04       0x8c ./Sources/SDL/BoardSupport.o
 .debug_frame   0x00000b90       0xe8 ./Sources/SDL/ADC.o
 .debug_frame   0x00000c78       0x2c ./Sources/Scheduler/gsc_sch_core/gsc_sch_core_tick_isr.o
 .debug_frame   0x00000ca4       0x50 ./Sources/Scheduler/gsc_sch_core/gsc_sch_core.o
 .debug_frame   0x00000cf4      0x10c ./Sources/Scheduler/periodic_tasks/periodic_tasks_init.o
 .debug_frame   0x00000e00       0xd4 ./Sources/Scheduler/periodic_tasks/periodic_tasks_exec.o
 .debug_frame   0x00000ed4       0x64 ./Sources/main.o
 .debug_frame   0x00000f38       0x48 ./Sources/TFC.o
 .debug_frame   0x00000f80       0x2c C:/Freescale/CW MCU v10.4/MCU/ARM_GCC_Support/ewl/lib/armv6-m\libc.a(sscanf.o)
 .debug_frame   0x00000fac       0x28 C:/Freescale/CW MCU v10.4/MCU/ARM_GCC_Support/ewl/lib/armv6-m\libc.a(vsprintf.o)
 .debug_frame   0x00000fd4       0x48 C:/Freescale/CW MCU v10.4/MCU/ARM_GCC_Support/ewl/lib/armv6-m\libc.a(vsscanf.o)
 .debug_frame   0x0000101c       0x2c C:/Freescale/CW MCU v10.4/MCU/ARM_GCC_Support/ewl/lib/armv6-m\libc.a(exit.o)
 .debug_frame   0x00001048       0x28 C:/Freescale/CW MCU v10.4/MCU/ARM_GCC_Support/ewl/lib/armv6-m\libc.a(memset.o)
 .debug_frame   0x00001070       0x28 C:/Freescale/CW MCU v10.4/MCU/ARM_GCC_Support/ewl/lib/armv6-m\libc.a(strcmp.o)
 .debug_frame   0x00001098       0x28 C:/Freescale/CW MCU v10.4/MCU/ARM_GCC_Support/ewl/lib/armv6-m\libc.a(strcpy.o)
 .debug_frame   0x000010c0       0x28 C:/Freescale/CW MCU v10.4/MCU/ARM_GCC_Support/ewl/lib/armv6-m\libc.a(strlen.o)
 .debug_frame   0x000010e8       0x54 C:/Freescale/CW MCU v10.4/MCU/ARM_GCC_Support/ewl/lib/armv6-m\libc.a(printformat_.o)
 .debug_frame   0x0000113c       0x34 C:/Freescale/CW MCU v10.4/MCU/ARM_GCC_Support/ewl/lib/armv6-m\libc.a(scanformat_.o)
 .debug_frame   0x00001170      0x158 C:/Freescale/CW MCU v10.4/MCU/ARM_GCC_Support/ewl/lib/armv6-m\libc.a(ctype_aeabi.o)
 .debug_frame   0x000012c8       0x4c C:/Freescale/CW MCU v10.4/MCU/ARM_GCC_Support/ewl/lib/armv6-m\libc.a(vsnprintf.o)
 .debug_frame   0x00001314       0x30 C:/Freescale/CW MCU v10.4/MCU/ARM_GCC_Support/ewl/lib/armv6-m\libc.a(__strtoul.o)
 .debug_frame   0x00001344       0x2c C:/Freescale/CW MCU v10.4/MCU/ARM_GCC_Support/ewl/lib/armv6-m\libc.a(__filll_mem.o)
 .debug_frame   0x00001370       0x28 C:/Freescale/CW MCU v10.4/MCU/ARM_GCC_Support/ewl/lib/armv6-m\libc.a(memchr.o)
 .debug_frame   0x00001398       0x28 C:/Freescale/CW MCU v10.4/MCU/ARM_GCC_Support/ewl/lib/armv6-m\libc.a(memcpy.o)
 .debug_frame   0x000013c0       0x28 C:/Freescale/CW MCU v10.4/MCU/ARM_GCC_Support/ewl/lib/armv6-m\libc.a(strchr.o)
 .debug_frame   0x000013e8       0x20 c:/freescale/cw mcu v10.4/cross_tools/arm-none-eabi-gcc-4_7_3/bin/../lib/gcc/arm-none-eabi/4.7.3/armv6-m\libgcc.a(_udivsi3.o)
 .debug_frame   0x00001408       0x20 c:/freescale/cw mcu v10.4/cross_tools/arm-none-eabi-gcc-4_7_3/bin/../lib/gcc/arm-none-eabi/4.7.3/armv6-m\libgcc.a(_divsi3.o)
 .debug_frame   0x00001428       0x28 c:/freescale/cw mcu v10.4/cross_tools/arm-none-eabi-gcc-4_7_3/bin/../lib/gcc/arm-none-eabi/4.7.3/armv6-m\libgcc.a(_fixunssfsi.o)
 .debug_frame   0x00001450       0x3c c:/freescale/cw mcu v10.4/cross_tools/arm-none-eabi-gcc-4_7_3/bin/../lib/gcc/arm-none-eabi/4.7.3/armv6-m\libgcc.a(divsf3.o)
 .debug_frame   0x0000148c       0x2c c:/freescale/cw mcu v10.4/cross_tools/arm-none-eabi-gcc-4_7_3/bin/../lib/gcc/arm-none-eabi/4.7.3/armv6-m\libgcc.a(eqsf2.o)
 .debug_frame   0x000014b8       0x30 c:/freescale/cw mcu v10.4/cross_tools/arm-none-eabi-gcc-4_7_3/bin/../lib/gcc/arm-none-eabi/4.7.3/armv6-m\libgcc.a(gesf2.o)
 .debug_frame   0x000014e8       0x30 c:/freescale/cw mcu v10.4/cross_tools/arm-none-eabi-gcc-4_7_3/bin/../lib/gcc/arm-none-eabi/4.7.3/armv6-m\libgcc.a(lesf2.o)
 .debug_frame   0x00001518       0x3c c:/freescale/cw mcu v10.4/cross_tools/arm-none-eabi-gcc-4_7_3/bin/../lib/gcc/arm-none-eabi/4.7.3/armv6-m\libgcc.a(mulsf3.o)
 .debug_frame   0x00001554       0x30 c:/freescale/cw mcu v10.4/cross_tools/arm-none-eabi-gcc-4_7_3/bin/../lib/gcc/arm-none-eabi/4.7.3/armv6-m\libgcc.a(subsf3.o)