Archive member included because of file (symbol)

C:/Freescale/CW MCU v10.4/MCU/ARM_GCC_Support/ewl/lib/armv6-m\libc.a(sscanf.o)
                              ./Sources/SDL/Terminal.o (sscanf)
C:/Freescale/CW MCU v10.4/MCU/ARM_GCC_Support/ewl/lib/armv6-m\libc.a(vsprintf.o)
                              ./Sources/SDL/Queue.o (vsprintf)
C:/Freescale/CW MCU v10.4/MCU/ARM_GCC_Support/ewl/lib/armv6-m\libc.a(vsscanf.o)
                              C:/Freescale/CW MCU v10.4/MCU/ARM_GCC_Support/ewl/lib/armv6-m\libc.a(sscanf.o) (vsscanf)
C:/Freescale/CW MCU v10.4/MCU/ARM_GCC_Support/ewl/lib/armv6-m\libc.a(exit.o)
                              ./Project_Settings/Startup_Code/__arm_start.o (exit)
C:/Freescale/CW MCU v10.4/MCU/ARM_GCC_Support/ewl/lib/armv6-m\libc.a(memset.o)
                              ./Project_Settings/Startup_Code/__arm_start.o (memset)
C:/Freescale/CW MCU v10.4/MCU/ARM_GCC_Support/ewl/lib/armv6-m\libc.a(strcmp.o)
                              ./Sources/SDL/Terminal.o (strcmp)
C:/Freescale/CW MCU v10.4/MCU/ARM_GCC_Support/ewl/lib/armv6-m\libc.a(strcpy.o)
                              ./Sources/SDL/Terminal.o (strcpy)
C:/Freescale/CW MCU v10.4/MCU/ARM_GCC_Support/ewl/lib/armv6-m\libc.a(strlen.o)
                              ./Sources/SDL/Queue.o (strlen)
C:/Freescale/CW MCU v10.4/MCU/ARM_GCC_Support/ewl/lib/armv6-m\libc.a(printformat_.o)
                              (__pformatter_)
C:/Freescale/CW MCU v10.4/MCU/ARM_GCC_Support/ewl/lib/armv6-m\libc.a(scanformat_.o)
                              (__sformatter)
C:/Freescale/CW MCU v10.4/MCU/ARM_GCC_Support/ewl/lib/armv6-m\libc.a(ctype_aeabi.o)
                              C:/Freescale/CW MCU v10.4/MCU/ARM_GCC_Support/ewl/lib/armv6-m\libc.a(scanformat_.o) (isspace)
C:/Freescale/CW MCU v10.4/MCU/ARM_GCC_Support/ewl/lib/armv6-m\libc.a(vsnprintf.o)
                              C:/Freescale/CW MCU v10.4/MCU/ARM_GCC_Support/ewl/lib/armv6-m\libc.a(vsprintf.o) (vsnprintf)
C:/Freescale/CW MCU v10.4/MCU/ARM_GCC_Support/ewl/lib/armv6-m\libc.a(__strtoul.o)
                              C:/Freescale/CW MCU v10.4/MCU/ARM_GCC_Support/ewl/lib/armv6-m\libc.a(scanformat_.o) (__strtoul)
C:/Freescale/CW MCU v10.4/MCU/ARM_GCC_Support/ewl/lib/armv6-m\libc.a(__filll_mem.o)
                              C:/Freescale/CW MCU v10.4/MCU/ARM_GCC_Support/ewl/lib/armv6-m\libc.a(memset.o) (__fill_mem)
C:/Freescale/CW MCU v10.4/MCU/ARM_GCC_Support/ewl/lib/armv6-m\libc.a(memchr.o)
                              C:/Freescale/CW MCU v10.4/MCU/ARM_GCC_Support/ewl/lib/armv6-m\libc.a(printformat_.o) (memchr)
C:/Freescale/CW MCU v10.4/MCU/ARM_GCC_Support/ewl/lib/armv6-m\libc.a(memcpy.o)
                              C:/Freescale/CW MCU v10.4/MCU/ARM_GCC_Support/ewl/lib/armv6-m\libc.a(scanformat_.o) (memcpy)
C:/Freescale/CW MCU v10.4/MCU/ARM_GCC_Support/ewl/lib/armv6-m\libc.a(strchr.o)
                              C:/Freescale/CW MCU v10.4/MCU/ARM_GCC_Support/ewl/lib/armv6-m\libc.a(printformat_.o) (strchr)
c:/freescale/cw mcu v10.4/cross_tools/arm-none-eabi-gcc-4_7_3/bin/../lib/gcc/arm-none-eabi/4.7.3/armv6-m\libgcc.a(_thumb1_case_sqi.o)
                              C:/Freescale/CW MCU v10.4/MCU/ARM_GCC_Support/ewl/lib/armv6-m\libc.a(__strtoul.o) (__gnu_thumb1_case_sqi)
c:/freescale/cw mcu v10.4/cross_tools/arm-none-eabi-gcc-4_7_3/bin/../lib/gcc/arm-none-eabi/4.7.3/armv6-m\libgcc.a(_thumb1_case_uqi.o)
                              C:/Freescale/CW MCU v10.4/MCU/ARM_GCC_Support/ewl/lib/armv6-m\libc.a(scanformat_.o) (__gnu_thumb1_case_uqi)
c:/freescale/cw mcu v10.4/cross_tools/arm-none-eabi-gcc-4_7_3/bin/../lib/gcc/arm-none-eabi/4.7.3/armv6-m\libgcc.a(_udivsi3.o)
                              ./Sources/SDL/UART.o (__aeabi_uidiv)
c:/freescale/cw mcu v10.4/cross_tools/arm-none-eabi-gcc-4_7_3/bin/../lib/gcc/arm-none-eabi/4.7.3/armv6-m\libgcc.a(_divsi3.o)
                              ./Sources/APP/Tasks.o (__aeabi_idiv)
c:/freescale/cw mcu v10.4/cross_tools/arm-none-eabi-gcc-4_7_3/bin/../lib/gcc/arm-none-eabi/4.7.3/armv6-m\libgcc.a(_dvmd_tls.o)
                              c:/freescale/cw mcu v10.4/cross_tools/arm-none-eabi-gcc-4_7_3/bin/../lib/gcc/arm-none-eabi/4.7.3/armv6-m\libgcc.a(_udivsi3.o) (__aeabi_idiv0)
c:/freescale/cw mcu v10.4/cross_tools/arm-none-eabi-gcc-4_7_3/bin/../lib/gcc/arm-none-eabi/4.7.3/armv6-m\libgcc.a(_arm_cmpsf2.o)
                              ./Sources/SDL/Servo.o (__aeabi_fcmpeq)
c:/freescale/cw mcu v10.4/cross_tools/arm-none-eabi-gcc-4_7_3/bin/../lib/gcc/arm-none-eabi/4.7.3/armv6-m\libgcc.a(_fixunssfsi.o)
                              ./Sources/SDL/Servo.o (__aeabi_f2uiz)
c:/freescale/cw mcu v10.4/cross_tools/arm-none-eabi-gcc-4_7_3/bin/../lib/gcc/arm-none-eabi/4.7.3/armv6-m\libgcc.a(divsf3.o)
                              ./Sources/APP/Tasks.o (__aeabi_fdiv)
c:/freescale/cw mcu v10.4/cross_tools/arm-none-eabi-gcc-4_7_3/bin/../lib/gcc/arm-none-eabi/4.7.3/armv6-m\libgcc.a(eqsf2.o)
[...]
Memory Configuration

Name             Origin             Length             Attributes
m_interrupts     0x00000000         0x000000c0         xr
m_cfmprotrom     0x00000400         0x00000010         xr
m_text           0x00000800         0x0001f800         xr
m_data           0x1ffff000         0x00004000         xrw
*default*        0x00000000         0xffffffff

Linker script and memory map

LOAD ./Project_Settings/Startup_Code/kinetis_sysinit.o
LOAD ./Project_Settings/Startup_Code/__arm_start.o
LOAD ./Project_Settings/Startup_Code/__arm_end.o
LOAD ./Sources/APP/Tasks.o
LOAD ./Sources/APP/Coeficientes.o
LOAD ./Sources/SDL/UART.o
LOAD ./Sources/SDL/Terminal.o
LOAD ./Sources/SDL/Servo.o
LOAD ./Sources/SDL/Queue.o
LOAD ./Sources/SDL/Potentiometer.o
LOAD ./Sources/SDL/Motor.o
LOAD ./Sources/SDL/MMA8451.o
LOAD ./Sources/SDL/LineScanCamera.o
LOAD ./Sources/SDL/Led_RGB.o
LOAD ./Sources/SDL/I2C.o
LOAD ./Sources/SDL/BoardSupport.o
LOAD ./Sources/SDL/ADC.o
LOAD ./Sources/Scheduler/Core/Core_Tick_ISR.o
LOAD ./Sources/Scheduler/Core/Core_Config.o
LOAD ./Sources/Scheduler/Core/Core.o
LOAD ./Sources/Scheduler/PeriodicTasks/Periodic_Tasks_Init.o
LOAD ./Sources/Scheduler/PeriodicTasks/Periodic_Tasks.o
LOAD ./Sources/mcl/arm_cm0.o
LOAD ./Sources/mcl/CrystalClock.o
LOAD ./Sources/mcl/ARM_SysTick.o
LOAD ./Sources/sa_mtb.o
LOAD ./Sources/main.o
LOAD ./Sources/TFC.o
                0x00006764                __pformatter = __pformatter_
                [0x00006b8c]                __sformatter = __sformatter
START GROUP
LOAD C:/Freescale/CW MCU v10.4/MCU/ARM_GCC_Support/ewl/lib/armv6-m\libc.a
LOAD C:/Freescale/CW MCU v10.4/MCU/ARM_GCC_Support/ewl/lib/armv6-m\libm.a
LOAD c:/freescale/cw mcu v10.4/cross_tools/arm-none-eabi-gcc-4_7_3/bin/../lib/gcc/arm-none-eabi/4.7.3/armv6-m\libgcc.a
LOAD C:/Freescale/CW MCU v10.4/MCU/ARM_GCC_Support/ewl/lib/armv6-m\librt.a
LOAD C:/Freescale/CW MCU v10.4/MCU/ARM_GCC_Support/ewl/lib/armv6-m\libuart.a
END GROUP
                0x20003000                _estack = 0x20003000
                0x20003000                __SP_INIT = _estack
                0x00000400                __heap_size = 0x400
                0x00000400                __stack_size = 0x400

.interrupts     0x00000000       0xc0
                0x00000000                __vector_table = .
                0x00000000                . = ALIGN (0x4)
 *(.vectortable)
 .vectortable   0x00000000       0xc0 ./Project_Settings/Startup_Code/kinetis_sysinit.o
                0x00000000                InterruptVector
                0x000000c0                . = ALIGN (0x4)

.cfmprotect     0x00000400        0x0
                0x00000400                . = ALIGN (0x4)
 *(.cfmconfig)
                0x00000400                . = ALIGN (0x4)

.text           0x00000800     0x74a4
                0x00000800                . = ALIGN (0x4)
 *(.text)
 .text          0x00000800       0x14 c:/freescale/cw mcu v10.4/cross_tools/arm-none-eabi-gcc-4_7_3/bin/../lib/gcc/arm-none-eabi/4.7.3/armv6-m\libgcc.a(_thumb1_case_sqi.o)
                0x00000800                __gnu_thumb1_case_sqi
 .text          0x00000814       0x14 c:/freescale/cw mcu v10.4/cross_tools/arm-none-eabi-gcc-4_7_3/bin/../lib/gcc/arm-none-eabi/4.7.3/armv6-m\libgcc.a(_thumb1_case_uqi.o)
                0x00000814                __gnu_thumb1_case_uqi
 .text          0x00000828       0x9c c:/freescale/cw mcu v10.4/cross_tools/arm-none-eabi-gcc-4_7_3/bin/../lib/gcc/arm-none-eabi/4.7.3/armv6-m\libgcc.a(_udivsi3.o)
                0x00000828                __aeabi_uidiv
                0x00000828                __udivsi3
                0x000008b0                __aeabi_uidivmod
 .text          0x000008c4       0xc0 c:/freescale/cw mcu v10.4/cross_tools/arm-none-eabi-gcc-4_7_3/bin/../lib/gcc/arm-none-eabi/4.7.3/armv6-m\libgcc.a(_divsi3.o)
                0x000008c4                __divsi3
                0x000008c4                __aeabi_idiv
                0x00000970                __aeabi_idivmod
 .text          0x00000984        0x4 c:/freescale/cw mcu v10.4/cross_tools/arm-none-eabi-gcc-4_7_3/bin/../lib/gcc/arm-none-eabi/4.7.3/armv6-m\libgcc.a(_dvmd_tls.o)
                0x00000984                __aeabi_idiv0
                0x00000984                __aeabi_ldiv0
 .text          0x00000988       0x74 c:/freescale/cw mcu v10.4/cross_tools/arm-none-eabi-gcc-4_7_3/bin/../lib/gcc/arm-none-eabi/4.7.3/armv6-m\libgcc.a(_arm_cmpsf2.o)
                0x00000988                __aeabi_cfrcmple
                0x00000990                __aeabi_cfcmpeq
                0x00000990                __aeabi_cfcmple
                0x000009a0                __aeabi_fcmpeq
                0x000009ac                __aeabi_fcmplt
                0x000009c0                __aeabi_fcmple
                0x000009d4                __aeabi_fcmpgt
                0x000009e8                __aeabi_fcmpge
 .text          0x000009fc       0x30 c:/freescale/cw mcu v10.4/cross_tools/arm-none-eabi-gcc-4_7_3/bin/../lib/gcc/arm-none-eabi/4.7.3/armv6-m\libgcc.a(_fixunssfsi.o)
                0x000009fc                __fixunssfsi
                0x000009fc                __aeabi_f2uiz
 .text          0x00000a2c      0x274 c:/freescale/cw mcu v10.4/cross_tools/arm-none-eabi-gcc-4_7_3/bin/../lib/gcc/arm-none-eabi/4.7.3/armv6-m\libgcc.a(divsf3.o)
                0x00000a2c                __aeabi_fdiv
 .text          0x00000ca0       0x50 c:/freescale/cw mcu v10.4/cross_tools/arm-none-eabi-gcc-4_7_3/bin/../lib/gcc/arm-none-eabi/4.7.3/armv6-m\libgcc.a(eqsf2.o)
                0x00000ca0                __eqsf2
                0x00000ca0                __nesf2
 .text          0x00000cf0       0x90 c:/freescale/cw mcu v10.4/cross_tools/arm-none-eabi-gcc-4_7_3/bin/../lib/gcc/arm-none-eabi/4.7.3/armv6-m\libgcc.a(gesf2.o)
                0x00000cf0                __gesf2
                0x00000cf0                __gtsf2
 .text          0x00000d80       0x90 c:/freescale/cw mcu v10.4/cross_tools/arm-none-eabi-gcc-4_7_3/bin/../lib/gcc/arm-none-eabi/4.7.3/armv6-m\libgcc.a(lesf2.o)
                0x00000d80                __ltsf2
                0x00000d80                __lesf2
 .text          0x00000e10      0x260 c:/freescale/cw mcu v10.4/cross_tools/arm-none-eabi-gcc-4_7_3/bin/../lib/gcc/arm-none-eabi/4.7.3/armv6-m\libgcc.a(mulsf3.o)
                0x00000e10                __aeabi_fmul
 .text          0x00001070      0x3ac c:/freescale/cw mcu v10.4/cross_tools/arm-none-eabi-gcc-4_7_3/bin/../lib/gcc/arm-none-eabi/4.7.3/armv6-m\libgcc.a(subsf3.o)
                0x00001070                __aeabi_fsub
 .text          0x0000141c       0x40 c:/freescale/cw mcu v10.4/cross_tools/arm-none-eabi-gcc-4_7_3/bin/../lib/gcc/arm-none-eabi/4.7.3/armv6-m\libgcc.a(fixsfsi.o)
                0x0000141c                __aeabi_f2iz
 .text          0x0000145c       0xa8 c:/freescale/cw mcu v10.4/cross_tools/arm-none-eabi-gcc-4_7_3/bin/../lib/gcc/arm-none-eabi/4.7.3/armv6-m\libgcc.a(floatsisf.o)
                0x0000145c                __aeabi_i2f
 .text          0x00001504       0xa8 c:/freescale/cw mcu v10.4/cross_tools/arm-none-eabi-gcc-4_7_3/bin/../lib/gcc/arm-none-eabi/4.7.3/armv6-m\libgcc.a(floatunsisf.o)
                0x00001504                __aeabi_ui2f
 .text          0x000015ac      0x758 c:/freescale/cw mcu v10.4/cross_tools/arm-none-eabi-gcc-4_7_3/bin/../lib/gcc/arm-none-eabi/4.7.3/armv6-m\libgcc.a(adddf3.o)
                0x000015ac                __aeabi_dadd
 .text          0x00001d04      0x5b8 c:/freescale/cw mcu v10.4/cross_tools/arm-none-eabi-gcc-4_7_3/bin/../lib/gcc/arm-none-eabi/4.7.3/armv6-m\libgcc.a(divdf3.o)
                0x00001d04                __aeabi_ddiv
 .text          0x000022bc      0x4e4 c:/freescale/cw mcu v10.4/cross_tools/arm-none-eabi-gcc-4_7_3/bin/../lib/gcc/arm-none-eabi/4.7.3/armv6-m\libgcc.a(muldf3.o)
                0x000022bc                __aeabi_dmul
 .text          0x000027a0      0x6f8 c:/freescale/cw mcu v10.4/cross_tools/arm-none-eabi-gcc-4_7_3/bin/../lib/gcc/arm-none-eabi/4.7.3/armv6-m\libgcc.a(subdf3.o)
                0x000027a0                __aeabi_dsub
 .text          0x00002e98       0x68 c:/freescale/cw mcu v10.4/cross_tools/arm-none-eabi-gcc-4_7_3/bin/../lib/gcc/arm-none-eabi/4.7.3/armv6-m\libgcc.a(fixdfsi.o)
                0x00002e98                __aeabi_d2iz
 .text          0x00002f00       0x74 c:/freescale/cw mcu v10.4/cross_tools/arm-none-eabi-gcc-4_7_3/bin/../lib/gcc/arm-none-eabi/4.7.3/armv6-m\libgcc.a(floatsidf.o)
                0x00002f00                __aeabi_i2d
 .text          0x00002f74       0x64 c:/freescale/cw mcu v10.4/cross_tools/arm-none-eabi-gcc-4_7_3/bin/../lib/gcc/arm-none-eabi/4.7.3/armv6-m\libgcc.a(floatunsidf.o)
                0x00002f74                __aeabi_ui2d
 .text          0x00002fd8       0xa8 c:/freescale/cw mcu v10.4/cross_tools/arm-none-eabi-gcc-4_7_3/bin/../lib/gcc/arm-none-eabi/4.7.3/armv6-m\libgcc.a(extendsfdf2.o)
                0x00002fd8                __aeabi_f2d
 .text          0x00003080      0x134 c:/freescale/cw mcu v10.4/cross_tools/arm-none-eabi-gcc-4_7_3/bin/../lib/gcc/arm-none-eabi/4.7.3/armv6-m\libgcc.a(truncdfsf2.o)
                0x00003080                __aeabi_d2f
 .text          0x000031b4       0x3c c:/freescale/cw mcu v10.4/cross_tools/arm-none-eabi-gcc-4_7_3/bin/../lib/gcc/arm-none-eabi/4.7.3/armv6-m\libgcc.a(_clzsi2.o)
                0x000031b4                __clzsi2
 *(.text*)
 .text.Default_Handler
                0x000031f0        0xc ./Project_Settings/Startup_Code/kinetis_sysinit.o
                0x000031f0                RTC_Alarm_IRQHandler
                0x000031f0                I2C0_IRQHandler
                0x000031f0                HardFault_Handler
                0x000031f0                PendSV_Handler
                0x000031f0                NMI_Handler
                0x000031f0                I2C1_IRQHandler
                0x000031f0                UART1_IRQHandler
                0x000031f0                DMA2_IRQHandler
                0x000031f0                TSI0_IRQHandler
                0x000031f0                SPI1_IRQHandler
                0x000031f0                PORTD_IRQHandler
                0x000031f0                LPTimer_IRQHandler
                0x000031f0                RTC_Seconds_IRQHandler
                0x000031f0                MCG_IRQHandler
                0x000031f0                UART2_IRQHandler
                0x000031f0                Default_Handler
                0x000031f0                LLW_IRQHandler
                0x000031f0                SVC_Handler
                0x000031f0                USBOTG_IRQHandler
                0x000031f0                DMA3_IRQHandler
                0x000031f0                DMA0_IRQHandler
                0x000031f0                DAC0_IRQHandler
                0x000031f0                PMC_IRQHandler
                0x000031f0                SPI0_IRQHandler
                0x000031f0                FTM0_IRQHandler
                0x000031f0                PORTA_IRQHandler
                0x000031f0                MCM_IRQHandler
                0x000031f0                FTFL_IRQHandler
                0x000031f0                FTM2_IRQHandler
                0x000031f0                CMP0_IRQHandler
                0x000031f0                DMA1_IRQHandler
 .text.__init_hardware
                0x000031fc       0x2c ./Project_Settings/Startup_Code/kinetis_sysinit.o
                0x000031fc                __init_hardware
 .text.zero_fill_bss
                0x00003228       0x24 ./Project_Settings/Startup_Code/__arm_start.o
 .text.__thumb_startup
                0x0000324c       0x30 ./Project_Settings/Startup_Code/__arm_start.o
                0x0000324c                __thumb_startup
 .text._ExitProcess
                0x0000327c        0xc ./Project_Settings/Startup_Code/__arm_end.o
                0x0000327c                _ExitProcess
 .text.CapturarLineaBase
                0x00003288      0x154 ./Sources/APP/Tasks.o
                0x00003288                CapturarLineaBase
 *fill*         0x000033dc        0x4 00
 .text.DetectarLinea
                0x000033e0      0x170 ./Sources/APP/Tasks.o
                0x000033e0                DetectarLinea
 .text.BinarizarImagen
                0x00003550       0xdc ./Sources/APP/Tasks.o
                0x00003550                BinarizarImagen
 .text.HayLinea
                0x0000362c      0x168 ./Sources/APP/Tasks.o
                0x0000362c                HayLinea
 *fill*         0x00003794        0x4 00
 .text.ControlDifuso
                0x00003798       0x80 ./Sources/APP/Tasks.o
                0x00003798                ControlDifuso
 .text.VelocidadMotor
                0x00003818       0xd0 ./Sources/APP/Tasks.o
                0x00003818                VelocidadMotor
 .text.GraficarLabVIEW
                0x000038e8      0x158 ./Sources/APP/Tasks.o
                0x000038e8                GraficarLabVIEW
 .text.TFC_InitUARTs
                0x00003a40       0xd0 ./Sources/SDL/UART.o
                0x00003a40                TFC_InitUARTs
 .text.TFC_UART_Process
                0x00003b10       0x40 ./Sources/SDL/UART.o
                0x00003b10                TFC_UART_Process
 .text.UART0_IRQHandler
                0x00003b50       0x78 ./Sources/SDL/UART.o
                0x00003b50                UART0_IRQHandler
 .text.uart0_init
                0x00003bc8      0x22c ./Sources/SDL/UART.o
                0x00003bc8                uart0_init
 .text.TerminalBootMsg
                0x00003df4       0x5c ./Sources/SDL/Terminal.o
                0x00003df4                TerminalBootMsg
 .text.TFC_InitTerminal
                0x00003e50       0x20 ./Sources/SDL/Terminal.o
                0x00003e50                TFC_InitTerminal
 .text.TerminalCmd_Help
                0x00003e70       0xa4 ./Sources/SDL/Terminal.o
                0x00003e70                TerminalCmd_Help
 .text.TerminalCmd_E
                0x00003f14       0x30 ./Sources/SDL/Terminal.o
                0x00003f14                TerminalCmd_E
 .text.TerminalCmd_D
                0x00003f44       0x3c ./Sources/SDL/Terminal.o
                0x00003f44                TerminalCmd_D
 .text.TerminalCmd_GetLineScan
                0x00003f80      0x114 ./Sources/SDL/Terminal.o
                0x00003f80                TerminalCmd_GetLineScan
 .text.TerminalCmd_S
                0x00004094       0xac ./Sources/SDL/Terminal.o
                0x00004094                TerminalCmd_S
 .text.TerminalCmd_H
                0x00004140       0xa8 ./Sources/SDL/Terminal.o
                0x00004140                TerminalCmd_H
 .text.TFC_ProcessTerminal
                0x000041e8      0x2c0 ./Sources/SDL/Terminal.o
                0x000041e8                TFC_ProcessTerminal
 .text.TFC_SetServo
                0x000044a8      0x1e0 ./Sources/SDL/Servo.o
                0x000044a8                TFC_SetServo
 .text.TFC_SetServoDutyCycle
                0x00004688       0x68 ./Sources/SDL/Servo.o
                0x00004688                TFC_SetServoDutyCycle
 .text.FTM1_IRQHandler
                0x000046f0       0x40 ./Sources/SDL/Servo.o
                0x000046f0                FTM1_IRQHandler
 .text.TFC_InitServos
                0x00004730       0xd4 ./Sources/SDL/Servo.o
                0x00004730                TFC_InitServos
 .text.InitByteQueue
                0x00004804       0x6c ./Sources/SDL/Queue.o
                0x00004804                InitByteQueue
 .text.BytesInQueue
                0x00004870       0x50 ./Sources/SDL/Queue.o
                0x00004870                BytesInQueue
 .text.ByteEnqueue
                0x000048c0       0x64 ./Sources/SDL/Queue.o
                0x000048c0                ByteEnqueue
 .text.ByteArrayEnqueue
                0x00004924       0x58 ./Sources/SDL/Queue.o
                0x00004924                ByteArrayEnqueue
 .text.Qprintf  0x0000497c       0x50 ./Sources/SDL/Queue.o
                0x0000497c                Qprintf
 .text.ByteDequeue
                0x000049cc       0x5c ./Sources/SDL/Queue.o
                0x000049cc                ByteDequeue
 .text.ForcedByteDequeue
                0x00004a28       0x58 ./Sources/SDL/Queue.o
                0x00004a28                ForcedByteDequeue
 .text.TFC_ReadPot0
                0x00004a80       0x70 ./Sources/SDL/Potentiometer.o
                0x00004a80                TFC_ReadPot0
 .text.TFC_ReadPot1
                0x00004af0       0x34 ./Sources/SDL/Potentiometer.o
                0x00004af0                TFC_ReadPot1
 .text.TFC_InitMotorPWM
                0x00004b24       0xd4 ./Sources/SDL/Motor.o
                0x00004b24                TFC_InitMotorPWM
 .text.TFC_SetMotorPWM
                0x00004bf8      0x140 ./Sources/SDL/Motor.o
                0x00004bf8                TFC_SetMotorPWM
 .text.TFC_Accel_Init
                0x00004d38       0x30 ./Sources/SDL/MMA8451.o
                0x00004d38                TFC_Accel_Init
 .text.hal_dev_mma8451_init
                0x00004d68       0x14 ./Sources/SDL/MMA8451.o
                0x00004d68                hal_dev_mma8451_init
 .text.pause    0x00004d7c       0x20 ./Sources/SDL/MMA8451.o
 .text.hal_dev_mma8451_read_reg
                0x00004d9c       0xc4 ./Sources/SDL/MMA8451.o
                0x00004d9c                hal_dev_mma8451_read_reg
 .text.hal_dev_mma8451_write_reg
                0x00004e60       0x88 ./Sources/SDL/MMA8451.o
                0x00004e60                hal_dev_mma8451_write_reg
 .text.TFC_InitLineScanCamera
                0x00004ee8       0xc8 ./Sources/SDL/LineScanCamera.o
                0x00004ee8                TFC_InitLineScanCamera
 .text.TFC_SetLineScanExposureTime
                0x00004fb0       0x70 ./Sources/SDL/LineScanCamera.o
                0x00004fb0                TFC_SetLineScanExposureTime
 .text.TFC_RGB_Init
                0x00005020       0xa0 ./Sources/SDL/Led_RGB.o
                0x00005020                TFC_RGB_Init
 .text.i2c_set_tx_mode
                0x000050c0       0x20 ./Sources/SDL/I2C.o
                0x000050c0                i2c_set_tx_mode
 .text.i2c_set_rx_mode
                0x000050e0       0x20 ./Sources/SDL/I2C.o
                0x000050e0                i2c_set_rx_mode
 .text.i2c_set_slave_mode
                0x00005100       0x20 ./Sources/SDL/I2C.o
                0x00005100                i2c_set_slave_mode
 .text.i2c_set_master_mode
                0x00005120       0x20 ./Sources/SDL/I2C.o
                0x00005120                i2c_set_master_mode
 .text.i2c_give_nack
                0x00005140       0x20 ./Sources/SDL/I2C.o
                0x00005140                i2c_give_nack
 .text.i2c_repeated_start
                0x00005160       0x20 ./Sources/SDL/I2C.o
                0x00005160                i2c_repeated_start
 .text.i2c_write_byte
                0x00005180       0x1c ./Sources/SDL/I2C.o
                0x00005180                i2c_write_byte
 .text.i2c_read_byte
                0x0000519c       0x18 ./Sources/SDL/I2C.o
                0x0000519c                i2c_read_byte
 .text.i2c_start
                0x000051b4       0x20 ./Sources/SDL/I2C.o
                0x000051b4                i2c_start
 .text.i2c_stop
                0x000051d4       0x20 ./Sources/SDL/I2C.o
                0x000051d4                i2c_stop
 .text.i2c_wait
                0x000051f4       0x30 ./Sources/SDL/I2C.o
                0x000051f4                i2c_wait
 .text.i2c_get_ack
                0x00005224       0x24 ./Sources/SDL/I2C.o
                0x00005224                i2c_get_ack
 .text.hal_i2c0_init
                0x00005248       0x5c ./Sources/SDL/I2C.o
                0x00005248                hal_i2c0_init
 .text.TFC_InitGPIO
                0x000052a4      0x104 ./Sources/SDL/BoardSupport.o
                0x000052a4                TFC_InitGPIO
 .text.TFC_SetBatteryLED_Level
                0x000053a8       0xf4 ./Sources/SDL/BoardSupport.o
                0x000053a8                TFC_SetBatteryLED_Level
 .text.EstadoLed
                0x0000549c       0x44 ./Sources/SDL/BoardSupport.o
                0x0000549c                EstadoLed
 .text.TFC_GetDIP_Switch
                0x000054e0       0x2c ./Sources/SDL/BoardSupport.o
                0x000054e0                TFC_GetDIP_Switch
 .text.ADC_Cal  0x0000550c      0x1b4 ./Sources/SDL/ADC.o
                0x0000550c                ADC_Cal
 .text.ADC_Config_Alt
                0x000056c0       0x60 ./Sources/SDL/ADC.o
                0x000056c0                ADC_Config_Alt
 .text.InitADC0
                0x00005720       0x90 ./Sources/SDL/ADC.o
                0x00005720                InitADC0
 .text.TFC_InitADCs
                0x000057b0       0x70 ./Sources/SDL/ADC.o
                0x000057b0                TFC_InitADCs
 .text.PIT_IRQHandler
                0x00005820       0x40 ./Sources/SDL/ADC.o
                0x00005820                PIT_IRQHandler
 .text.ADC0_IRQHandler
                0x00005860      0x228 ./Sources/SDL/ADC.o
                0x00005860                ADC0_IRQHandler
 .text.gsc_sch_core_tick_isr
                0x00005a88       0x14 ./Sources/Scheduler/Core/Core_Tick_ISR.o
                0x00005a88                gsc_sch_core_tick_isr
 .text.gsc_sch_core_Init
                0x00005a9c       0x60 ./Sources/Scheduler/Core/Core.o
                0x00005a9c                gsc_sch_core_Init
 .text.gsc_sch_core_exec
                0x00005afc      0x110 ./Sources/Scheduler/Core/Core.o
                0x00005afc                gsc_sch_core_exec
 .text.periodic_tasks_init_MclDrvs
                0x00005c0c        0x8 ./Sources/Scheduler/PeriodicTasks/Periodic_Tasks_Init.o
                0x00005c0c                periodic_tasks_init_MclDrvs
 .text.periodic_tasks_init_SysDrvs
                0x00005c14        0x8 ./Sources/Scheduler/PeriodicTasks/Periodic_Tasks_Init.o
                0x00005c14                periodic_tasks_init_SysDrvs
 .text.periodic_tasks_init_task_5tks
                0x00005c1c        0x8 ./Sources/Scheduler/PeriodicTasks/Periodic_Tasks_Init.o
                0x00005c1c                periodic_tasks_init_task_5tks
 .text.periodic_tasks_init_task_10tks
                0x00005c24        0x8 ./Sources/Scheduler/PeriodicTasks/Periodic_Tasks_Init.o
                0x00005c24                periodic_tasks_init_task_10tks
 .text.periodic_tasks_init_task_20tks
                0x00005c2c        0x8 ./Sources/Scheduler/PeriodicTasks/Periodic_Tasks_Init.o
                0x00005c2c                periodic_tasks_init_task_20tks
 .text.periodic_tasks_init_task_50tks
                0x00005c34        0x8 ./Sources/Scheduler/PeriodicTasks/Periodic_Tasks_Init.o
                0x00005c34                periodic_tasks_init_task_50tks
 .text.periodic_tasks_init_task_100tks
                0x00005c3c        0x8 ./Sources/Scheduler/PeriodicTasks/Periodic_Tasks_Init.o
                0x00005c3c                periodic_tasks_init_task_100tks
 .text.periodic_tasks_init_task_500tks
                0x00005c44        0x8 ./Sources/Scheduler/PeriodicTasks/Periodic_Tasks_Init.o
                0x00005c44                periodic_tasks_init_task_500tks
 .text.periodic_tasks_init_task_1Mtks
                0x00005c4c        0x8 ./Sources/Scheduler/PeriodicTasks/Periodic_Tasks_Init.o
                0x00005c4c                periodic_tasks_init_task_1Mtks
 .text.periodic_tasks_exec_5tks
                0x00005c54       0x24 ./Sources/Scheduler/PeriodicTasks/Periodic_Tasks.o
                0x00005c54                periodic_tasks_exec_5tks
 .text.periodic_tasks_exec_10tks
                0x00005c78        0x8 ./Sources/Scheduler/PeriodicTasks/Periodic_Tasks.o
                0x00005c78                periodic_tasks_exec_10tks
 .text.periodic_tasks_exec_20tks
                0x00005c80       0xb0 ./Sources/Scheduler/PeriodicTasks/Periodic_Tasks.o
                0x00005c80                periodic_tasks_exec_20tks
 .text.periodic_tasks_exec_50tks
                0x00005d30        0xc ./Sources/Scheduler/PeriodicTasks/Periodic_Tasks.o
                0x00005d30                periodic_tasks_exec_50tks
 .text.periodic_tasks_exec_100tks
                0x00005d3c       0x70 ./Sources/Scheduler/PeriodicTasks/Periodic_Tasks.o
                0x00005d3c                periodic_tasks_exec_100tks
 .text.periodic_tasks_exec_500tks
                0x00005dac       0x14 ./Sources/Scheduler/PeriodicTasks/Periodic_Tasks.o
                0x00005dac                periodic_tasks_exec_500tks
 .text.periodic_tasks_exec_1Mtks
                0x00005dc0        0x8 ./Sources/Scheduler/PeriodicTasks/Periodic_Tasks.o
                0x00005dc0                periodic_tasks_exec_1Mtks
 .text.enable_irq
                0x00005dc8       0x6c ./Sources/mcl/arm_cm0.o
                0x00005dc8                enable_irq
 .text.disable_irq
                0x00005e34       0x40 ./Sources/mcl/arm_cm0.o
                0x00005e34                disable_irq
 .text.InitClock
                0x00005e74       0x24 ./Sources/mcl/CrystalClock.o
                0x00005e74                InitClock
 .text.pll_init
                0x00005e98      0x548 ./Sources/mcl/CrystalClock.o
                0x00005e98                pll_init
 .text.InitSysTick
                0x000063e0       0x1c ./Sources/mcl/ARM_SysTick.o
                0x000063e0                InitSysTick
 .text.main     0x000063fc       0x20 ./Sources/main.o
                0x000063fc                main
 .text.WatchDog_cfg
                0x0000641c       0x1c ./Sources/main.o
                0x0000641c                WatchDog_cfg
 .text.SysTick_Handler
                0x00006438       0x1c ./Sources/main.o
                0x00006438                SysTick_Handler
 .text.TFC_Init
                0x00006454       0x4c ./Sources/TFC.o
                0x00006454                TFC_Init
 .text.TFC_Task
                0x000064a0       0x10 ./Sources/TFC.o
                0x000064a0                TFC_Task
 .text.sscanf   0x000064b0       0x18 C:/Freescale/CW MCU v10.4/MCU/ARM_GCC_Support/ewl/lib/armv6-m\libc.a(sscanf.o)
                0x000064b0                sscanf
 .text.vsprintf
                0x000064c8       0x12 C:/Freescale/CW MCU v10.4/MCU/ARM_GCC_Support/ewl/lib/armv6-m\libc.a(vsprintf.o)
                0x000064c8                vsprintf
 .text.__StringRead
                0x000064da       0x3c C:/Freescale/CW MCU v10.4/MCU/ARM_GCC_Support/ewl/lib/armv6-m\libc.a(vsscanf.o)
                0x000064da                __StringRead
 *fill*         0x00006516        0x2 00
 .text.vsscanf  0x00006518       0x30 C:/Freescale/CW MCU v10.4/MCU/ARM_GCC_Support/ewl/lib/armv6-m\libc.a(vsscanf.o)
                0x00006518                vsscanf
 .text.exit     0x00006548       0x38 C:/Freescale/CW MCU v10.4/MCU/ARM_GCC_Support/ewl/lib/armv6-m\libc.a(exit.o)
                0x00006548                exit
 .text.memset   0x00006580        0xc C:/Freescale/CW MCU v10.4/MCU/ARM_GCC_Support/ewl/lib/armv6-m\libc.a(memset.o)
                0x00006580                memset
 .text.strcmp   0x0000658c       0x1c C:/Freescale/CW MCU v10.4/MCU/ARM_GCC_Support/ewl/lib/armv6-m\libc.a(strcmp.o)
                0x0000658c                strcmp
 .text.strcpy   0x000065a8       0x10 C:/Freescale/CW MCU v10.4/MCU/ARM_GCC_Support/ewl/lib/armv6-m\libc.a(strcpy.o)
                0x000065a8                strcpy
 .text.strlen   0x000065b8       0x10 C:/Freescale/CW MCU v10.4/MCU/ARM_GCC_Support/ewl/lib/armv6-m\libc.a(strlen.o)
                0x000065b8                strlen
 .text.long2str.isra.0
                0x000065c8      0x19c C:/Freescale/CW MCU v10.4/MCU/ARM_GCC_Support/ewl/lib/armv6-m\libc.a(printformat_.o)
 .text.__pformatter_
                0x00006764      0x428 C:/Freescale/CW MCU v10.4/MCU/ARM_GCC_Support/ewl/lib/armv6-m\libc.a(printformat_.o)
                0x00006764                __pformatter_
 .text.__sformatter
                0x00006b8c      0x698 C:/Freescale/CW MCU v10.4/MCU/ARM_GCC_Support/ewl/lib/armv6-m\libc.a(scanformat_.o)
                0x00006b8c                __sformatter
 .text.isalpha  0x00007224       0x20 C:/Freescale/CW MCU v10.4/MCU/ARM_GCC_Support/ewl/lib/armv6-m\libc.a(ctype_aeabi.o)
                0x00007224                isalpha
 .text.isspace  0x00007244       0x20 C:/Freescale/CW MCU v10.4/MCU/ARM_GCC_Support/ewl/lib/armv6-m\libc.a(ctype_aeabi.o)
                0x00007244                isspace
 .text.toupper  0x00007264        0xe C:/Freescale/CW MCU v10.4/MCU/ARM_GCC_Support/ewl/lib/armv6-m\libc.a(ctype_aeabi.o)
                0x00007264                toupper
 .text.__StringWrite
                0x00007272       0x26 C:/Freescale/CW MCU v10.4/MCU/ARM_GCC_Support/ewl/lib/armv6-m\libc.a(vsnprintf.o)
                0x00007272                __StringWrite
 .text.vsnprintf
                0x00007298       0x38 C:/Freescale/CW MCU v10.4/MCU/ARM_GCC_Support/ewl/lib/armv6-m\libc.a(vsnprintf.o)
                0x00007298                vsnprintf
 .text.__strtoul
                0x000072d0      0x1ce C:/Freescale/CW MCU v10.4/MCU/ARM_GCC_Support/ewl/lib/armv6-m\libc.a(__strtoul.o)
                0x000072d0                __strtoul
 .text.__fill_mem
                0x0000749e       0x7e C:/Freescale/CW MCU v10.4/MCU/ARM_GCC_Support/ewl/lib/armv6-m\libc.a(__filll_mem.o)
                0x0000749e                __fill_mem
 .text.memchr   0x0000751c       0x1a C:/Freescale/CW MCU v10.4/MCU/ARM_GCC_Support/ewl/lib/armv6-m\libc.a(memchr.o)
                0x0000751c                memchr
 .text.memcpy   0x00007536       0x12 C:/Freescale/CW MCU v10.4/MCU/ARM_GCC_Support/ewl/lib/armv6-m\libc.a(memcpy.o)
                0x00007536                memcpy
 .text.strchr   0x00007548       0x1e C:/Freescale/CW MCU v10.4/MCU/ARM_GCC_Support/ewl/lib/armv6-m\libc.a(strchr.o)
                0x00007548                strchr
 *fill*         0x00007566        0x2 00
 .text.__init_cpp
                0x00007568       0x48 C:/Freescale/CW MCU v10.4/MCU/ARM_GCC_Support/ewl/lib/armv6-m\librt.a(gcc_ctor_dtor.o)
                0x00007568                __init_cpp
 .text.__fini_cpp
                0x000075b0       0x34 C:/Freescale/CW MCU v10.4/MCU/ARM_GCC_Support/ewl/lib/armv6-m\librt.a(gcc_ctor_dtor.o)
                0x000075b0                __fini_cpp
 .text.__copy_rom_section
                0x000075e4       0x48 C:/Freescale/CW MCU v10.4/MCU/ARM_GCC_Support/ewl/lib/armv6-m\librt.a(ROMCopy.o)
                0x000075e4                __copy_rom_section
 .text.__copy_rom_sections_to_ram
                0x0000762c       0x34 C:/Freescale/CW MCU v10.4/MCU/ARM_GCC_Support/ewl/lib/armv6-m\librt.a(ROMCopy.o)
                0x0000762c                __copy_rom_sections_to_ram
 .text.__destroy_global_chain
                0x00007660       0x1c C:/Freescale/CW MCU v10.4/MCU/ARM_GCC_Support/ewl/lib/armv6-m\librt.a(__arm_eabi_init.o)
                0x00007660                __destroy_global_chain
 .text.__init_registers
                0x0000767c       0x1c C:/Freescale/CW MCU v10.4/MCU/ARM_GCC_Support/ewl/lib/armv6-m\librt.a(__arm_eabi_init.o)
                0x0000767c                __init_registers
 .text.__init_user
                0x00007698        0x4 C:/Freescale/CW MCU v10.4/MCU/ARM_GCC_Support/ewl/lib/armv6-m\librt.a(__arm_eabi_init.o)
                0x00007698                __init_user
 *(.rodata)
 .rodata        0x0000769c       0x14 ./Sources/APP/Tasks.o
 .rodata        0x000076b0      0x340 ./Sources/SDL/Terminal.o
 .rodata        0x000079f0       0x40 c:/freescale/cw mcu v10.4/cross_tools/arm-none-eabi-gcc-4_7_3/bin/../lib/gcc/arm-none-eabi/4.7.3/armv6-m\libgcc.a(divsf3.o)
 .rodata        0x00007a30       0x40 c:/freescale/cw mcu v10.4/cross_tools/arm-none-eabi-gcc-4_7_3/bin/../lib/gcc/arm-none-eabi/4.7.3/armv6-m\libgcc.a(mulsf3.o)
 .rodata        0x00007a70       0x40 c:/freescale/cw mcu v10.4/cross_tools/arm-none-eabi-gcc-4_7_3/bin/../lib/gcc/arm-none-eabi/4.7.3/armv6-m\libgcc.a(divdf3.o)
 .rodata        0x00007ab0       0x40 c:/freescale/cw mcu v10.4/cross_tools/arm-none-eabi-gcc-4_7_3/bin/../lib/gcc/arm-none-eabi/4.7.3/armv6-m\libgcc.a(muldf3.o)
 *(.rodata*)
 .rodata.TFC_SetBatteryLED_Level
                0x00007af0       0x18 ./Sources/SDL/BoardSupport.o
 .rodata.cps_mngTaskList
                0x00007b08       0x90 ./Sources/Scheduler/Core/Core_Config.o
                0x00007b08                cps_mngTaskList
 .rodata.str1.1
                0x00007b98        0x1 C:/Freescale/CW MCU v10.4/MCU/ARM_GCC_Support/ewl/lib/armv6-m\libc.a(printformat_.o)
 .rodata.CSWTCH.20
                0x00007b99        0x5 C:/Freescale/CW MCU v10.4/MCU/ARM_GCC_Support/ewl/lib/armv6-m\libc.a(printformat_.o)
 .rodata.CSWTCH.21
                0x00007b9e        0x5 C:/Freescale/CW MCU v10.4/MCU/ARM_GCC_Support/ewl/lib/armv6-m\libc.a(printformat_.o)
 .rodata.__aeabi_ctype_table_C
                0x00007ba3      0x101 C:/Freescale/CW MCU v10.4/MCU/ARM_GCC_Support/ewl/lib/armv6-m\libc.a(ctype_aeabi.o)
                0x00007ba3                __aeabi_ctype_table_C
 *(.glue_7)
 .glue_7        0x00000000        0x0 linker stubs
 *(.glue_7t)
 .glue_7t       0x00000000        0x0 linker stubs
 *(.eh_frame)
 *(.init)
 *(.fini)
                0x00007ca4                . = ALIGN (0x4)
                0x00007ca4                _etext = .

.vfp11_veneer   0x00007ca4        0x0
 .vfp11_veneer  0x00000000        0x0 linker stubs

.v4_bx          0x00007ca4        0x0
 .v4_bx         0x00000000        0x0 linker stubs

.iplt           0x00007ca4        0x0
 .iplt          0x00000000        0x0 ./Project_Settings/Startup_Code/kinetis_sysinit.o

.rel.dyn        0x00007ca4        0x0
 .rel.iplt      0x00000000        0x0 ./Project_Settings/Startup_Code/kinetis_sysinit.o

.ARM.extab
 *(.ARM.extab* .gnu.linkonce.armextab.*)

.ARM            0x00007ca4        0x0
                0x00007ca4                __exidx_start = .
 *(.ARM.exidx*)
                0x00007ca4                __exidx_end = .

.ctors          0x00007ca4        0x0
                0x00007ca4                __CTOR_LIST__ = .
 *crtbegin.o(.ctors)
 *(EXCLUDE_FILE(*crtend.o) .ctors)
 *(SORT(.ctors.*))
 *(.ctors)
                0x00007ca4                __CTOR_END__ = .

.dtors          0x00007ca4        0x0
                0x00007ca4                __DTOR_LIST__ = .
 *crtbegin.o(.dtors)
 *(EXCLUDE_FILE(*crtend.o) .dtors)
 *(SORT(.dtors.*))
 *(.dtors)
                0x00007ca4                __DTOR_END__ = .

.preinit_array  0x00007ca4        0x0
                0x00007ca4                PROVIDE (__preinit_array_start, .)
 *(.preinit_array*)
                0x00007ca4                PROVIDE (__preinit_array_end, .)

.init_array     0x00007ca4        0x0
                0x00007ca4                PROVIDE (__init_array_start, .)
 *(SORT(.init_array.*))
 *(.init_array*)
                0x00007ca4                PROVIDE (__init_array_end, .)

.fini_array     0x00007ca4        0x0
                0x00007ca4                PROVIDE (__fini_array_start, .)
 *(SORT(.fini_array.*))
 *(.fini_array*)
                0x00007ca4                PROVIDE (__fini_array_end, .)
                0x00007ca4                ___ROM_AT = .

.mtb            0x1ffff000        0x0
                0x1ffff000                . = ALIGN (0x8)
                0x1ffff000                _mtb_start = .
 *(.mtb_buf)
                0x1ffff000                . = ALIGN (0x8)
                0x1ffff000                _mtb_end = .

.data           0x1ffff000     0x1fb4 load address 0x00007ca4
                0x1ffff000                . = ALIGN (0x4)
                0x1ffff000                _sdata = .
 *(.data)
 *(.data*)
 .data.pos      0x1ffff000        0x4 ./Sources/APP/Tasks.o
                0x1ffff000                pos
 .data.lim_izk  0x1ffff004        0x4 ./Sources/APP/Tasks.o
                0x1ffff004                lim_izk
 .data.lim_der  0x1ffff008        0x4 ./Sources/APP/Tasks.o
                0x1ffff008                lim_der
 .data.DIFERENCIA_MINIMA
                0x1ffff00c        0x4 ./Sources/APP/Tasks.o
                0x1ffff00c                DIFERENCIA_MINIMA
 .data.RANGO_SEPARACION
                0x1ffff010        0x4 ./Sources/APP/Tasks.o
                0x1ffff010                RANGO_SEPARACION
 .data.ANCHO_PROMEDIO
                0x1ffff014        0x4 ./Sources/APP/Tasks.o
                0x1ffff014                ANCHO_PROMEDIO
 .data.ServoValorMax
                0x1ffff018        0x4 ./Sources/APP/Coeficientes.o
                0x1ffff018                ServoValorMax
 .data.servomotor
                0x1ffff01c      0xfa4 ./Sources/APP/Coeficientes.o
                0x1ffff01c                servomotor
 .data.motor_izquierdo
                0x1fffffc0      0x7d4 ./Sources/APP/Coeficientes.o
                0x1fffffc0                motor_izquierdo
 .data.motor_derecho
                0x20000794      0x7d4 ./Sources/APP/Coeficientes.o
                0x20000794                motor_derecho
 .data.MyTerminalCallbackRecords
                0x20000f68       0x48 ./Sources/SDL/Terminal.o
                0x20000f68                MyTerminalCallbackRecords
 .data.Centro   0x20000fb0        0x4 ./Sources/SDL/Servo.o
                0x20000fb0                Centro
                0x20000fb4                . = ALIGN (0x4)
                0x20000fb4                _edata = .
                0x00001fb4                ___data_size = (_edata - _sdata)

.igot.plt       0x20000fb4        0x0 load address 0x00009c58
 .igot.plt      0x00000000        0x0 ./Project_Settings/Startup_Code/kinetis_sysinit.o
                0x20000fb4                . = ALIGN (0x4)

.bss            0x20000fb4     0x1488 load address 0x00009c58
                0x20000fb4                __START_BSS = .
                0x20000fb4                PROVIDE (__bss_start__, __START_BSS)
 *(.bss)
 *(.bss*)
 .bss.argv      0x20000fb4        0x4 ./Project_Settings/Startup_Code/__arm_start.o
 .bss.StringBuffer
                0x20000fb8      0x100 ./Sources/SDL/Queue.o
 .bss.LineScanImageReady
                0x200010b8        0x1 ./Sources/SDL/LineScanCamera.o
                0x200010b8                LineScanImageReady
 .bss.CurrentADC_State
                0x200010b9        0x1 ./Sources/SDL/ADC.o
 .bss.CurrentLineScanPixel
                0x200010ba        0x1 ./Sources/SDL/ADC.o
                0x200010ba                CurrentLineScanPixel
 .bss.CurrentLineScanChannel
                0x200010bb        0x1 ./Sources/SDL/ADC.o
                0x200010bb                CurrentLineScanChannel
 .bss.re_sch_mngExecflag
                0x200010bc        0x1 ./Sources/Scheduler/Core/Core_Tick_ISR.o
                0x200010bc                re_sch_mngExecflag
 *fill*         0x200010bd        0x3 00
 .bss.sys_tick_counter
                0x200010c0        0x4 ./Sources/main.o
                0x200010c0                sys_tick_counter
 .bss.__stdio_exit
                0x200010c4        0x4 C:/Freescale/CW MCU v10.4/MCU/ARM_GCC_Support/ewl/lib/armv6-m\libc.a(exit.o)
                0x200010c4                __stdio_exit
 .bss.__console_exit
                0x200010c8        0x4 C:/Freescale/CW MCU v10.4/MCU/ARM_GCC_Support/ewl/lib/armv6-m\libc.a(exit.o)
                0x200010c8                __console_exit
 .bss.__S_romp  0x200010cc        0xc C:/Freescale/CW MCU v10.4/MCU/ARM_GCC_Support/ewl/lib/armv6-m\librt.a(ROMCopy.o)
 .bss.__global_destructor_chain
                0x200010d8        0x4 C:/Freescale/CW MCU v10.4/MCU/ARM_GCC_Support/ewl/lib/armv6-m\librt.a(__arm_eabi_init.o)
                0x200010d8                __global_destructor_chain
 *(COMMON)
 COMMON         0x200010dc      0x824 ./Sources/APP/Tasks.o
                0x200010dc                LineaBase
                0x200012e4                cambios
                0x200012e8                LineaBaseMinima
                0x200014f0                temp
                0x200016f8                v
 COMMON         0x20001900      0x898 ./Sources/SDL/UART.o
                0x20001900                SDA_SERIAL_INCOMING_QUEUE
                0x2000190c                SDA_SERIAL_OUTGOING_QUEUE
                0x20001918                SDA_SERIAL_INCOMING_QUEUE_Storage
                0x20001998                SDA_SERIAL_OUTGOING_QUEUE_Storage
 COMMON         0x20002198       0x86 ./Sources/SDL/Terminal.o
                0x20002198                CmdFound
                0x20002199                NextCharIn
                0x2000219c                TerminalLineBuf
                0x200021dc                TerminalArgs
                0x200021fc                TerminalCmdBuf
                0x2000221d                TerminalPos
 COMMON         0x2000221e        0x1 ./Sources/SDL/Servo.o
                0x2000221e                ServoTickVar
 *fill*         0x2000221f        0x1 00
 COMMON         0x20002220      0x214 ./Sources/SDL/LineScanCamera.o
                0x20002220                LineScanWorkingBuffer
                0x20002224                LineScanImage1
                0x20002228                LineScanImage0Buffer
                0x20002328                LineScanImage0WorkingBuffer
                0x2000232c                LineScanImage1Buffer
                0x2000242c                LineScanImage0
                0x20002430                LineScanImage1WorkingBuffer
 COMMON         0x20002434        0x3 ./Sources/SDL/ADC.o
                0x20002434                PotADC_Value
                0x20002436                BatSenseADC_Value
 *fill*         0x20002437        0x1 00
 COMMON         0x20002438        0x2 ./Sources/Scheduler/Core/Core.o
                0x20002438                rt_curOpMode
                0x2000243c                . = ALIGN (0x4)
 *fill*         0x2000243a        0x2 00
                0x2000243c                __END_BSS = .
                0x2000243c                PROVIDE (__bss_end__, __END_BSS)
                0x00009c58                _romp_at = (___ROM_AT + SIZEOF (.data))

.romp           0x2000243c       0x18 load address 0x00009c58
                0x00009c58                __S_romp = _romp_at
                0x2000243c        0x4 LONG 0x7ca4 ___ROM_AT
                0x20002440        0x4 LONG 0x1ffff000 _sdata
                0x20002444        0x4 LONG 0x1fb4 ___data_size
                0x20002448        0x4 LONG 0x0
                0x2000244c        0x4 LONG 0x0
                0x20002450        0x4 LONG 0x0

._user_heap_stack
                0x20002454      0x800 load address 0x00009c70
                0x20002454                . = ALIGN (0x4)
                0x20002454                PROVIDE (end, .)
                0x20002454                PROVIDE (_end, .)
                0x20002454                __heap_addr = .
                0x20002854                . = (. + __heap_size)
 *fill*         0x20002454      0x400 00
                0x20002c54                . = (. + __stack_size)
 *fill*         0x20002854      0x400 00
                0x20002c54                . = ALIGN (0x4)

.ARM.attributes
                0x00000000       0x31
 *(.ARM.attributes)
 .ARM.attributes
                0x00000000       0x31 ./Project_Settings/Startup_Code/kinetis_sysinit.o
 .ARM.attributes
                0x00000031       0x31 ./Project_Settings/Startup_Code/__arm_start.o
 .ARM.attributes
                0x00000062       0x31 ./Project_Settings/Startup_Code/__arm_end.o
 .ARM.attributes
                0x00000093       0x31 ./Sources/APP/Tasks.o
 .ARM.attributes
                0x000000c4       0x31 ./Sources/APP/Coeficientes.o
 .ARM.attributes
                0x000000f5       0x31 ./Sources/SDL/UART.o
 .ARM.attributes
                0x00000126       0x31 ./Sources/SDL/Terminal.o
 .ARM.attributes
                0x00000157       0x31 ./Sources/SDL/Servo.o
 .ARM.attributes
                0x00000188       0x31 ./Sources/SDL/Queue.o
 .ARM.attributes
                0x000001b9       0x31 ./Sources/SDL/Potentiometer.o
 .ARM.attributes
                0x000001ea       0x31 ./Sources/SDL/Motor.o
 .ARM.attributes
                0x0000021b       0x31 ./Sources/SDL/MMA8451.o
 .ARM.attributes
                0x0000024c       0x31 ./Sources/SDL/LineScanCamera.o
 .ARM.attributes
                0x0000027d       0x31 ./Sources/SDL/Led_RGB.o
 .ARM.attributes
                0x000002ae       0x31 ./Sources/SDL/I2C.o
 .ARM.attributes
                0x000002df       0x31 ./Sources/SDL/BoardSupport.o
 .ARM.attributes
                0x00000310       0x31 ./Sources/SDL/ADC.o
 .ARM.attributes
                0x00000341       0x31 ./Sources/Scheduler/Core/Core_Tick_ISR.o
 .ARM.attributes
                0x00000372       0x31 ./Sources/Scheduler/Core/Core_Config.o
 .ARM.attributes
                0x000003a3       0x31 ./Sources/Scheduler/Core/Core.o
 .ARM.attributes
                0x000003d4       0x31 ./Sources/Scheduler/PeriodicTasks/Periodic_Tasks_Init.o
 .ARM.attributes
                0x00000405       0x31 ./Sources/Scheduler/PeriodicTasks/Periodic_Tasks.o
 .ARM.attributes
                0x00000436       0x31 ./Sources/mcl/arm_cm0.o
 .ARM.attributes
                0x00000467       0x31 ./Sources/mcl/CrystalClock.o
 .ARM.attributes
                0x00000498       0x31 ./Sources/mcl/ARM_SysTick.o
 .ARM.attributes
                0x000004c9       0x31 ./Sources/main.o
 .ARM.attributes
                0x000004fa       0x31 ./Sources/TFC.o
 .ARM.attributes
                0x0000052b       0x31 C:/Freescale/CW MCU v10.4/MCU/ARM_GCC_Support/ewl/lib/armv6-m\libc.a(sscanf.o)
 .ARM.attributes
                0x0000055c       0x31 C:/Freescale/CW MCU v10.4/MCU/ARM_GCC_Support/ewl/lib/armv6-m\libc.a(vsprintf.o)
 .ARM.attributes
                0x0000058d       0x31 C:/Freescale/CW MCU v10.4/MCU/ARM_GCC_Support/ewl/lib/armv6-m\libc.a(vsscanf.o)
 .ARM.attributes
                0x000005be       0x31 C:/Freescale/CW MCU v10.4/MCU/ARM_GCC_Support/ewl/lib/armv6-m\libc.a(exit.o)
 .ARM.attributes
                0x000005ef       0x31 C:/Freescale/CW MCU v10.4/MCU/ARM_GCC_Support/ewl/lib/armv6-m\libc.a(memset.o)
 .ARM.attributes
                0x00000620       0x31 C:/Freescale/CW MCU v10.4/MCU/ARM_GCC_Support/ewl/lib/armv6-m\libc.a(strcmp.o)
 .ARM.attributes
                0x00000651       0x31 C:/Freescale/CW MCU v10.4/MCU/ARM_GCC_Support/ewl/lib/armv6-m\libc.a(strcpy.o)
 .ARM.attributes
                0x00000682       0x31 C:/Freescale/CW MCU v10.4/MCU/ARM_GCC_Support/ewl/lib/armv6-m\libc.a(strlen.o)
 .ARM.attributes
                0x000006b3       0x31 C:/Freescale/CW MCU v10.4/MCU/ARM_GCC_Support/ewl/lib/armv6-m\libc.a(printformat_.o)
 .ARM.attributes
                0x000006e4       0x31 C:/Freescale/CW MCU v10.4/MCU/ARM_GCC_Support/ewl/lib/armv6-m\libc.a(scanformat_.o)
 .ARM.attributes
                0x00000715       0x31 C:/Freescale/CW MCU v10.4/MCU/ARM_GCC_Support/ewl/lib/armv6-m\libc.a(ctype_aeabi.o)
 .ARM.attributes
                0x00000746       0x31 C:/Freescale/CW MCU v10.4/MCU/ARM_GCC_Support/ewl/lib/armv6-m\libc.a(vsnprintf.o)
 .ARM.attributes
                0x00000777       0x31 C:/Freescale/CW MCU v10.4/MCU/ARM_GCC_Support/ewl/lib/armv6-m\libc.a(__strtoul.o)
 .ARM.attributes
                0x000007a8       0x31 C:/Freescale/CW MCU v10.4/MCU/ARM_GCC_Support/ewl/lib/armv6-m\libc.a(__filll_mem.o)
 .ARM.attributes
                0x000007d9       0x31 C:/Freescale/CW MCU v10.4/MCU/ARM_GCC_Support/ewl/lib/armv6-m\libc.a(memchr.o)
 .ARM.attributes
                0x0000080a       0x31 C:/Freescale/CW MCU v10.4/MCU/ARM_GCC_Support/ewl/lib/armv6-m\libc.a(memcpy.o)
 .ARM.attributes
                0x0000083b       0x31 C:/Freescale/CW MCU v10.4/MCU/ARM_GCC_Support/ewl/lib/armv6-m\libc.a(strchr.o)
 .ARM.attributes
                0x0000086c       0x1e c:/freescale/cw mcu v10.4/cross_tools/arm-none-eabi-gcc-4_7_3/bin/../lib/gcc/arm-none-eabi/4.7.3/armv6-m\libgcc.a(_thumb1_case_sqi.o)
 .ARM.attributes
                0x0000088a       0x1e c:/freescale/cw mcu v10.4/cross_tools/arm-none-eabi-gcc-4_7_3/bin/../lib/gcc/arm-none-eabi/4.7.3/armv6-m\libgcc.a(_thumb1_case_uqi.o)
 .ARM.attributes
                0x000008a8       0x1e c:/freescale/cw mcu v10.4/cross_tools/arm-none-eabi-gcc-4_7_3/bin/../lib/gcc/arm-none-eabi/4.7.3/armv6-m\libgcc.a(_udivsi3.o)
 .ARM.attributes
                0x000008c6       0x1e c:/freescale/cw mcu v10.4/cross_tools/arm-none-eabi-gcc-4_7_3/bin/../lib/gcc/arm-none-eabi/4.7.3/armv6-m\libgcc.a(_divsi3.o)
 .ARM.attributes
                0x000008e4       0x1e c:/freescale/cw mcu v10.4/cross_tools/arm-none-eabi-gcc-4_7_3/bin/../lib/gcc/arm-none-eabi/4.7.3/armv6-m\libgcc.a(_dvmd_tls.o)
 .ARM.attributes
                0x00000902       0x1e c:/freescale/cw mcu v10.4/cross_tools/arm-none-eabi-gcc-4_7_3/bin/../lib/gcc/arm-none-eabi/4.7.3/armv6-m\libgcc.a(_arm_cmpsf2.o)
 .ARM.attributes
                0x00000920       0x2c c:/freescale/cw mcu v10.4/cross_tools/arm-none-eabi-gcc-4_7_3/bin/../lib/gcc/arm-none-eabi/4.7.3/armv6-m\libgcc.a(_fixunssfsi.o)
 .ARM.attributes
                0x0000094c       0x2c c:/freescale/cw mcu v10.4/cross_tools/arm-none-eabi-gcc-4_7_3/bin/../lib/gcc/arm-none-eabi/4.7.3/armv6-m\libgcc.a(divsf3.o)
 .ARM.attributes
                0x00000978       0x2c c:/freescale/cw mcu v10.4/cross_tools/arm-none-eabi-gcc-4_7_3/bin/../lib/gcc/arm-none-eabi/4.7.3/armv6-m\libgcc.a(eqsf2.o)
 .ARM.attributes
                0x000009a4       0x2c c:/freescale/cw mcu v10.4/cross_tools/arm-none-eabi-gcc-4_7_3/bin/../lib/gcc/arm-none-eabi/4.7.3/armv6-m\libgcc.a(gesf2.o)
 .ARM.attributes
                0x000009d0       0x2c c:/freescale/cw mcu v10.4/cross_tools/arm-none-eabi-gcc-4_7_3/bin/../lib/gcc/arm-none-eabi/4.7.3/armv6-m\libgcc.a(lesf2.o)
 .ARM.attributes
                0x000009fc       0x2c c:/freescale/cw mcu v10.4/cross_tools/arm-none-eabi-gcc-4_7_3/bin/../lib/gcc/arm-none-eabi/4.7.3/armv6-m\libgcc.a(mulsf3.o)
 .ARM.attributes
                0x00000a28       0x2c c:/freescale/cw mcu v10.4/cross_tools/arm-none-eabi-gcc-4_7_3/bin/../lib/gcc/arm-none-eabi/4.7.3/armv6-m\libgcc.a(subsf3.o)
 .ARM.attributes
                0x00000a54       0x2c c:/freescale/cw mcu v10.4/cross_tools/arm-none-eabi-gcc-4_7_3/bin/../lib/gcc/arm-none-eabi/4.7.3/armv6-m\libgcc.a(fixsfsi.o)
 .ARM.attributes
                0x00000a80       0x2c c:/freescale/cw mcu v10.4/cross_tools/arm-none-eabi-gcc-4_7_3/bin/../lib/gcc/arm-none-eabi/4.7.3/armv6-m\libgcc.a(floatsisf.o)
 .ARM.attributes
                0x00000aac       0x2c c:/freescale/cw mcu v10.4/cross_tools/arm-none-eabi-gcc-4_7_3/bin/../lib/gcc/arm-none-eabi/4.7.3/armv6-m\libgcc.a(floatunsisf.o)
 .ARM.attributes
                0x00000ad8       0x2c c:/freescale/cw mcu v10.4/cross_tools/arm-none-eabi-gcc-4_7_3/bin/../lib/gcc/arm-none-eabi/4.7.3/armv6-m\libgcc.a(adddf3.o)
 .ARM.attributes
                0x00000b04       0x2c c:/freescale/cw mcu v10.4/cross_tools/arm-none-eabi-gcc-4_7_3/bin/../lib/gcc/arm-none-eabi/4.7.3/armv6-m\libgcc.a(divdf3.o)
 .ARM.attributes
                0x00000b30       0x2c c:/freescale/cw mcu v10.4/cross_tools/arm-none-eabi-gcc-4_7_3/bin/../lib/gcc/arm-none-eabi/4.7.3/armv6-m\libgcc.a(muldf3.o)
 .ARM.attributes
                0x00000b5c       0x2c c:/freescale/cw mcu v10.4/cross_tools/arm-none-eabi-gcc-4_7_3/bin/../lib/gcc/arm-none-eabi/4.7.3/armv6-m\libgcc.a(subdf3.o)
 .ARM.attributes
                0x00000b88       0x2c c:/freescale/cw mcu v10.4/cross_tools/arm-none-eabi-gcc-4_7_3/bin/../lib/gcc/arm-none-eabi/4.7.3/armv6-m\libgcc.a(fixdfsi.o)
 .ARM.attributes
                0x00000bb4       0x2c c:/freescale/cw mcu v10.4/cross_tools/arm-none-eabi-gcc-4_7_3/bin/../lib/gcc/arm-none-eabi/4.7.3/armv6-m\libgcc.a(floatsidf.o)
 .ARM.attributes
                0x00000be0       0x2c c:/freescale/cw mcu v10.4/cross_tools/arm-none-eabi-gcc-4_7_3/bin/../lib/gcc/arm-none-eabi/4.7.3/armv6-m\libgcc.a(floatunsidf.o)
 .ARM.attributes
                0x00000c0c       0x2c c:/freescale/cw mcu v10.4/cross_tools/arm-none-eabi-gcc-4_7_3/bin/../lib/gcc/arm-none-eabi/4.7.3/armv6-m\libgcc.a(extendsfdf2.o)
 .ARM.attributes
                0x00000c38       0x2c c:/freescale/cw mcu v10.4/cross_tools/arm-none-eabi-gcc-4_7_3/bin/../lib/gcc/arm-none-eabi/4.7.3/armv6-m\libgcc.a(truncdfsf2.o)
 .ARM.attributes
                0x00000c64       0x1e c:/freescale/cw mcu v10.4/cross_tools/arm-none-eabi-gcc-4_7_3/bin/../lib/gcc/arm-none-eabi/4.7.3/armv6-m\libgcc.a(_clzsi2.o)
 .ARM.attributes
                0x00000c82       0x31 C:/Freescale/CW MCU v10.4/MCU/ARM_GCC_Support/ewl/lib/armv6-m\librt.a(gcc_ctor_dtor.o)
 .ARM.attributes
                0x00000cb3       0x31 C:/Freescale/CW MCU v10.4/MCU/ARM_GCC_Support/ewl/lib/armv6-m\librt.a(ROMCopy.o)
 .ARM.attributes
                0x00000ce4       0x31 C:/Freescale/CW MCU v10.4/MCU/ARM_GCC_Support/ewl/lib/armv6-m\librt.a(__arm_eabi_init.o)
OUTPUT(gsc_sch_MKL25Z128.elf elf32-littlearm)

.debug_info     0x00000000     0x7e1f
 .debug_info    0x00000000      0x447 ./Project_Settings/Startup_Code/kinetis_sysinit.o
 .debug_info    0x00000447      0x12a ./Project_Settings/Startup_Code/__arm_start.o
 .debug_info    0x00000571       0x54 ./Project_Settings/Startup_Code/__arm_end.o
 .debug_info    0x000005c5      0x50c ./Sources/APP/Tasks.o
 .debug_info    0x00000ad1       0xe7 ./Sources/APP/Coeficientes.o
 .debug_info    0x00000bb8      0x84b ./Sources/SDL/UART.o
 .debug_info    0x00001403      0x494 ./Sources/SDL/Terminal.o
 .debug_info    0x00001897      0x62b ./Sources/SDL/Servo.o
 .debug_info    0x00001ec2      0x302 ./Sources/SDL/Queue.o
 .debug_info    0x000021c4      0x100 ./Sources/SDL/Potentiometer.o
 .debug_info    0x000022c4      0x495 ./Sources/SDL/Motor.o
 .debug_info    0x00002759      0x2b1 ./Sources/SDL/MMA8451.o
 .debug_info    0x00002a0a      0x5b7 ./Sources/SDL/LineScanCamera.o
 .debug_info    0x00002fc1      0x1b4 ./Sources/SDL/Led_RGB.o
 .debug_info    0x00003175      0x6c0 ./Sources/SDL/I2C.o
 .debug_info    0x00003835      0x45c ./Sources/SDL/BoardSupport.o
 .debug_info    0x00003c91      0xad4 ./Sources/SDL/ADC.o
 .debug_info    0x00004765       0x70 ./Sources/Scheduler/Core/Core_Tick_ISR.o
 .debug_info    0x000047d5      0x124 ./Sources/Scheduler/Core/Core_Config.o
 .debug_info    0x000048f9      0x1e2 ./Sources/Scheduler/Core/Core.o
 .debug_info    0x00004adb      0x133 ./Sources/Scheduler/PeriodicTasks/Periodic_Tasks_Init.o
 .debug_info    0x00004c0e      0x1d2 ./Sources/Scheduler/PeriodicTasks/Periodic_Tasks.o
 .debug_info    0x00004de0      0x3cb ./Sources/mcl/arm_cm0.o
 .debug_info    0x000051ab      0x27d ./Sources/mcl/CrystalClock.o
 .debug_info    0x00005428       0xf6 ./Sources/mcl/ARM_SysTick.o
 .debug_info    0x0000551e      0x30a ./Sources/main.o
 .debug_info    0x00005828      0x128 ./Sources/TFC.o
 .debug_info    0x00005950      0x118 C:/Freescale/CW MCU v10.4/MCU/ARM_GCC_Support/ewl/lib/armv6-m\libc.a(sscanf.o)
 .debug_info    0x00005a68      0x12a C:/Freescale/CW MCU v10.4/MCU/ARM_GCC_Support/ewl/lib/armv6-m\libc.a(vsprintf.o)
 .debug_info    0x00005b92      0x253 C:/Freescale/CW MCU v10.4/MCU/ARM_GCC_Support/ewl/lib/armv6-m\libc.a(vsscanf.o)
 .debug_info    0x00005de5       0xe8 C:/Freescale/CW MCU v10.4/MCU/ARM_GCC_Support/ewl/lib/armv6-m\libc.a(exit.o)
 .debug_info    0x00005ecd       0xec C:/Freescale/CW MCU v10.4/MCU/ARM_GCC_Support/ewl/lib/armv6-m\libc.a(memset.o)
 .debug_info    0x00005fb9      0x114 C:/Freescale/CW MCU v10.4/MCU/ARM_GCC_Support/ewl/lib/armv6-m\libc.a(strcmp.o)
 .debug_info    0x000060cd      0x109 C:/Freescale/CW MCU v10.4/MCU/ARM_GCC_Support/ewl/lib/armv6-m\libc.a(strcpy.o)
 .debug_info    0x000061d6       0xea C:/Freescale/CW MCU v10.4/MCU/ARM_GCC_Support/ewl/lib/armv6-m\libc.a(strlen.o)
 .debug_info    0x000062c0      0x50d C:/Freescale/CW MCU v10.4/MCU/ARM_GCC_Support/ewl/lib/armv6-m\libc.a(printformat_.o)
 .debug_info    0x000067cd      0x568 C:/Freescale/CW MCU v10.4/MCU/ARM_GCC_Support/ewl/lib/armv6-m\libc.a(scanformat_.o)
 .debug_info    0x00006d35      0x313 C:/Freescale/CW MCU v10.4/MCU/ARM_GCC_Support/ewl/lib/armv6-m\libc.a(ctype_aeabi.o)
 .debug_info    0x00007048      0x205 C:/Freescale/CW MCU v10.4/MCU/ARM_GCC_Support/ewl/lib/armv6-m\libc.a(vsnprintf.o)
 .debug_info    0x0000724d      0x1d6 C:/Freescale/CW MCU v10.4/MCU/ARM_GCC_Support/ewl/lib/armv6-m\libc.a(__strtoul.o)
 .debug_info    0x00007423      0x137 C:/Freescale/CW MCU v10.4/MCU/ARM_GCC_Support/ewl/lib/armv6-m\libc.a(__filll_mem.o)
 .debug_info    0x0000755a      0x121 C:/Freescale/CW MCU v10.4/MCU/ARM_GCC_Support/ewl/lib/armv6-m\libc.a(memchr.o)
 .debug_info    0x0000767b      0x10f C:/Freescale/CW MCU v10.4/MCU/ARM_GCC_Support/ewl/lib/armv6-m\libc.a(memcpy.o)
 .debug_info    0x0000778a      0x10b C:/Freescale/CW MCU v10.4/MCU/ARM_GCC_Support/ewl/lib/armv6-m\libc.a(strchr.o)
 .debug_info    0x00007895      0x136 C:/Freescale/CW MCU v10.4/MCU/ARM_GCC_Support/ewl/lib/armv6-m\librt.a(gcc_ctor_dtor.o)
 .debug_info    0x000079cb      0x19b C:/Freescale/CW MCU v10.4/MCU/ARM_GCC_Support/ewl/lib/armv6-m\librt.a(ROMCopy.o)
 .debug_info    0x00007b66      0x2b9 C:/Freescale/CW MCU v10.4/MCU/ARM_GCC_Support/ewl/lib/armv6-m\librt.a(__arm_eabi_init.o)

.debug_abbrev   0x00000000     0x27e4
 .debug_abbrev  0x00000000       0xe7 ./Project_Settings/Startup_Code/kinetis_sysinit.o
 .debug_abbrev  0x000000e7       0x92 ./Project_Settings/Startup_Code/__arm_start.o
 .debug_abbrev  0x00000179       0x4c ./Project_Settings/Startup_Code/__arm_end.o
 .debug_abbrev  0x000001c5      0x185 ./Sources/APP/Tasks.o
 .debug_abbrev  0x0000034a       0x4b ./Sources/APP/Coeficientes.o
 .debug_abbrev  0x00000395      0x180 ./Sources/SDL/UART.o
 .debug_abbrev  0x00000515      0x143 ./Sources/SDL/Terminal.o
 .debug_abbrev  0x00000658      0x116 ./Sources/SDL/Servo.o
 .debug_abbrev  0x0000076e      0x107 ./Sources/SDL/Queue.o
 .debug_abbrev  0x00000875       0x85 ./Sources/SDL/Potentiometer.o
 .debug_abbrev  0x000008fa       0xef ./Sources/SDL/Motor.o
 .debug_abbrev  0x000009e9      0x12e ./Sources/SDL/MMA8451.o
 .debug_abbrev  0x00000b17      0x10f ./Sources/SDL/LineScanCamera.o
 .debug_abbrev  0x00000c26       0xa6 ./Sources/SDL/Led_RGB.o
 .debug_abbrev  0x00000ccc      0x10c ./Sources/SDL/I2C.o
 .debug_abbrev  0x00000dd8      0x115 ./Sources/SDL/BoardSupport.o
 .debug_abbrev  0x00000eed      0x1a0 ./Sources/SDL/ADC.o
 .debug_abbrev  0x0000108d       0x66 ./Sources/Scheduler/Core/Core_Tick_ISR.o
 .debug_abbrev  0x000010f3       0x96 ./Sources/Scheduler/Core/Core_Config.o
 .debug_abbrev  0x00001189       0xcd ./Sources/Scheduler/Core/Core.o
 .debug_abbrev  0x00001256       0x3d ./Sources/Scheduler/PeriodicTasks/Periodic_Tasks_Init.o
 .debug_abbrev  0x00001293       0xbc ./Sources/Scheduler/PeriodicTasks/Periodic_Tasks.o
 .debug_abbrev  0x0000134f      0x102 ./Sources/mcl/arm_cm0.o
 .debug_abbrev  0x00001451       0xea ./Sources/mcl/CrystalClock.o
 .debug_abbrev  0x0000153b       0x92 ./Sources/mcl/ARM_SysTick.o
 .debug_abbrev  0x000015cd       0xc8 ./Sources/main.o
 .debug_abbrev  0x00001695       0x83 ./Sources/TFC.o
 .debug_abbrev  0x00001718       0xb1 C:/Freescale/CW MCU v10.4/MCU/ARM_GCC_Support/ewl/lib/armv6-m\libc.a(sscanf.o)
 .debug_abbrev  0x000017c9       0x9d C:/Freescale/CW MCU v10.4/MCU/ARM_GCC_Support/ewl/lib/armv6-m\libc.a(vsprintf.o)
 .debug_abbrev  0x00001866      0x15f C:/Freescale/CW MCU v10.4/MCU/ARM_GCC_Support/ewl/lib/armv6-m\libc.a(vsscanf.o)
 .debug_abbrev  0x000019c5       0x7a C:/Freescale/CW MCU v10.4/MCU/ARM_GCC_Support/ewl/lib/armv6-m\libc.a(exit.o)
 .debug_abbrev  0x00001a3f       0x62 C:/Freescale/CW MCU v10.4/MCU/ARM_GCC_Support/ewl/lib/armv6-m\libc.a(memset.o)
 .debug_abbrev  0x00001aa1       0x89 C:/Freescale/CW MCU v10.4/MCU/ARM_GCC_Support/ewl/lib/armv6-m\libc.a(strcmp.o)
 .debug_abbrev  0x00001b2a       0x78 C:/Freescale/CW MCU v10.4/MCU/ARM_GCC_Support/ewl/lib/armv6-m\libc.a(strcpy.o)
 .debug_abbrev  0x00001ba2       0x7a C:/Freescale/CW MCU v10.4/MCU/ARM_GCC_Support/ewl/lib/armv6-m\libc.a(strlen.o)
 .debug_abbrev  0x00001c1c      0x200 C:/Freescale/CW MCU v10.4/MCU/ARM_GCC_Support/ewl/lib/armv6-m\libc.a(printformat_.o)
 .debug_abbrev  0x00001e1c      0x1f0 C:/Freescale/CW MCU v10.4/MCU/ARM_GCC_Support/ewl/lib/armv6-m\libc.a(scanformat_.o)
 .debug_abbrev  0x0000200c       0x9e C:/Freescale/CW MCU v10.4/MCU/ARM_GCC_Support/ewl/lib/armv6-m\libc.a(ctype_aeabi.o)
 .debug_abbrev  0x000020aa       0xf0 C:/Freescale/CW MCU v10.4/MCU/ARM_GCC_Support/ewl/lib/armv6-m\libc.a(vsnprintf.o)
 .debug_abbrev  0x0000219a       0xc2 C:/Freescale/CW MCU v10.4/MCU/ARM_GCC_Support/ewl/lib/armv6-m\libc.a(__strtoul.o)
 .debug_abbrev  0x0000225c       0x78 C:/Freescale/CW MCU v10.4/MCU/ARM_GCC_Support/ewl/lib/armv6-m\libc.a(__filll_mem.o)
 .debug_abbrev  0x000022d4       0x95 C:/Freescale/CW MCU v10.4/MCU/ARM_GCC_Support/ewl/lib/armv6-m\libc.a(memchr.o)
 .debug_abbrev  0x00002369       0x95 C:/Freescale/CW MCU v10.4/MCU/ARM_GCC_Support/ewl/lib/armv6-m\libc.a(memcpy.o)
 .debug_abbrev  0x000023fe       0x7a C:/Freescale/CW MCU v10.4/MCU/ARM_GCC_Support/ewl/lib/armv6-m\libc.a(strchr.o)
 .debug_abbrev  0x00002478       0x99 C:/Freescale/CW MCU v10.4/MCU/ARM_GCC_Support/ewl/lib/armv6-m\librt.a(gcc_ctor_dtor.o)
 .debug_abbrev  0x00002511      0x120 C:/Freescale/CW MCU v10.4/MCU/ARM_GCC_Support/ewl/lib/armv6-m\librt.a(ROMCopy.o)
 .debug_abbrev  0x00002631      0x1b3 C:/Freescale/CW MCU v10.4/MCU/ARM_GCC_Support/ewl/lib/armv6-m\librt.a(__arm_eabi_init.o)

.debug_loc      0x00000000     0x41f7
 .debug_loc     0x00000000       0x58 ./Project_Settings/Startup_Code/kinetis_sysinit.o
 .debug_loc     0x00000058       0x2c ./Project_Settings/Startup_Code/__arm_start.o
 .debug_loc     0x00000084       0x38 ./Project_Settings/Startup_Code/__arm_end.o
 .debug_loc     0x000000bc      0x218 ./Sources/APP/Tasks.o
 .debug_loc     0x000002d4      0x170 ./Sources/SDL/UART.o
 .debug_loc     0x00000444      0x218 ./Sources/SDL/Terminal.o
 .debug_loc     0x0000065c       0xc8 ./Sources/SDL/Servo.o
 .debug_loc     0x00000724      0x194 ./Sources/SDL/Queue.o
 .debug_loc     0x000008b8       0x70 ./Sources/SDL/Potentiometer.o
 .debug_loc     0x00000928       0x64 ./Sources/SDL/Motor.o
 .debug_loc     0x0000098c      0x138 ./Sources/SDL/MMA8451.o
 .debug_loc     0x00000ac4       0x64 ./Sources/SDL/LineScanCamera.o
 .debug_loc     0x00000b28       0x2c ./Sources/SDL/Led_RGB.o
 .debug_loc     0x00000b54      0x3b8 ./Sources/SDL/I2C.o
 .debug_loc     0x00000f0c       0xd4 ./Sources/SDL/BoardSupport.o
 .debug_loc     0x00000fe0      0x170 ./Sources/SDL/ADC.o
 .debug_loc     0x00001150       0x2c ./Sources/Scheduler/Core/Core_Tick_ISR.o
 .debug_loc     0x0000117c       0x70 ./Sources/Scheduler/Core/Core.o
 .debug_loc     0x000011ec      0x18c ./Sources/Scheduler/PeriodicTasks/Periodic_Tasks_Init.o
 .debug_loc     0x00001378      0x14c ./Sources/Scheduler/PeriodicTasks/Periodic_Tasks.o
 .debug_loc     0x000014c4      0x138 ./Sources/mcl/arm_cm0.o
 .debug_loc     0x000015fc       0x70 ./Sources/mcl/CrystalClock.o
 .debug_loc     0x0000166c       0x2c ./Sources/mcl/ARM_SysTick.o
 .debug_loc     0x00001698       0x84 ./Sources/main.o
 .debug_loc     0x0000171c       0x58 ./Sources/TFC.o
 .debug_loc     0x00001774       0x3f C:/Freescale/CW MCU v10.4/MCU/ARM_GCC_Support/ewl/lib/armv6-m\libc.a(sscanf.o)
 .debug_loc     0x000017b3       0x64 C:/Freescale/CW MCU v10.4/MCU/ARM_GCC_Support/ewl/lib/armv6-m\libc.a(vsprintf.o)
 .debug_loc     0x00001817      0x16c C:/Freescale/CW MCU v10.4/MCU/ARM_GCC_Support/ewl/lib/armv6-m\libc.a(vsscanf.o)
 .debug_loc     0x00001983       0x3e C:/Freescale/CW MCU v10.4/MCU/ARM_GCC_Support/ewl/lib/armv6-m\libc.a(exit.o)
 .debug_loc     0x000019c1       0x6f C:/Freescale/CW MCU v10.4/MCU/ARM_GCC_Support/ewl/lib/armv6-m\libc.a(memset.o)
 .debug_loc     0x00001a30       0x64 C:/Freescale/CW MCU v10.4/MCU/ARM_GCC_Support/ewl/lib/armv6-m\libc.a(strcmp.o)
 .debug_loc     0x00001a94       0x20 C:/Freescale/CW MCU v10.4/MCU/ARM_GCC_Support/ewl/lib/armv6-m\libc.a(strcpy.o)
 .debug_loc     0x00001ab4       0x33 C:/Freescale/CW MCU v10.4/MCU/ARM_GCC_Support/ewl/lib/armv6-m\libc.a(strlen.o)
 .debug_loc     0x00001ae7     0x104b C:/Freescale/CW MCU v10.4/MCU/ARM_GCC_Support/ewl/lib/armv6-m\libc.a(printformat_.o)
 .debug_loc     0x00002b32      0x9d8 C:/Freescale/CW MCU v10.4/MCU/ARM_GCC_Support/ewl/lib/armv6-m\libc.a(scanformat_.o)
 .debug_loc     0x0000350a      0x30d C:/Freescale/CW MCU v10.4/MCU/ARM_GCC_Support/ewl/lib/armv6-m\libc.a(ctype_aeabi.o)
 .debug_loc     0x00003817      0x105 C:/Freescale/CW MCU v10.4/MCU/ARM_GCC_Support/ewl/lib/armv6-m\libc.a(vsnprintf.o)
 .debug_loc     0x0000391c      0x305 C:/Freescale/CW MCU v10.4/MCU/ARM_GCC_Support/ewl/lib/armv6-m\libc.a(__strtoul.o)
 .debug_loc     0x00003c21      0x14a C:/Freescale/CW MCU v10.4/MCU/ARM_GCC_Support/ewl/lib/armv6-m\libc.a(__filll_mem.o)
 .debug_loc     0x00003d6b       0x77 C:/Freescale/CW MCU v10.4/MCU/ARM_GCC_Support/ewl/lib/armv6-m\libc.a(memchr.o)
 .debug_loc     0x00003de2       0x59 C:/Freescale/CW MCU v10.4/MCU/ARM_GCC_Support/ewl/lib/armv6-m\libc.a(memcpy.o)
 .debug_loc     0x00003e3b       0xaf C:/Freescale/CW MCU v10.4/MCU/ARM_GCC_Support/ewl/lib/armv6-m\libc.a(strchr.o)
 .debug_loc     0x00003eea       0x9d C:/Freescale/CW MCU v10.4/MCU/ARM_GCC_Support/ewl/lib/armv6-m\librt.a(gcc_ctor_dtor.o)
 .debug_loc     0x00003f87       0xd9 C:/Freescale/CW MCU v10.4/MCU/ARM_GCC_Support/ewl/lib/armv6-m\librt.a(ROMCopy.o)
 .debug_loc     0x00004060      0x197 C:/Freescale/CW MCU v10.4/MCU/ARM_GCC_Support/ewl/lib/armv6-m\librt.a(__arm_eabi_init.o)

.debug_aranges  0x00000000      0x988
 .debug_aranges
                0x00000000       0x28 ./Project_Settings/Startup_Code/kinetis_sysinit.o
 .debug_aranges
                0x00000028       0x30 ./Project_Settings/Startup_Code/__arm_start.o
 .debug_aranges
                0x00000058       0x20 ./Project_Settings/Startup_Code/__arm_end.o
 .debug_aranges
                0x00000078       0x68 ./Sources/APP/Tasks.o
 .debug_aranges
                0x000000e0       0x18 ./Sources/APP/Coeficientes.o
 .debug_aranges
                0x000000f8       0x50 ./Sources/SDL/UART.o
 .debug_aranges
                0x00000148       0x68 ./Sources/SDL/Terminal.o
 .debug_aranges
                0x000001b0       0x38 ./Sources/SDL/Servo.o
 .debug_aranges
                0x000001e8       0x50 ./Sources/SDL/Queue.o
 .debug_aranges
                0x00000238       0x28 ./Sources/SDL/Potentiometer.o
 .debug_aranges
                0x00000260       0x28 ./Sources/SDL/Motor.o
 .debug_aranges
                0x00000288       0x48 ./Sources/SDL/MMA8451.o
 .debug_aranges
                0x000002d0       0x28 ./Sources/SDL/LineScanCamera.o
 .debug_aranges
                0x000002f8       0x20 ./Sources/SDL/Led_RGB.o
 .debug_aranges
                0x00000318       0xa0 ./Sources/SDL/I2C.o
 .debug_aranges
                0x000003b8       0x38 ./Sources/SDL/BoardSupport.o
 .debug_aranges
                0x000003f0       0x50 ./Sources/SDL/ADC.o
 .debug_aranges
                0x00000440       0x20 ./Sources/Scheduler/Core/Core_Tick_ISR.o
 .debug_aranges
                0x00000460       0x18 ./Sources/Scheduler/Core/Core_Config.o
 .debug_aranges
                0x00000478       0x28 ./Sources/Scheduler/Core/Core.o
 .debug_aranges
                0x000004a0       0x60 ./Sources/Scheduler/PeriodicTasks/Periodic_Tasks_Init.o
 .debug_aranges
                0x00000500       0x50 ./Sources/Scheduler/PeriodicTasks/Periodic_Tasks.o
 .debug_aranges
                0x00000550       0x48 ./Sources/mcl/arm_cm0.o
 .debug_aranges
                0x00000598       0x28 ./Sources/mcl/CrystalClock.o
 .debug_aranges
                0x000005c0       0x20 ./Sources/mcl/ARM_SysTick.o
 .debug_aranges
                0x000005e0       0x30 ./Sources/main.o
 .debug_aranges
                0x00000610       0x28 ./Sources/TFC.o
 .debug_aranges
                0x00000638       0x20 C:/Freescale/CW MCU v10.4/MCU/ARM_GCC_Support/ewl/lib/armv6-m\libc.a(sscanf.o)
 .debug_aranges
                0x00000658       0x20 C:/Freescale/CW MCU v10.4/MCU/ARM_GCC_Support/ewl/lib/armv6-m\libc.a(vsprintf.o)
 .debug_aranges
                0x00000678       0x28 C:/Freescale/CW MCU v10.4/MCU/ARM_GCC_Support/ewl/lib/armv6-m\libc.a(vsscanf.o)
 .debug_aranges
                0x000006a0       0x20 C:/Freescale/CW MCU v10.4/MCU/ARM_GCC_Support/ewl/lib/armv6-m\libc.a(exit.o)
 .debug_aranges
                0x000006c0       0x20 C:/Freescale/CW MCU v10.4/MCU/ARM_GCC_Support/ewl/lib/armv6-m\libc.a(memset.o)
 .debug_aranges
                0x000006e0       0x20 C:/Freescale/CW MCU v10.4/MCU/ARM_GCC_Support/ewl/lib/armv6-m\libc.a(strcmp.o)
 .debug_aranges
                0x00000700       0x20 C:/Freescale/CW MCU v10.4/MCU/ARM_GCC_Support/ewl/lib/armv6-m\libc.a(strcpy.o)
 .debug_aranges
                0x00000720       0x20 C:/Freescale/CW MCU v10.4/MCU/ARM_GCC_Support/ewl/lib/armv6-m\libc.a(strlen.o)
 .debug_aranges
                0x00000740       0x28 C:/Freescale/CW MCU v10.4/MCU/ARM_GCC_Support/ewl/lib/armv6-m\libc.a(printformat_.o)
 .debug_aranges
                0x00000768       0x20 C:/Freescale/CW MCU v10.4/MCU/ARM_GCC_Support/ewl/lib/armv6-m\libc.a(scanformat_.o)
 .debug_aranges
                0x00000788       0x88 C:/Freescale/CW MCU v10.4/MCU/ARM_GCC_Support/ewl/lib/armv6-m\libc.a(ctype_aeabi.o)
 .debug_aranges
                0x00000810       0x28 C:/Freescale/CW MCU v10.4/MCU/ARM_GCC_Support/ewl/lib/armv6-m\libc.a(vsnprintf.o)
 .debug_aranges
                0x00000838       0x20 C:/Freescale/CW MCU v10.4/MCU/ARM_GCC_Support/ewl/lib/armv6-m\libc.a(__strtoul.o)
 .debug_aranges
                0x00000858       0x20 C:/Freescale/CW MCU v10.4/MCU/ARM_GCC_Support/ewl/lib/armv6-m\libc.a(__filll_mem.o)
 .debug_aranges
                0x00000878       0x20 C:/Freescale/CW MCU v10.4/MCU/ARM_GCC_Support/ewl/lib/armv6-m\libc.a(memchr.o)
 .debug_aranges
                0x00000898       0x20 C:/Freescale/CW MCU v10.4/MCU/ARM_GCC_Support/ewl/lib/armv6-m\libc.a(memcpy.o)
 .debug_aranges
                0x000008b8       0x20 C:/Freescale/CW MCU v10.4/MCU/ARM_GCC_Support/ewl/lib/armv6-m\libc.a(strchr.o)
 .debug_aranges
                0x000008d8       0x28 C:/Freescale/CW MCU v10.4/MCU/ARM_GCC_Support/ewl/lib/armv6-m\librt.a(gcc_ctor_dtor.o)
 .debug_aranges
                0x00000900       0x30 C:/Freescale/CW MCU v10.4/MCU/ARM_GCC_Support/ewl/lib/armv6-m\librt.a(ROMCopy.o)
 .debug_aranges
                0x00000930       0x58 C:/Freescale/CW MCU v10.4/MCU/ARM_GCC_Support/ewl/lib/armv6-m\librt.a(__arm_eabi_init.o)

.debug_macinfo  0x00000000   0x37f2f7
 .debug_macinfo
                0x00000000    0x264b5 ./Project_Settings/Startup_Code/kinetis_sysinit.o
 .debug_macinfo
                0x000264b5     0x3e6d ./Project_Settings/Startup_Code/__arm_start.o
 .debug_macinfo
                0x0002a322     0x3456 ./Project_Settings/Startup_Code/__arm_end.o
 .debug_macinfo
                0x0002d778    0x28350 ./Sources/APP/Tasks.o
 .debug_macinfo
                0x00055ac8    0x28332 ./Sources/APP/Coeficientes.o
 .debug_macinfo
                0x0007ddfa    0x28332 ./Sources/SDL/UART.o
 .debug_macinfo
                0x000a612c    0x283c6 ./Sources/SDL/Terminal.o
 .debug_macinfo
                0x000ce4f2    0x28426 ./Sources/SDL/Servo.o
 .debug_macinfo
                0x000f6918    0x28332 ./Sources/SDL/Queue.o
 .debug_macinfo
                0x0011ec4a    0x28332 ./Sources/SDL/Potentiometer.o
 .debug_macinfo
                0x00146f7c    0x283df ./Sources/SDL/Motor.o
 .debug_macinfo
                0x0016f35b    0x28332 ./Sources/SDL/MMA8451.o
 .debug_macinfo
                0x0019768d    0x28332 ./Sources/SDL/LineScanCamera.o
 .debug_macinfo
                0x001bf9bf    0x28332 ./Sources/SDL/Led_RGB.o
 .debug_macinfo
                0x001e7cf1    0x28332 ./Sources/SDL/I2C.o
 .debug_macinfo
                0x00210023    0x28371 ./Sources/SDL/BoardSupport.o
 .debug_macinfo
                0x00238394    0x283c1 ./Sources/SDL/ADC.o
 .debug_macinfo
                0x00260755     0x255a ./Sources/Scheduler/Core/Core_Tick_ISR.o
 .debug_macinfo
                0x00262caf     0x263c ./Sources/Scheduler/Core/Core_Config.o
 .debug_macinfo
                0x002652eb     0x2621 ./Sources/Scheduler/Core/Core.o
 .debug_macinfo
                0x0026790c    0x2836f ./Sources/Scheduler/PeriodicTasks/Periodic_Tasks_Init.o
 .debug_macinfo
                0x0028fc7b    0x2836f ./Sources/Scheduler/PeriodicTasks/Periodic_Tasks.o
 .debug_macinfo
                0x002b7fea    0x2652c ./Sources/mcl/arm_cm0.o
 .debug_macinfo
                0x002de516    0x28428 ./Sources/mcl/CrystalClock.o
 .debug_macinfo
                0x0030693e    0x2833a ./Sources/mcl/ARM_SysTick.o
 .debug_macinfo
                0x0032ec78    0x2834d ./Sources/main.o
 .debug_macinfo
                0x00356fc5    0x28332 ./Sources/TFC.o

.debug_line     0x00000000     0x84c5
 .debug_line    0x00000000      0x23e ./Project_Settings/Startup_Code/kinetis_sysinit.o
 .debug_line    0x0000023e      0x2c1 ./Project_Settings/Startup_Code/__arm_start.o
 .debug_line    0x000004ff      0x266 ./Project_Settings/Startup_Code/__arm_end.o
 .debug_line    0x00000765      0x614 ./Sources/APP/Tasks.o
 .debug_line    0x00000d79      0x46c ./Sources/APP/Coeficientes.o
 .debug_line    0x000011e5      0x536 ./Sources/SDL/UART.o
 .debug_line    0x0000171b      0x5a4 ./Sources/SDL/Terminal.o
 .debug_line    0x00001cbf      0x4da ./Sources/SDL/Servo.o
 .debug_line    0x00002199      0x518 ./Sources/SDL/Queue.o
 .debug_line    0x000026b1      0x493 ./Sources/SDL/Potentiometer.o
 .debug_line    0x00002b44      0x4ae ./Sources/SDL/Motor.o
 .debug_line    0x00002ff2      0x506 ./Sources/SDL/MMA8451.o
 .debug_line    0x000034f8      0x49f ./Sources/SDL/LineScanCamera.o
 .debug_line    0x00003997      0x483 ./Sources/SDL/Led_RGB.o
 .debug_line    0x00003e1a      0x591 ./Sources/SDL/I2C.o
 .debug_line    0x000043ab      0x4f5 ./Sources/SDL/BoardSupport.o
 .debug_line    0x000048a0      0x57c ./Sources/SDL/ADC.o
 .debug_line    0x00004e1c       0xee ./Sources/Scheduler/Core/Core_Tick_ISR.o
 .debug_line    0x00004f0a      0x131 ./Sources/Scheduler/Core/Core_Config.o
 .debug_line    0x0000503b      0x12d ./Sources/Scheduler/Core/Core.o
 .debug_line    0x00005168      0x5d6 ./Sources/Scheduler/PeriodicTasks/Periodic_Tasks_Init.o
 .debug_line    0x0000573e      0x5e5 ./Sources/Scheduler/PeriodicTasks/Periodic_Tasks.o
 .debug_line    0x00005d23      0x274 ./Sources/mcl/arm_cm0.o
 .debug_line    0x00005f97      0x52d ./Sources/mcl/CrystalClock.o
 .debug_line    0x000064c4      0x47d ./Sources/mcl/ARM_SysTick.o
 .debug_line    0x00006941      0x48d ./Sources/main.o
 .debug_line    0x00006dce      0x459 ./Sources/TFC.o
 .debug_line    0x00007227       0x92 C:/Freescale/CW MCU v10.4/MCU/ARM_GCC_Support/ewl/lib/armv6-m\libc.a(sscanf.o)
 .debug_line    0x000072b9       0x94 C:/Freescale/CW MCU v10.4/MCU/ARM_GCC_Support/ewl/lib/armv6-m\libc.a(vsprintf.o)
 .debug_line    0x0000734d       0xc8 C:/Freescale/CW MCU v10.4/MCU/ARM_GCC_Support/ewl/lib/armv6-m\libc.a(vsscanf.o)
 .debug_line    0x00007415       0x8d C:/Freescale/CW MCU v10.4/MCU/ARM_GCC_Support/ewl/lib/armv6-m\libc.a(exit.o)
 .debug_line    0x000074a2       0x90 C:/Freescale/CW MCU v10.4/MCU/ARM_GCC_Support/ewl/lib/armv6-m\libc.a(memset.o)
 .debug_line    0x00007532       0x83 C:/Freescale/CW MCU v10.4/MCU/ARM_GCC_Support/ewl/lib/armv6-m\libc.a(strcmp.o)
 .debug_line    0x000075b5       0x7d C:/Freescale/CW MCU v10.4/MCU/ARM_GCC_Support/ewl/lib/armv6-m\libc.a(strcpy.o)
 .debug_line    0x00007632       0x85 C:/Freescale/CW MCU v10.4/MCU/ARM_GCC_Support/ewl/lib/armv6-m\libc.a(strlen.o)
 .debug_line    0x000076b7      0x2c3 C:/Freescale/CW MCU v10.4/MCU/ARM_GCC_Support/ewl/lib/armv6-m\libc.a(printformat_.o)
 .debug_line    0x0000797a      0x2be C:/Freescale/CW MCU v10.4/MCU/ARM_GCC_Support/ewl/lib/armv6-m\libc.a(scanformat_.o)
 .debug_line    0x00007c38      0x1be C:/Freescale/CW MCU v10.4/MCU/ARM_GCC_Support/ewl/lib/armv6-m\libc.a(ctype_aeabi.o)
 .debug_line    0x00007df6       0xd4 C:/Freescale/CW MCU v10.4/MCU/ARM_GCC_Support/ewl/lib/armv6-m\libc.a(vsnprintf.o)
 .debug_line    0x00007eca      0x11e C:/Freescale/CW MCU v10.4/MCU/ARM_GCC_Support/ewl/lib/armv6-m\libc.a(__strtoul.o)
 .debug_line    0x00007fe8       0xf6 C:/Freescale/CW MCU v10.4/MCU/ARM_GCC_Support/ewl/lib/armv6-m\libc.a(__filll_mem.o)
 .debug_line    0x000080de       0x9f C:/Freescale/CW MCU v10.4/MCU/ARM_GCC_Support/ewl/lib/armv6-m\libc.a(memchr.o)
 .debug_line    0x0000817d       0x8b C:/Freescale/CW MCU v10.4/MCU/ARM_GCC_Support/ewl/lib/armv6-m\libc.a(memcpy.o)
 .debug_line    0x00008208       0x7d C:/Freescale/CW MCU v10.4/MCU/ARM_GCC_Support/ewl/lib/armv6-m\libc.a(strchr.o)
 .debug_line    0x00008285       0x6c C:/Freescale/CW MCU v10.4/MCU/ARM_GCC_Support/ewl/lib/armv6-m\librt.a(gcc_ctor_dtor.o)
 .debug_line    0x000082f1       0xbd C:/Freescale/CW MCU v10.4/MCU/ARM_GCC_Support/ewl/lib/armv6-m\librt.a(ROMCopy.o)
 .debug_line    0x000083ae      0x117 C:/Freescale/CW MCU v10.4/MCU/ARM_GCC_Support/ewl/lib/armv6-m\librt.a(__arm_eabi_init.o)

.debug_str      0x00000000     0x22f2
 .debug_str     0x00000000      0x2bf ./Project_Settings/Startup_Code/kinetis_sysinit.o
                                0x2e6 (size before relaxing)
 .debug_str     0x000002bf       0x85 ./Project_Settings/Startup_Code/__arm_start.o
                                0x1c0 (size before relaxing)
 .debug_str     0x00000344       0x41 ./Project_Settings/Startup_Code/__arm_end.o
                                 0xf7 (size before relaxing)
 .debug_str     0x00000385      0x243 ./Sources/APP/Tasks.o
                                0x3af (size before relaxing)
 .debug_str     0x000005c8       0x1e ./Sources/APP/Coeficientes.o
                                0x196 (size before relaxing)
 .debug_str     0x000005e6      0x3e1 ./Sources/SDL/UART.o
                                0x672 (size before relaxing)
 .debug_str     0x000009c7      0x19d ./Sources/SDL/Terminal.o
                                0x3a9 (size before relaxing)
 .debug_str     0x00000b64       0xb5 ./Sources/SDL/Servo.o
                                0x55b (size before relaxing)
 .debug_str     0x00000c19       0xa0 ./Sources/SDL/Queue.o
                                0x247 (size before relaxing)
 .debug_str     0x00000cb9       0x46 ./Sources/SDL/Potentiometer.o
                                0x196 (size before relaxing)
 .debug_str     0x00000cff       0x46 ./Sources/SDL/Motor.o
                                0x2e6 (size before relaxing)
 .debug_str     0x00000d45       0xe9 ./Sources/SDL/MMA8451.o
                                0x232 (size before relaxing)
 .debug_str     0x00000e2e      0x11c ./Sources/SDL/LineScanCamera.o
                                0x3ea (size before relaxing)
 .debug_str     0x00000f4a       0x26 ./Sources/SDL/Led_RGB.o
                                0x1e2 (size before relaxing)
 .debug_str     0x00000f70      0x112 ./Sources/SDL/I2C.o
                                0x39e (size before relaxing)
 .debug_str     0x00001082       0x78 ./Sources/SDL/BoardSupport.o
                                0x30f (size before relaxing)
 .debug_str     0x000010fa      0x1be ./Sources/SDL/ADC.o
                                0x783 (size before relaxing)
 .debug_str     0x000012b8       0x72 ./Sources/Scheduler/Core/Core_Tick_ISR.o
                                0x12e (size before relaxing)
 .debug_str     0x0000132a      0x13e ./Sources/Scheduler/Core/Core_Config.o
                                0x203 (size before relaxing)
 .debug_str     0x00001468       0x90 ./Sources/Scheduler/Core/Core.o
                                0x29d (size before relaxing)
 .debug_str     0x000014f8      0x14b ./Sources/Scheduler/PeriodicTasks/Periodic_Tasks_Init.o
                                0x286 (size before relaxing)
 .debug_str     0x00001643       0xeb ./Sources/Scheduler/PeriodicTasks/Periodic_Tasks.o
                                0x275 (size before relaxing)
 .debug_str     0x0000172e       0x89 ./Sources/mcl/arm_cm0.o
                                0x25c (size before relaxing)
 .debug_str     0x000017b7       0xc5 ./Sources/mcl/CrystalClock.o
                                0x21e (size before relaxing)
 .debug_str     0x0000187c       0x50 ./Sources/mcl/ARM_SysTick.o
                                0x194 (size before relaxing)
 .debug_str     0x000018cc       0x45 ./Sources/main.o
                                0x277 (size before relaxing)
 .debug_str     0x00001911       0x23 ./Sources/TFC.o
                                0x1a0 (size before relaxing)
 .debug_str     0x00001934       0x3e C:/Freescale/CW MCU v10.4/MCU/ARM_GCC_Support/ewl/lib/armv6-m\libc.a(sscanf.o)
                                0x161 (size before relaxing)
 .debug_str     0x00001972       0x25 C:/Freescale/CW MCU v10.4/MCU/ARM_GCC_Support/ewl/lib/armv6-m\libc.a(vsprintf.o)
                                0x167 (size before relaxing)
 .debug_str     0x00001997       0x9c C:/Freescale/CW MCU v10.4/MCU/ARM_GCC_Support/ewl/lib/armv6-m\libc.a(vsscanf.o)
                                0x1e5 (size before relaxing)
 .debug_str     0x00001a33       0x2e C:/Freescale/CW MCU v10.4/MCU/ARM_GCC_Support/ewl/lib/armv6-m\libc.a(exit.o)
                                0x157 (size before relaxing)
 .debug_str     0x00001a61       0x23 C:/Freescale/CW MCU v10.4/MCU/ARM_GCC_Support/ewl/lib/armv6-m\libc.a(memset.o)
                                0x140 (size before relaxing)
 .debug_str     0x00001a84       0x26 C:/Freescale/CW MCU v10.4/MCU/ARM_GCC_Support/ewl/lib/armv6-m\libc.a(strcmp.o)
                                0x152 (size before relaxing)
 .debug_str     0x00001aaa       0x1c C:/Freescale/CW MCU v10.4/MCU/ARM_GCC_Support/ewl/lib/armv6-m\libc.a(strcpy.o)
                                0x142 (size before relaxing)
 .debug_str     0x00001ac6       0x1c C:/Freescale/CW MCU v10.4/MCU/ARM_GCC_Support/ewl/lib/armv6-m\libc.a(strlen.o)
                                0x140 (size before relaxing)
 .debug_str     0x00001ae2      0x21d C:/Freescale/CW MCU v10.4/MCU/ARM_GCC_Support/ewl/lib/armv6-m\libc.a(printformat_.o)
                                0x3b3 (size before relaxing)
 .debug_str     0x00001cff      0x14b C:/Freescale/CW MCU v10.4/MCU/ARM_GCC_Support/ewl/lib/armv6-m\libc.a(scanformat_.o)
                                0x3f9 (size before relaxing)
 .debug_str     0x00001e4a       0x9d C:/Freescale/CW MCU v10.4/MCU/ARM_GCC_Support/ewl/lib/armv6-m\libc.a(ctype_aeabi.o)
                                0x1bc (size before relaxing)
 .debug_str     0x00001ee7       0x7c C:/Freescale/CW MCU v10.4/MCU/ARM_GCC_Support/ewl/lib/armv6-m\libc.a(vsnprintf.o)
                                0x1cc (size before relaxing)
 .debug_str     0x00001f63       0x61 C:/Freescale/CW MCU v10.4/MCU/ARM_GCC_Support/ewl/lib/armv6-m\libc.a(__strtoul.o)
                                0x1fb (size before relaxing)
 .debug_str     0x00001fc4       0x25 C:/Freescale/CW MCU v10.4/MCU/ARM_GCC_Support/ewl/lib/armv6-m\libc.a(__filll_mem.o)
                                0x152 (size before relaxing)
 .debug_str     0x00001fe9       0x1c C:/Freescale/CW MCU v10.4/MCU/ARM_GCC_Support/ewl/lib/armv6-m\libc.a(memchr.o)
                                0x148 (size before relaxing)
 .debug_str     0x00002005       0x1c C:/Freescale/CW MCU v10.4/MCU/ARM_GCC_Support/ewl/lib/armv6-m\libc.a(memcpy.o)
                                0x138 (size before relaxing)
 .debug_str     0x00002021       0x1c C:/Freescale/CW MCU v10.4/MCU/ARM_GCC_Support/ewl/lib/armv6-m\libc.a(strchr.o)
                                0x137 (size before relaxing)
 .debug_str     0x0000203d      0x126 C:/Freescale/CW MCU v10.4/MCU/ARM_GCC_Support/ewl/lib/armv6-m\librt.a(gcc_ctor_dtor.o)
                                0x181 (size before relaxing)
 .debug_str     0x00002163       0x9c C:/Freescale/CW MCU v10.4/MCU/ARM_GCC_Support/ewl/lib/armv6-m\librt.a(ROMCopy.o)
                                0x13c (size before relaxing)
 .debug_str     0x000021ff       0xf3 C:/Freescale/CW MCU v10.4/MCU/ARM_GCC_Support/ewl/lib/armv6-m\librt.a(__arm_eabi_init.o)
                                0x1b5 (size before relaxing)

.comment        0x00000000       0x79
 .comment       0x00000000       0x79 ./Project_Settings/Startup_Code/kinetis_sysinit.o
                                 0x7a (size before relaxing)
 .comment       0x00000000       0x7a ./Project_Settings/Startup_Code/__arm_start.o
 .comment       0x00000000       0x7a ./Project_Settings/Startup_Code/__arm_end.o
 .comment       0x00000000       0x7a ./Sources/APP/Tasks.o
 .comment       0x00000000       0x7a ./Sources/APP/Coeficientes.o
 .comment       0x00000000       0x7a ./Sources/SDL/UART.o
 .comment       0x00000000       0x7a ./Sources/SDL/Terminal.o
 .comment       0x00000000       0x7a ./Sources/SDL/Servo.o
 .comment       0x00000000       0x7a ./Sources/SDL/Queue.o
 .comment       0x00000000       0x7a ./Sources/SDL/Potentiometer.o
 .comment       0x00000000       0x7a ./Sources/SDL/Motor.o
 .comment       0x00000000       0x7a ./Sources/SDL/MMA8451.o
 .comment       0x00000000       0x7a ./Sources/SDL/LineScanCamera.o
 .comment       0x00000000       0x7a ./Sources/SDL/Led_RGB.o
 .comment       0x00000000       0x7a ./Sources/SDL/I2C.o
 .comment       0x00000000       0x7a ./Sources/SDL/BoardSupport.o
 .comment       0x00000000       0x7a ./Sources/SDL/ADC.o
 .comment       0x00000000       0x7a ./Sources/Scheduler/Core/Core_Tick_ISR.o
 .comment       0x00000000       0x7a ./Sources/Scheduler/Core/Core_Config.o
 .comment       0x00000000       0x7a ./Sources/Scheduler/Core/Core.o
 .comment       0x00000000       0x7a ./Sources/Scheduler/PeriodicTasks/Periodic_Tasks_Init.o
 .comment       0x00000000       0x7a ./Sources/Scheduler/PeriodicTasks/Periodic_Tasks.o
 .comment       0x00000000       0x7a ./Sources/mcl/arm_cm0.o
 .comment       0x00000000       0x7a ./Sources/mcl/CrystalClock.o
 .comment       0x00000000       0x7a ./Sources/mcl/ARM_SysTick.o
 .comment       0x00000000       0x7a ./Sources/main.o
 .comment       0x00000000       0x7a ./Sources/TFC.o
 .comment       0x00000000       0x7a C:/Freescale/CW MCU v10.4/MCU/ARM_GCC_Support/ewl/lib/armv6-m\libc.a(sscanf.o)
 .comment       0x00000000       0x7a C:/Freescale/CW MCU v10.4/MCU/ARM_GCC_Support/ewl/lib/armv6-m\libc.a(vsprintf.o)
 .comment       0x00000000       0x7a C:/Freescale/CW MCU v10.4/MCU/ARM_GCC_Support/ewl/lib/armv6-m\libc.a(vsscanf.o)
 .comment       0x00000000       0x7a C:/Freescale/CW MCU v10.4/MCU/ARM_GCC_Support/ewl/lib/armv6-m\libc.a(exit.o)
 .comment       0x00000000       0x7a C:/Freescale/CW MCU v10.4/MCU/ARM_GCC_Support/ewl/lib/armv6-m\libc.a(memset.o)
 .comment       0x00000000       0x7a C:/Freescale/CW MCU v10.4/MCU/ARM_GCC_Support/ewl/lib/armv6-m\libc.a(strcmp.o)
 .comment       0x00000000       0x7a C:/Freescale/CW MCU v10.4/MCU/ARM_GCC_Support/ewl/lib/armv6-m\libc.a(strcpy.o)
 .comment       0x00000000       0x7a C:/Freescale/CW MCU v10.4/MCU/ARM_GCC_Support/ewl/lib/armv6-m\libc.a(strlen.o)
 .comment       0x00000000       0x7a C:/Freescale/CW MCU v10.4/MCU/ARM_GCC_Support/ewl/lib/armv6-m\libc.a(printformat_.o)
 .comment       0x00000000       0x7a C:/Freescale/CW MCU v10.4/MCU/ARM_GCC_Support/ewl/lib/armv6-m\libc.a(scanformat_.o)
 .comment       0x00000000       0x7a C:/Freescale/CW MCU v10.4/MCU/ARM_GCC_Support/ewl/lib/armv6-m\libc.a(ctype_aeabi.o)
 .comment       0x00000000       0x7a C:/Freescale/CW MCU v10.4/MCU/ARM_GCC_Support/ewl/lib/armv6-m\libc.a(vsnprintf.o)
 .comment       0x00000000       0x7a C:/Freescale/CW MCU v10.4/MCU/ARM_GCC_Support/ewl/lib/armv6-m\libc.a(__strtoul.o)
 .comment       0x00000000       0x7a C:/Freescale/CW MCU v10.4/MCU/ARM_GCC_Support/ewl/lib/armv6-m\libc.a(__filll_mem.o)
 .comment       0x00000000       0x7a C:/Freescale/CW MCU v10.4/MCU/ARM_GCC_Support/ewl/lib/armv6-m\libc.a(memchr.o)
 .comment       0x00000000       0x7a C:/Freescale/CW MCU v10.4/MCU/ARM_GCC_Support/ewl/lib/armv6-m\libc.a(memcpy.o)
 .comment       0x00000000       0x7a C:/Freescale/CW MCU v10.4/MCU/ARM_GCC_Support/ewl/lib/armv6-m\libc.a(strchr.o)
 .comment       0x00000000       0x7a C:/Freescale/CW MCU v10.4/MCU/ARM_GCC_Support/ewl/lib/armv6-m\librt.a(gcc_ctor_dtor.o)
 .comment       0x00000000       0x7a C:/Freescale/CW MCU v10.4/MCU/ARM_GCC_Support/ewl/lib/armv6-m\librt.a(ROMCopy.o)
 .comment       0x00000000       0x7a C:/Freescale/CW MCU v10.4/MCU/ARM_GCC_Support/ewl/lib/armv6-m\librt.a(__arm_eabi_init.o)

.debug_frame    0x00000000     0x1934
 .debug_frame   0x00000000       0x48 ./Project_Settings/Startup_Code/kinetis_sysinit.o
 .debug_frame   0x00000048       0x4c ./Project_Settings/Startup_Code/__arm_start.o
 .debug_frame   0x00000094       0x30 ./Project_Settings/Startup_Code/__arm_end.o
 .debug_frame   0x000000c4      0x14c ./Sources/APP/Tasks.o
 .debug_frame   0x00000210       0xe8 ./Sources/SDL/UART.o
 .debug_frame   0x000002f8      0x148 ./Sources/SDL/Terminal.o
 .debug_frame   0x00000440       0x8c ./Sources/SDL/Servo.o
 .debug_frame   0x000004cc       0xf0 ./Sources/SDL/Queue.o
 .debug_frame   0x000005bc       0x50 ./Sources/SDL/Potentiometer.o
 .debug_frame   0x0000060c       0x50 ./Sources/SDL/Motor.o
 .debug_frame   0x0000065c       0xc8 ./Sources/SDL/MMA8451.o
 .debug_frame   0x00000724       0x4c ./Sources/SDL/LineScanCamera.o
 .debug_frame   0x00000770       0x2c ./Sources/SDL/Led_RGB.o
 .debug_frame   0x0000079c      0x230 ./Sources/SDL/I2C.o
 .debug_frame   0x000009cc       0x8c ./Sources/SDL/BoardSupport.o
 .debug_frame   0x00000a58       0xe8 ./Sources/SDL/ADC.o
 .debug_frame   0x00000b40       0x2c ./Sources/Scheduler/Core/Core_Tick_ISR.o
 .debug_frame   0x00000b6c       0x50 ./Sources/Scheduler/Core/Core.o
 .debug_frame   0x00000bbc      0x10c ./Sources/Scheduler/PeriodicTasks/Periodic_Tasks_Init.o
 .debug_frame   0x00000cc8       0xdc ./Sources/Scheduler/PeriodicTasks/Periodic_Tasks.o
 .debug_frame   0x00000da4       0xc8 ./Sources/mcl/arm_cm0.o
 .debug_frame   0x00000e6c       0x50 ./Sources/mcl/CrystalClock.o
 .debug_frame   0x00000ebc       0x2c ./Sources/mcl/ARM_SysTick.o
 .debug_frame   0x00000ee8       0x64 ./Sources/main.o
 .debug_frame   0x00000f4c       0x48 ./Sources/TFC.o
 .debug_frame   0x00000f94       0x2c C:/Freescale/CW MCU v10.4/MCU/ARM_GCC_Support/ewl/lib/armv6-m\libc.a(sscanf.o)
 .debug_frame   0x00000fc0       0x28 C:/Freescale/CW MCU v10.4/MCU/ARM_GCC_Support/ewl/lib/armv6-m\libc.a(vsprintf.o)
 .debug_frame   0x00000fe8       0x48 C:/Freescale/CW MCU v10.4/MCU/ARM_GCC_Support/ewl/lib/armv6-m\libc.a(vsscanf.o)
 .debug_frame   0x00001030       0x2c C:/Freescale/CW MCU v10.4/MCU/ARM_GCC_Support/ewl/lib/armv6-m\libc.a(exit.o)
 .debug_frame   0x0000105c       0x28 C:/Freescale/CW MCU v10.4/MCU/ARM_GCC_Support/ewl/lib/armv6-m\libc.a(memset.o)
 .debug_frame   0x00001084       0x28 C:/Freescale/CW MCU v10.4/MCU/ARM_GCC_Support/ewl/lib/armv6-m\libc.a(strcmp.o)
 .debug_frame   0x000010ac       0x28 C:/Freescale/CW MCU v10.4/MCU/ARM_GCC_Support/ewl/lib/armv6-m\libc.a(strcpy.o)
 .debug_frame   0x000010d4       0x28 C:/Freescale/CW MCU v10.4/MCU/ARM_GCC_Support/ewl/lib/armv6-m\libc.a(strlen.o)
 .debug_frame   0x000010fc       0x54 C:/Freescale/CW MCU v10.4/MCU/ARM_GCC_Support/ewl/lib/armv6-m\libc.a(printformat_.o)
 .debug_frame   0x00001150       0x34 C:/Freescale/CW MCU v10.4/MCU/ARM_GCC_Support/ewl/lib/armv6-m\libc.a(scanformat_.o)
 .debug_frame   0x00001184      0x158 C:/Freescale/CW MCU v10.4/MCU/ARM_GCC_Support/ewl/lib/armv6-m\libc.a(ctype_aeabi.o)
 .debug_frame   0x000012dc       0x4c C:/Freescale/CW MCU v10.4/MCU/ARM_GCC_Support/ewl/lib/armv6-m\libc.a(vsnprintf.o)
 .debug_frame   0x00001328       0x30 C:/Freescale/CW MCU v10.4/MCU/ARM_GCC_Support/ewl/lib/armv6-m\libc.a(__strtoul.o)
 .debug_frame   0x00001358       0x2c C:/Freescale/CW MCU v10.4/MCU/ARM_GCC_Support/ewl/lib/armv6-m\libc.a(__filll_mem.o)
 .debug_frame   0x00001384       0x28 C:/Freescale/CW MCU v10.4/MCU/ARM_GCC_Support/ewl/lib/armv6-m\libc.a(memchr.o)
 .debug_frame   0x000013ac       0x28 C:/Freescale/CW MCU v10.4/MCU/ARM_GCC_Support/ewl/lib/armv6-m\libc.a(memcpy.o)
 .debug_frame   0x000013d4       0x28 C:/Freescale/CW MCU v10.4/MCU/ARM_GCC_Support/ewl/lib/armv6-m\libc.a(strchr.o)
 .debug_frame   0x000013fc       0x20 c:/freescale/cw mcu v10.4/cross_tools/arm-none-eabi-gcc-4_7_3/bin/../lib/gcc/arm-none-eabi/4.7.3/armv6-m\libgcc.a(_udivsi3.o)
 .debug_frame   0x0000141c       0x20 c:/freescale/cw mcu v10.4/cross_tools/arm-none-eabi-gcc-4_7_3/bin/../lib/gcc/arm-none-eabi/4.7.3/armv6-m\libgcc.a(_divsi3.o)
 .debug_frame   0x0000143c       0x28 c:/freescale/cw mcu v10.4/cross_tools/arm-none-eabi-gcc-4_7_3/bin/../lib/gcc/arm-none-eabi/4.7.3/armv6-m\libgcc.a(_fixunssfsi.o)
 .debug_frame   0x00001464       0x3c c:/freescale/cw mcu v10.4/cross_tools/arm-none-eabi-gcc-4_7_3/bin/../lib/gcc/arm-none-eabi/4.7.3/armv6-m\libgcc.a(divsf3.o)
 .debug_frame   0x000014a0       0x2c c:/freescale/cw mcu v10.4/cross_tools/arm-none-eabi-gcc-4_7_3/bin/../lib/gcc/arm-none-eabi/4.7.3/armv6-m\libgcc.a(eqsf2.o)